11-30 22:38:41.019  4056  4056 W ContextImpl: Calling a method in the system process without a qualified user: android.app.ContextImpl.startService:1549 android.content.ContextWrapper.startService:664 com.oneplus.opbackup.service.BackupService.a:44 com.oneplus.opbackup.receiver.CheckUpdateReceiver.a:197 com.oneplus.opbackup.receiver.NetworkListenerService$a.onReceive:46 
11-30 22:38:41.022  1362  1379 I ActivityManager: Start proc 4159:com.oneplus.security/1000 for broadcast com.oneplus.security/.receiver.BootDataTimeReceiver
11-30 22:38:41.024  1362  4105 I BootReceiver: Copying /data/tombstones/tombstone_08 to DropBox (SYSTEM_TOMBSTONE)
11-30 22:38:41.112  1362  3580 D ActivityManager: # addPackageDependency # packageName=com.android.providers.blockednumber -> proc: ProcessRecord{27714dc 4108:android.process.acore/u0a13}
11-30 22:38:41.139  1362  3579 D CountryDetector: The first listener is added
11-30 22:38:41.163  4159  4159 W ContextImpl: Calling a method in the system process without a qualified user: android.app.ContextImpl.startService:1549 android.content.ContextWrapper.startService:664 com.oneplus.security.intercept.clean.InterceptCleanService.a:27 com.oneplus.security.SecurityApplication.a:90 com.oneplus.security.SecurityApplication.onCreate:75 
11-30 22:38:41.164  4159  4159 W ContextImpl: Calling a method in the system process without a qualified user: android.app.ContextImpl.startService:1549 android.content.ContextWrapper.startService:664 com.oneplus.security.SecureService.a:58 com.oneplus.security.SecurityApplication.a:91 com.oneplus.security.SecurityApplication.onCreate:75 
11-30 22:38:41.169  4159  4159 W ContextImpl: Calling a method in the system process without a qualified user: android.app.ContextImpl.sendBroadcast:1008 android.content.ContextWrapper.sendBroadcast:444 com.oneplus.security.view.SecurityWidgetProvider.a:94 com.oneplus.security.SecurityApplication.a:106 com.oneplus.security.SecurityApplication.onCreate:75 
11-30 22:38:41.175  4159  4159 W ContextImpl: Calling a method in the system process without a qualified user: android.app.ContextImpl.startService:1549 android.content.ContextWrapper.startService:664 android.content.ContextWrapper.startService:664 com.oneplus.security.receiver.BootDataTimeReceiver.onReceive:30 android.app.ActivityThread.handleReceiver:3517 
11-30 22:38:41.219  3520  3520 W KeyphraseEnrollmentInfo: No enrollment application supports the given keyphrase/locale: 'X Google'/de_DE
11-30 22:38:41.219  3520  3520 W KeyphraseEnrollmentInfo: No enrollment application supports the given keyphrase/locale: 'X Google'/de_DE
11-30 22:38:41.219  4159  4159 W ContextImpl: Calling a method in the system process without a qualified user: android.app.ContextImpl.sendBroadcast:1008 android.content.ContextWrapper.sendBroadcast:444 com.oneplus.security.SecureService$b.onReceive:188 android.app.LoadedApk$ReceiverDispatcher$Args.lambda$getRunnable$0:1424 android.app.-$$Lambda$LoadedApk$ReceiverDispatcher$Args$_BumDX2UKsnxLVrE6UJsJZkotuA.run:2 
11-30 22:38:41.230  3520  3520 W KeyphraseEnrollmentInfo: No enrollment application supports the given keyphrase/locale: 'X Google'/de_DE
11-30 22:38:41.230  3520  3520 W KeyphraseEnrollmentInfo: No enrollment application supports the given keyphrase/locale: 'X Google'/de_DE
11-30 22:38:41.305  3733  3733 E SchedPolicy: set_timerslack_ns write failed: Operation not permitted
11-30 22:38:41.413  1362  1362 I Telecom : DefaultDialerCache: Refreshing default dialer for user 0: now com.android.dialer: DDC.oR@AEs
11-30 22:38:41.416  1362  1362 I Telecom : MissedCallNotifierImpl: reloadAfterBootComplete: user=0: TSBCR.oR@AEw
11-30 22:38:41.417  1362  4237 V AudioMonitor: MDM,start. 
11-30 22:38:41.446  1362  1379 I ActivityManager: Start proc 4247:com.oneplus.dirac.simplemanager/u0a64 for broadcast com.oneplus.dirac.simplemanager/.BootCompletedReceiver
11-30 22:38:41.568  1362  1379 I ActivityManager: Start proc 4286:cn.oneplus.nvbackup/1000 for broadcast cn.oneplus.nvbackup/.NVBackupReceiver
11-30 22:38:41.594  3024  3076 E ActivityThread: Failed to find provider info for instantapp-dev-manager
11-30 22:38:41.612  3733  3733 E SchedPolicy: set_timerslack_ns write failed: Operation not permitted
11-30 22:38:41.628  4286  4286 W ContextImpl: Calling a method in the system process without a qualified user: android.app.ContextImpl.startService:1549 android.content.ContextWrapper.startService:664 com.qualcomm.qcrilhook.QcRilHook.<init>:154 cn.oneplus.nvbackup.OemHookManager.onCreate:39 android.app.Instrumentation.callApplicationOnCreate:1165 
11-30 22:38:41.629  4286  4286 W ContextImpl: Calling a method in the system process without a qualified user: android.app.ContextImpl.bindService:1629 android.content.ContextWrapper.bindService:698 com.qualcomm.qcrilhook.QcRilHook.<init>:156 cn.oneplus.nvbackup.OemHookManager.onCreate:39 android.app.Instrumentation.callApplicationOnCreate:1165 
11-30 22:38:41.637  4286  4286 W ContextImpl: Calling a method in the system process without a qualified user: android.app.ContextImpl.startService:1549 android.content.ContextWrapper.startService:664 android.content.ContextWrapper.startService:664 cn.oneplus.nvbackup.NVBackupReceiver.onReceive:23 android.app.ActivityThread.handleReceiver:3517 
11-30 22:38:41.656  1362  1379 I ActivityManager: Start proc 4311:cn.oneplus.photos/u0a81 for broadcast cn.oneplus.photos/.receiver.ScheduleInitReceiver
11-30 22:38:41.780  1362  1379 I ActivityManager: Start proc 4341:com.android.cellbroadcastreceiver/u0a33 for broadcast com.android.cellbroadcastreceiver/.CellBroadcastReceiver
11-30 22:38:41.867  1362  1379 I ActivityManager: Start proc 4358:com.android.contacts/u0a10 for broadcast com.android.contacts/com.oneplus.contacts.BirthdayToCalendarReceiver
11-30 22:38:42.033  1362  1379 I ActivityManager: Start proc 4380:com.oneplus.simcontacts/1001 for content provider com.oneplus.simcontacts/.provider.SimContactsProvider
11-30 22:38:42.066  1362  1379 I ActivityManager: Start proc 4400:com.android.managedprovisioning/u0a12 for broadcast com.android.managedprovisioning/.preprovisioning.BootReminder
11-30 22:38:42.141  1362  1379 I ActivityManager: Start proc 4416:com.android.mms/u0a32 for broadcast com.android.mms/.receiver.BootAndPackageReplacedReceiver
11-30 22:38:42.222  4159  4208 W ContextImpl: Calling a method in the system process without a qualified user: android.app.ContextImpl.startService:1549 android.content.ContextWrapper.startService:664 com.oneplus.security.firewall.NetworkRestrictService.a:154 com.oneplus.security.receiver.a.e:127 com.oneplus.security.SecureService$a.handleMessage:82 
11-30 22:38:42.308  1362  1379 I ActivityManager: Start proc 4439:com.android.providers.calendar/u0a11 for broadcast com.android.providers.calendar/.CalendarReceiver
11-30 22:38:42.600  1362  1379 I ActivityManager: Start proc 4463:com.android.traceur/u0a101 for broadcast com.android.traceur/.Receiver
11-30 22:38:42.623  1362  1379 I ActivityManager: Start proc 4476:net.oneplus.provider.appcategoryprovider/u0a34 for content provider net.oneplus.provider.appcategoryprovider/.AppCategoryContentProvider
11-30 22:38:42.696  1362  1379 I ActivityManager: Start proc 4493:com.android.vending/u0a28 for broadcast com.android.vending/com.google.android.finsky.boothandler.BootCompletedReceiver
11-30 22:38:42.892  1362  2688 D ConnectivityService: requestNetwork for uid/pid:10028/4493 NetworkRequest [ TRACK_DEFAULT id=17, [ Capabilities: INTERNET&NOT_RESTRICTED&TRUSTED Unwanted:  Uid: 10028] ]
11-30 22:38:43.004  1362  1362 W ContextImpl: Calling a method in the system process without a qualified user: android.app.ContextImpl.startService:1549 android.content.ContextWrapper.startService:664 android.content.ContextWrapper.startService:664 com.dsi.ant.server.AntService.startService:129 com.dsi.ant.server.startup.BootCompletedReceiver.onReceive:41 
11-30 22:38:43.017  1362  1752 V AlarmManager: Triggering alarm #0: 2 when =308407 package =android operation = null listenTag =*job.delay* flags =0x0
11-30 22:38:43.025  1362  1379 I ActivityManager: Start proc 4573:com.google.android.apps.docs/u0a103 for broadcast com.google.android.apps.docs/com.google.android.libraries.internal.growth.growthkit.inject.GrowthKitBootCompletedBroadcastReceiver
11-30 22:38:43.027  1362  1362 I TransportClient: LocalTransportService#0: Notifying [TransportManager.registerTransport()] transport = IBackupTransport
11-30 22:38:43.033  1362  3518 D BackupTransportManager: Transport android/com.android.internal.backup.LocalTransportService registered
11-30 22:38:43.033  1362  3518 D BackupManagerService: Transport android/com.android.internal.backup.LocalTransport registered 3073ms after first request (delay = 3000ms)
11-30 22:38:43.037  1362  1379 I ActivityManager: Start proc 4586:com.android.vending:download_service/u0a28 for service com.android.vending/com.google.android.finsky.ipcservers.downloadservice.DownloadServiceGrpcServerAndroidService
11-30 22:38:43.104  1362  1362 I TransportClient: D2dTransportService#1: Notifying [TransportManager.registerTransport()] transport = IBackupTransport
11-30 22:38:43.114  1362  3518 D BackupTransportManager: Transport com.google.android.gms/.backup.component.D2dTransportService registered
11-30 22:38:43.114  1362  3518 D BackupManagerService: Transport com.google.android.gms/.backup.migrate.service.D2dTransport registered 3154ms after first request (delay = 3000ms)
11-30 22:38:43.146  1362  3579 D ConnectivityService: requestNetwork for uid/pid:10028/4586 NetworkRequest [ TRACK_DEFAULT id=21, [ Capabilities: INTERNET&NOT_RESTRICTED&TRUSTED Unwanted:  Uid: 10028] ]
11-30 22:38:43.165  1362  1362 I TransportClient: BackupTransportService#2: Notifying [TransportManager.registerTransport()] transport = IBackupTransport
11-30 22:38:43.173  1362  3518 D BackupTransportManager: Transport com.google.android.gms/.backup.BackupTransportService registered
11-30 22:38:43.173  1362  3518 D BackupManagerService: Transport com.google.android.gms/.backup.BackupTransportService registered 3213ms after first request (delay = 3000ms)
11-30 22:38:43.184  1362  3518 I BackupManagerService: Found stale backup journal, scheduling
11-30 22:38:43.279  1362  3518 I chatty  : uid=1000(system) backup identical 445 lines
11-30 22:38:43.279  1362  3518 I BackupManagerService: Found stale backup journal, scheduling
11-30 22:38:43.287  1362  2779 D ConnectivityService: Returning BLOCKED NetworkInfo to uid=10103
11-30 22:38:43.292  1362  3518 I BackupManagerService: Found stale backup journal, scheduling
11-30 22:38:43.362  1362  3518 I chatty  : uid=1000(system) backup identical 373 lines
11-30 22:38:43.362  1362  3518 I BackupManagerService: Found stale backup journal, scheduling
11-30 22:38:43.450  1362  1379 I ActivityManager: Start proc 4693:com.google.android.apps.maps/u0a70 for broadcast com.google.android.apps.maps/com.google.android.apps.gmm.navigation.service.detection.StartDetectionReceiver
11-30 22:38:43.579  1362  4237 V AudioMonitor: MDM,stop. 
11-30 22:38:43.580  1362  4237 V AudioMonitor: MDM,stop. clear
11-30 22:38:43.580  1362  4237 V AudioMonitor: MDM,stop. 
11-30 22:38:43.581  1362  4237 V AudioMonitor: MDM,stop. clear
11-30 22:38:43.582  1362  4237 V AudioMonitor: MDM,stop. 
11-30 22:38:43.582  1362  4237 V AudioMonitor: MDM,stop. clear
11-30 22:38:43.676  1362  2779 D ConnectivityService: Returning BLOCKED NetworkInfo to uid=10070
11-30 22:38:43.732  1362  2688 D ConnectivityService: requestNetwork for uid/pid:10070/4693 NetworkRequest [ TRACK_DEFAULT id=22, [ Capabilities: INTERNET&NOT_RESTRICTED&TRUSTED Unwanted:  Uid: 10070] ]
11-30 22:38:43.850  1362  1405 D AutomaticBrightnessController: setAmbientLux(10.0)
11-30 22:38:43.850  1362  1405 D AutomaticBrightnessController: updateAutoBrightness: value=0.10930676, mScreenAutoBrightness=14, newScreenAutoBrightness=28
11-30 22:38:43.850  1362  1405 I DisplayPowerController: useProximityForceSuspend = false
11-30 22:38:43.850  1362  1405 D RestartProcessManager: Screen off is false
11-30 22:38:43.853  1362  1405 I DisplayPowerController: useProximityForceSuspend = false
11-30 22:38:43.853  1362  1405 D RestartProcessManager: Screen off is false
11-30 22:38:43.855  1362  1362 V SettingsProvider: Notifying for 0: content://settings/system/screen_brightness
11-30 22:38:44.057  1362  1405 I DisplayPowerController: useProximityForceSuspend = false
11-30 22:38:44.057  1362  1405 D RestartProcessManager: Screen off is false
11-30 22:38:44.102  1362  1379 I ActivityManager: Start proc 4756:com.google.android.apps.tachyon/u0a72 for broadcast com.google.android.apps.tachyon/.common.applifecycle.BootReceiver
11-30 22:38:44.206  1362  1379 I ActivityManager: Start proc 4771:com.safetyio.DeviceConfig/u0a116 for embryo com.safetyio.DeviceConfig
11-30 22:38:45.070  1362  1752 V AlarmManager: Triggering alarm #0: 2 when =311426 package =android operation = null listenTag =*job.delay* flags =0x0
11-30 22:38:45.212  1362  1379 I ActivityManager: Start proc 4840:com.oneplus.gallery/u0a46 for embryo com.oneplus.gallery
11-30 22:38:45.440  1362  1405 D AutomaticBrightnessController: setAmbientLux(10.0)
11-30 22:38:46.021  4056  4056 W ContextImpl: Calling a method in the system process without a qualified user: android.app.ContextImpl.startService:1549 android.content.ContextWrapper.startService:664 android.content.ContextWrapper.startService:664 com.oneplus.opbackup.receiver.CheckUpdateReceiver.b:212 com.oneplus.opbackup.receiver.CheckUpdateReceiver$4.run:153 
11-30 22:38:46.214  1362  1379 I ActivityManager: Start proc 4863:com.safetyio.configuration/u0a120 for embryo com.safetyio.configuration
11-30 22:38:46.298  1362  1981 D ActivityManager: # addPackageDependency # packageName=com.google.android.gms -> proc: ProcessRecord{24c4637 4573:com.google.android.apps.docs/u0a103}
11-30 22:38:46.372  1362  2688 D ConnectivityService: requestNetwork for uid/pid:10072/4756 NetworkRequest [ TRACK_DEFAULT id=24, [ Capabilities: INTERNET&NOT_RESTRICTED&TRUSTED Unwanted:  Uid: 10072] ]
11-30 22:38:46.389  1362  1379 I ActivityManager: Start proc 4890:com.google.android.apps.turbo/u0a8 for broadcast com.google.android.apps.turbo/.nudges.battery.ServiceManagerReceiver
11-30 22:38:46.522  1362  1379 I ActivityManager: Start proc 4921:com.google.android.apps.turbo:aab/u0a8 for broadcast com.google.android.apps.turbo/com.google.android.libraries.smartbattery.appusage.library.BootReceiver
11-30 22:38:46.673  1362  1379 I ActivityManager: Start proc 4956:com.google.android.apps.turbo:ssb/u0a8 for broadcast com.google.android.apps.turbo/com.google.android.libraries.smartbattery.brightness.library.BootReceiver
11-30 22:38:46.708  1362  1402 I EntropyMixer: Writing entropy...
11-30 22:38:46.719  1362  4970 D VibratorService: vibrate from 'android', usageHint = 0
11-30 22:38:46.734  1362  4970 D VibratorService: startTime: 30.11.2020, 22:38:46, effect: Waveform{mTimings=[0, 10, 150, 12], mAmplitudes=[0, 255, 0, 255], mRepeat=-1}, originalEffect: Waveform{mTimings=[0, 10, 150, 12], mAmplitudes=[0, -1, 0, -1], mRepeat=-1}, usageHint: 0, uid: 1000, opPkg: android
11-30 22:38:46.773  1362  1362 V AudioMonitor: MDM,stop. 
11-30 22:38:46.773  1362  1362 V AudioMonitor: MDM,stop. clear
11-30 22:38:46.775  1362  1362 V AudioMonitor: MDM,stop. 
11-30 22:38:46.776  1362  1362 V AudioMonitor: MDM,stop. clear
11-30 22:38:46.792  1362  1379 I ActivityManager: Start proc 4992:net.oneplus.odm.provider/u0a44 for content provider net.oneplus.odm.provider/.PayloadProvider
11-30 22:38:46.797  1362  3579 V AudioMonitor: MDM,stop. 
11-30 22:38:46.798  1362  3579 V AudioMonitor: MDM,stop. clear
11-30 22:38:46.809  1362  1377 E OHPD    : [BgDetect] AppForkedProc kworker/u16:0 pid 6 uid 0 can't find pkgName
11-30 22:38:46.809  1362  1377 E OHPD    : [BgDetect] AppForkedProc rcuos/0 pid 11 uid 0 can't find pkgName
11-30 22:38:46.809  1362  1377 E OHPD    : [BgDetect] AppForkedProc migration/0 pid 13 uid 0 can't find pkgName
11-30 22:38:46.809  1362  1377 E OHPD    : [BgDetect] AppForkedProc migration/1 pid 14 uid 0 can't find pkgName
11-30 22:38:46.809  1362  1377 E OHPD    : [BgDetect] AppForkedProc ksoftirqd/1 pid 15 uid 0 can't find pkgName
11-30 22:38:46.809  1362  1377 E OHPD    : [BgDetect] AppForkedProc migration/2 pid 21 uid 0 can't find pkgName
11-30 22:38:46.809  1362  1377 E OHPD    : [BgDetect] AppForkedProc rcuos/2 pid 26 uid 0 can't find pkgName
11-30 22:38:46.809  1362  1377 E OHPD    : [BgDetect] AppForkedProc migration/3 pid 28 uid 0 can't find pkgName
11-30 22:38:46.809  1362  1377 E OHPD    : [BgDetect] AppForkedProc migration/4 pid 35 uid 0 can't find pkgName
11-30 22:38:46.809  1362  1377 E OHPD    : [BgDetect] AppForkedProc migration/6 pid 49 uid 0 can't find pkgName
11-30 22:38:46.809  1362  1377 E OHPD    : [BgDetect] AppForkedProc migration/7 pid 56 uid 0 can't find pkgName
11-30 22:38:46.809  1362  1377 E OHPD    : [BgDetect] AppForkedProc kworker/u16:3 pid 341 uid 0 can't find pkgName
11-30 22:38:46.809  1362  1377 E OHPD    : [BgDetect] AppForkedProc irq/706-ima-rdy pid 498 uid 0 can't find pkgName
11-30 22:38:46.809  1362  1377 E OHPD    : [BgDetect] AppForkedProc irq/289-synapti pid 560 uid 0 can't find pkgName
11-30 22:38:46.809  1362  1377 E OHPD    : [BgDetect] AppForkedProc kworker/1:1H pid 574 uid 0 can't find pkgName
11-30 22:38:46.809  1362  1377 E OHPD    : [BgDetect] AppForkedProc kworker/6:1H pid 601 uid 0 can't find pkgName
11-30 22:38:46.809  1362  1377 E OHPD    : [BgDetect] AppForkedProc kworker/3:1H pid 758 uid 0 can't find pkgName
11-30 22:38:46.809  1362  1377 E OHPD    : [BgDetect] AppForkedProc kworker/2:1H pid 819 uid 0 can't find pkgName
11-30 22:38:46.809  1362  1377 E OHPD    : [BgDetect] AppForkedProc adsprpcd pid 893 uid 1013 can't find pkgName
11-30 22:38:46.809  1362  1377 E OHPD    : [BgDetect] AppForkedProc keystore pid 904 uid 1017 can't find pkgName
11-30 22:38:46.809  1362  1377 E OHPD    : [BgDetect] AppForkedProc storaged pid 916 uid 0 can't find pkgName
11-30 22:38:46.809  1362  1377 E OHPD    : [BgDetect] AppForkedProc irq/40-1008000. pid 3189 uid 0 can't find pkgName
11-30 22:38:46.809  1362  1377 E OHPD    : [BgDetect] AppForkedProc kworker/1:5 pid 3348 uid 0 can't find pkgName
11-30 22:38:46.809  1362  1377 E OHPD    : [BgDetect] AppForkedProc kworker/3:4 pid 3447 uid 0 can't find pkgName
11-30 22:38:46.809  1362  1377 E OHPD    : [BgDetect] AppForkedProc kworker/u16:14 pid 3464 uid 0 can't find pkgName
11-30 22:38:46.809  1362  1377 E OHPD    : [BgDetect] AppForkedProc kworker/2:5 pid 3487 uid 0 can't find pkgName
11-30 22:38:46.810  1362  1377 E OHPD    : [BgDetect] AppForkedProc kworker/2:7 pid 3489 uid 0 can't find pkgName
11-30 22:38:46.841  1362  1379 I ActivityManager: Start proc 5011:com.google.android.calendar/u0a94 for broadcast com.google.android.calendar/com.google.android.apps.calendar.sync.SyncOnUnlockReceiver
11-30 22:38:46.881  1362  1766 V UsbDeviceManager: USB UEVENT: {SUBSYSTEM=android_usb, SEQNUM=4837, ACTION=change, USB_STATE=CONNECTED, DEVPATH=/devices/virtual/android_usb/android0}
11-30 22:38:46.883  1362  1401 D UsbDeviceManager: push notification:Gert wird ber USB aufgeladen
11-30 22:38:46.884  1362  1401 D UsbDeviceManager: broadcasting Intent { act=android.hardware.usb.action.USB_STATE flg=0x31000000 (has extras) } extras: Bundle[{host_connected=false, connected=true, unlocked=false, adb=true, configured=false}]
11-30 22:38:46.952  1362  1766 V UsbDeviceManager: USB UEVENT: {SUBSYSTEM=android_usb, SEQNUM=4838, ACTION=change, USB_STATE=CONFIGURED, DEVPATH=/devices/virtual/android_usb/android0}
11-30 22:38:46.952  1362  1401 D UsbDeviceManager: broadcasting Intent { act=android.hardware.usb.action.USB_STATE flg=0x31000000 (has extras) } extras: Bundle[{host_connected=false, connected=true, unlocked=false, adb=true, configured=true}]
11-30 22:38:47.205  1362  1379 I ActivityManager: Start proc 5101:com.oneplus.filemanager/1000 for embryo com.oneplus.filemanager
11-30 22:38:47.278  1362  1379 I ActivityManager: Start proc 5116:com.google.android.configupdater/u0a52 for broadcast com.google.android.configupdater/.MainReceiver
11-30 22:38:47.381  1362  1752 V AlarmManager: Triggering alarm #0: 2 when =313737 package =com.android.providers.calendar operation =*walarm*:com.android.providers.calendar.intent.CalendarProvider2 flags =0x1
11-30 22:38:47.402  1362  1379 I ActivityManager: Start proc 5153:com.google.android.gm/u0a98 for broadcast com.google.android.gm/.GoogleMailDeviceStartupReceiver
11-30 22:38:47.707  1362  1752 V AlarmManager: Triggering alarm #0: 2 when =314061 package =android operation = null listenTag =*job.delay* flags =0x0
11-30 22:38:47.762  1362  2779 W ActivityManager: Unable to start service Intent { cmp=com.google.android.gm/com.android.email.service.AttachmentService } U=0: not found
11-30 22:38:47.771  1362  1752 V AlarmManager: Triggering alarm #0: 2 when =314126 package =android operation = null listenTag =*job.delay* flags =0x0
11-30 22:38:47.880  1362  1379 I ActivityManager: Start proc 5230:com.android.chrome/u0a95 for service com.android.chrome/org.chromium.chrome.browser.customtabs.CustomTabsConnectionService
11-30 22:38:47.956  1362  1379 I ActivityManager: Start proc 5255:com.google.android.onetimeinitializer/u0a31 for broadcast com.google.android.onetimeinitializer/.OneTimeInitializerReceiver
11-30 22:38:48.041  1362  1379 I ActivityManager: Start proc 5275:com.google.android.packageinstaller/u0a53 for broadcast com.google.android.packageinstaller/com.android.packageinstaller.TemporaryFileManager
11-30 22:38:48.157  1362  1379 I ActivityManager: Start proc 5296:com.google.android.partnersetup/u0a20 for broadcast com.google.android.partnersetup/.GooglePartnerSetup
11-30 22:38:48.215  1362  1379 I ActivityManager: Start proc 5313:com.example.android.basictransition/u0a113 for embryo com.example.android.basictransition
11-30 22:38:48.299  3733  3733 E SchedPolicy: set_timerslack_ns write failed: Operation not permitted
11-30 22:38:48.375  1362  1379 I ActivityManager: Start proc 5334:com.google.process.gapps/u0a66 for broadcast com.google.android.syncadapters.contacts/.ContactsSyncAdapterBroadcastReceiver
11-30 22:38:48.461  1362  3559 I ActivityManager: Killing 3170:com.qualcomm.qti.poweroffalarm/1000 (adj 906): empty #31
11-30 22:38:48.467  1362  1379 I ActivityManager: Start proc 5352:com.google.android.videos/u0a89 for broadcast com.google.android.videos/androidx.work.impl.background.systemalarm.RescheduleReceiver
11-30 22:38:48.722  1362  2965 D ConnectivityService: Returning BLOCKED NetworkInfo to uid=10089
11-30 22:38:48.780  1362  3559 I ActivityManager: Killing 3470:com.qualcomm.timeservice/u0a104 (adj 906): empty #31
11-30 22:38:48.792  1362  1379 I ActivityManager: Start proc 5404:com.google.android.youtube/u0a76 for broadcast com.google.android.youtube/com.google.android.libraries.youtube.mdx.background.MdxBackgroundScanBootReceiver
11-30 22:38:48.840  1362  1362 V SettingsProvider: Notifying for 0: content://settings/global/text_classifier_constants
11-30 22:38:48.912  1362  1362 V SettingsProvider: Notifying for 0: content://settings/global/Phenotype_boot_count
11-30 22:38:49.036  1362  3559 D ConnectivityService: Returning BLOCKED NetworkInfo to uid=10076
11-30 22:38:49.064  1362  3559 D ConnectivityService: requestNetwork for uid/pid:10076/5404 NetworkRequest [ TRACK_DEFAULT id=25, [ Capabilities: INTERNET&NOT_RESTRICTED&TRUSTED Unwanted:  Uid: 10076] ]
11-30 22:38:49.164  1362  1379 I ActivityManager: Start proc 5540:com.google.android.gms.ui/u0a17 for service com.google.android.gms/.chimera.UiIntentOperationService
11-30 22:38:49.208  1362  3564 D ConnectivityService: requestNetwork for uid/pid:10076/5404 NetworkRequest [ TRACK_DEFAULT id=27, [ Capabilities: INTERNET&NOT_RESTRICTED&TRUSTED Unwanted:  Uid: 10076] ]
11-30 22:38:49.222  1362  1379 I ActivityManager: Start proc 5576:io.appium.settings/u0a138 for embryo io.appium.settings
11-30 22:38:49.234  1362  3564 I ActivityManager: Killing 3882:com.oneplus.brickmode/1000 (adj 906): empty #31
11-30 22:38:49.267  1362  1379 I ActivityManager: Start proc 5587:com.oem.oemlogkit/1000 for broadcast com.oem.oemlogkit/.BootCompletedReceiver
11-30 22:38:49.351  1362  3559 D BackupTransportManager: Transport com.google.android.gms/.backup.BackupTransportService updated its attributes
11-30 22:38:49.360  1362  1372 I ActivityManager: Killing 3683:com.oneplus.note/u0a109 (adj 906): empty #31
11-30 22:38:49.380  1362  1379 I ActivityManager: Start proc 5627:com.oneplus.camera/u0a22 for broadcast com.oneplus.camera/androidx.work.impl.background.systemalarm.RescheduleReceiver
11-30 22:38:49.519  1362  2688 I ActivityManager: Killing 4004:com.oneplus.backuprestore/u0a107 (adj 906): empty #31
11-30 22:38:49.522  1362  1379 I ActivityManager: Start proc 5673:com.oneplus.gallery:recyclebin/u0a46 for service com.oneplus.gallery/com.oneplus.gallery2.recyclebin.LocalRecycleBinService
11-30 22:38:49.534  1362  3580 I ActivityManager: Killing 3195:com.google.android.marvin.talkback/u0a74 (adj 906): empty #31
11-30 22:38:49.617  1362  3580 D FingerprintService: hasEnrolledFingerprints: 0, 0
11-30 22:38:49.647  1362  1379 I ActivityManager: Start proc 5711:com.oneplus.gallery:cloud/u0a46 for service com.oneplus.gallery/com.oneplus.gallery2.cloud.CloudGalleryService
11-30 22:38:49.757  1362  2688 I ActivityManager: Killing 4311:cn.oneplus.photos/u0a81 (adj 906): empty #31
11-30 22:38:49.769  1362  2965 I ActivityManager: Killing 4341:com.android.cellbroadcastreceiver/u0a33 (adj 906): empty #31
11-30 22:38:49.778  1362  1379 I ActivityManager: Start proc 5748:com.oneplus.screenrecord/1000 for broadcast com.oneplus.screenrecord/.receiver.BootBroadcastReceiver
11-30 22:38:49.879  4159  4159 W ContextImpl: Calling a method in the system process without a qualified user: android.app.ContextImpl.startService:1549 android.content.ContextWrapper.startService:664 android.content.ContextWrapper.startService:664 com.oneplus.security.receiver.BootDataTimeReceiver.onReceive:30 android.app.ActivityThread.handleReceiver:3517 
11-30 22:38:49.881  1362  2688 I ActivityManager: Killing 4358:com.android.contacts/u0a10 (adj 906): empty #31
11-30 22:38:49.916  1362  1379 I ActivityManager: Start proc 5779:com.oneplus.wifiapsettings/u0a42 for broadcast com.oneplus.wifiapsettings/.BootReceiver
11-30 22:38:50.048  1362  1379 I ActivityManager: Start proc 5800:com.qualcomm.qti.lpa/1001 for broadcast com.qualcomm.qti.lpa/.UimLpaBootReceiver
11-30 22:38:50.100  1362  1379 I ActivityManager: Start proc 5822:com.google.android.gms.unstable/u0a17 for service com.google.android.gms/.droidguard.DroidGuardService
11-30 22:38:50.117  1362  1981 I ActivityManager: Killing 4400:com.android.managedprovisioning/u0a12 (adj 906): empty #31
11-30 22:38:50.133  1362  1379 I ActivityManager: Start proc 5838:com.qualcomm.qti.smcinvokepkgmgr/1000 for broadcast com.qualcomm.qti.smcinvokepkgmgr/.SmcInvokeBroadcastReceiver
11-30 22:38:50.213  5838  5838 W ContextImpl: Calling a method in the system process without a qualified user: android.app.ContextImpl.startService:1549 android.content.ContextWrapper.startService:664 android.content.ContextWrapper.startService:664 com.qualcomm.qti.smcinvokepkgmgr.SmcInvokeBroadcastReceiver.onReceive:22 android.app.ActivityThread.handleReceiver:3517 
11-30 22:38:50.221  2574  2574 W ContextImpl: Calling a method in the system process without a qualified user: android.app.ContextImpl.startService:1549 android.content.ContextWrapper.startService:664 android.content.ContextWrapper.startService:664 com.qualcomm.qti.uceShimService.RCSReceiver.onReceive:41 android.app.ActivityThread.handleReceiver:3517 
11-30 22:38:50.247  1362  1379 I ActivityManager: Start proc 5873:net.oneplus.odm/1000 for broadcast net.oneplus.odm/.DeviceManagerReceiver
11-30 22:38:50.295  5873  5873 W ContextImpl: Calling a method in the system process without a qualified user: android.app.ContextImpl.startService:1549 android.content.ContextWrapper.startService:664 android.content.ContextWrapper.startService:664 net.oneplus.odm.DeviceManagerReceiver.onReceive:155 android.app.ActivityThread.handleReceiver:3517 
11-30 22:38:50.310  5873  5873 W ContextImpl: Calling a method in the system process without a qualified user: android.app.ContextImpl.startService:1549 android.content.ContextWrapper.startService:664 net.oneplus.odm.insight.j.<init>:110 net.oneplus.odm.insight.j.ak:6 net.oneplus.odm.DeviceManagerService.onCreate:171 
11-30 22:38:50.316  1362  1379 I ActivityManager: Start proc 5907:net.oneplus.push/1001 for broadcast net.oneplus.push/.receiver.BootReceiver
11-30 22:38:50.424  1362  3559 I ActivityManager: Killing 4416:com.android.mms/u0a32 (adj 906): empty #31
11-30 22:38:50.466  1362  1752 V AlarmManager: Triggering alarm #0: 2 when =316070 package =android operation = null listenTag =*job.delay* flags =0x0
11-30 22:38:50.468  1362  5951 I ActivityManager: Finished processing BOOT_COMPLETED for u0
11-30 22:38:50.486  1362  1379 I ActivityManager: Start proc 5961:com.android.mms/u0a32 for broadcast com.android.mms/.util.SimcardUtil
11-30 22:38:50.530  1362  1752 V AlarmManager: Triggering alarm #0: 2 when =120000 package =com.google.android.gms operation =*walarm*:com.google.android.gms.drive.ApiService.RESET_AFTER_BOOT flags =0x0
11-30 22:38:50.530  1362  1752 W ActivityManager: Unable to start service Intent { act=com.google.android.gms.drive.ApiService.RESET_AFTER_BOOT flg=0x4 cmp=com.google.android.gms/.drive.api.ApiService (has extras) } U=0: not found
11-30 22:38:50.586  5961  5961 E ActivityThread: Failed to find provider info for com.redteamobile.provider
11-30 22:38:50.741  5961  5961 I chatty  : uid=10032(com.android.mms) identical 2 lines
11-30 22:38:50.743  5961  5961 E ActivityThread: Failed to find provider info for com.redteamobile.provider
11-30 22:38:50.773  1362  3564 I ActivityManager: Killing 4463:com.android.traceur/u0a101 (adj 906): empty #31
11-30 22:38:50.831  1362  5951 D ConnectivityService: requestNetwork for uid/pid:10019/3853 NetworkRequest [ TRACK_DEFAULT id=29, [ Capabilities: INTERNET&NOT_RESTRICTED&TRUSTED Unwanted:  Uid: 10019] ]
11-30 22:38:50.882  1362  1379 I ActivityManager: Start proc 6008:net.oneplus.widget/1000 for broadcast net.oneplus.widget/.appwidget.WeatherWidgetProvider
11-30 22:38:50.931  1362  3559 W BroadcastQueue: Background execution not allowed: receiving Intent { act=android.intent.action.DROPBOX_ENTRY_ADDED flg=0x10 (has extras) } to com.google.android.gms/.stats.service.DropBoxEntryAddedReceiver
11-30 22:38:50.932  1362  3559 I ActivityManager: Killing 4573:com.google.android.apps.docs/u0a103 (adj 906): empty #31
11-30 22:38:50.934  1362  1377 W BroadcastQueue: Background execution not allowed: receiving Intent { act=android.intent.action.DROPBOX_ENTRY_ADDED flg=0x10 (has extras) } to com.google.android.gms/.chimera.GmsIntentOperationService$PersistentTrustedReceiver
11-30 22:38:50.934  1362  1377 W BroadcastQueue: Background execution not allowed: receiving Intent { act=android.intent.action.DROPBOX_ENTRY_ADDED flg=0x10 (has extras) } to com.google.android.gms/.stats.service.DropBoxEntryAddedReceiver
11-30 22:38:50.935  1362  1377 W BroadcastQueue: Background execution not allowed: receiving Intent { act=android.intent.action.DROPBOX_ENTRY_ADDED flg=0x10 (has extras) } to com.google.android.gms/.chimera.GmsIntentOperationService$PersistentTrustedReceiver
11-30 22:38:50.935  1362  1377 W BroadcastQueue: Background execution not allowed: receiving Intent { act=android.intent.action.DROPBOX_ENTRY_ADDED flg=0x10 (has extras) } to com.google.android.gms/.stats.service.DropBoxEntryAddedReceiver
11-30 22:38:50.935  1362  1377 W BroadcastQueue: Background execution not allowed: receiving Intent { act=android.intent.action.DROPBOX_ENTRY_ADDED flg=0x10 (has extras) } to com.google.android.gms/.chimera.GmsIntentOperationService$PersistentTrustedReceiver
11-30 22:38:50.935  1362  1377 W BroadcastQueue: Background execution not allowed: receiving Intent { act=android.intent.action.DROPBOX_ENTRY_ADDED flg=0x10 (has extras) } to com.google.android.gms/.stats.service.DropBoxEntryAddedReceiver
11-30 22:38:50.935  1362  1377 W BroadcastQueue: Background execution not allowed: receiving Intent { act=android.intent.action.DROPBOX_ENTRY_ADDED flg=0x10 (has extras) } to com.google.android.gms/.chimera.GmsIntentOperationService$PersistentTrustedReceiver
11-30 22:38:50.935  1362  1377 W BroadcastQueue: Background execution not allowed: receiving Intent { act=android.intent.action.DROPBOX_ENTRY_ADDED flg=0x10 (has extras) } to com.google.android.gms/.stats.service.DropBoxEntryAddedReceiver
11-30 22:38:50.935  1362  1377 W BroadcastQueue: Background execution not allowed: receiving Intent { act=android.intent.action.DROPBOX_ENTRY_ADDED flg=0x10 (has extras) } to com.google.android.gms/.chimera.GmsIntentOperationService$PersistentTrustedReceiver
11-30 22:38:50.935  1362  1377 W BroadcastQueue: Background execution not allowed: receiving Intent { act=android.intent.action.DROPBOX_ENTRY_ADDED flg=0x10 (has extras) } to com.google.android.gms/.stats.service.DropBoxEntryAddedReceiver
11-30 22:38:50.935  1362  1377 W BroadcastQueue: Background execution not allowed: receiving Intent { act=android.intent.action.DROPBOX_ENTRY_ADDED flg=0x10 (has extras) } to com.google.android.gms/.chimera.GmsIntentOperationService$PersistentTrustedReceiver
11-30 22:38:50.993  1362  1379 I ActivityManager: Start proc 6028:com.oneplus.note/u0a109 for broadcast com.oneplus.note/.shelfcard.QuickNoteProvider
11-30 22:38:51.118  1362  3579 W BroadcastQueue: Background execution not allowed: receiving Intent { act=android.intent.action.ACTION_POWER_CONNECTED flg=0x4000010 (has extras) } to cn.oneplus.photos/.receiver.ScheduleInitReceiver
11-30 22:38:51.119  1362  3579 I ActivityManager: Killing 3839:com.google.android.apps.photos/u0a99 (adj 906): empty #31
11-30 22:38:51.121  1362  1377 W BroadcastQueue: Background execution not allowed: receiving Intent { act=android.intent.action.ACTION_POWER_CONNECTED flg=0x4000010 (has extras) } to com.google.android.apps.turbo/.nudges.broadcasts.BatteryStatusChangedReceiver
11-30 22:38:51.121  1362  1377 W BroadcastQueue: Background execution not allowed: receiving Intent { act=android.intent.action.ACTION_POWER_CONNECTED flg=0x4000010 (has extras) } to com.google.android.gms/.gcm.nts.SchedulerReceiver
11-30 22:38:51.121  1362  1377 W BroadcastQueue: Background execution not allowed: receiving Intent { act=android.intent.action.ACTION_POWER_CONNECTED flg=0x4000010 (has extras) } to com.google.android.gms/.chimera.GmsIntentOperationService$PersistentTrustedReceiver
11-30 22:38:51.394  1362  2779 W BroadcastQueue: Background execution not allowed: receiving Intent { act=android.intent.action.DROPBOX_ENTRY_ADDED flg=0x10 (has extras) } to com.google.android.gms/.stats.service.DropBoxEntryAddedReceiver
11-30 22:38:51.395  1362  1377 W BroadcastQueue: Background execution not allowed: receiving Intent { act=android.intent.action.DROPBOX_ENTRY_ADDED flg=0x10 (has extras) } to com.google.android.gms/.chimera.GmsIntentOperationService$PersistentTrustedReceiver
11-30 22:38:51.465  1362  1752 V AlarmManager: Triggering alarm #0: 2 when =317821 package =android operation = null listenTag =*job.delay* flags =0x0
11-30 22:38:51.633  1362  2381 W BroadcastQueue: Background execution not allowed: receiving Intent { act=android.intent.action.DROPBOX_ENTRY_ADDED flg=0x10 (has extras) } to com.google.android.gms/.stats.service.DropBoxEntryAddedReceiver
11-30 22:38:51.634  1362  1377 W BroadcastQueue: Background execution not allowed: receiving Intent { act=android.intent.action.DROPBOX_ENTRY_ADDED flg=0x10 (has extras) } to com.google.android.gms/.chimera.GmsIntentOperationService$PersistentTrustedReceiver
11-30 22:38:52.232  1362  1379 I ActivityManager: Start proc 6077:com.oneplus.soundrecorder/u0a112 for embryo com.oneplus.soundrecorder
11-30 22:38:52.793  1362  1752 V AlarmManager: Triggering alarm #0: 2 when =318823 package =com.google.android.gms operation =*walarm*:com.google.android.gms.gcm.ACTION_CHECK_QUEUE flags =0x0
11-30 22:38:53.245  1362  3559 I ActivityManager: Killing 3821:com.android.keychain/1000 (adj 906): empty #31
11-30 22:38:53.312  1362  2779 D ConnectivityService: requestNetwork for uid/pid:10019/3853 NetworkRequest [ REQUEST id=31, [ Transports: CELLULAR Capabilities: INTERNET&NOT_RESTRICTED&TRUSTED&NOT_VPN Unwanted:  Uid: 10019] ]
11-30 22:38:55.467  1362  1752 V AlarmManager: Triggering alarm #0: 2 when =321821 package =android operation = null listenTag =*job.deadline* flags =0x0
11-30 22:38:56.555  1362  1377 I ActivityManager: Waited long enough for: ServiceRecord{42bf87d u0 com.oneplus.dirac.simplemanager/.BootConfigService}
11-30 22:38:56.639  1362  1377 I ActivityManager: Waited long enough for: ServiceRecord{5c17715 u0 cn.oneplus.nvbackup/.NVBackupStatusService}
11-30 22:38:57.226  1362  1377 I ActivityManager: Waited long enough for: ServiceRecord{d125a4c u0 com.oneplus.security/.firewall.NetworkRestrictService}
11-30 22:38:57.236  1362  1379 I ActivityManager: Start proc 6122:com.google.android.apps.docs/u0a103 for embryo com.google.android.apps.docs
11-30 22:38:58.236  1362  1379 I ActivityManager: Start proc 6140:com.google.android.music:main/u0a80 for embryo com.google.android.music:main
11-30 22:38:59.427  1362  1362 I Telecom : DefaultDialerCache: Refreshing default dialer for user 0: now com.android.dialer: DDC.oR@AE4
11-30 22:38:59.440  1362  3580 I ActivityManager: Killing 3749:com.android.printspooler/u0a87 (adj 906): empty #31
11-30 22:38:59.508  1362  1375 W LocationProviderProxy-network: Odd, no component found for service com.android.location.service.v3.NetworkLocationProvider
11-30 22:39:00.002  1362  1752 V AlarmManager: Triggering alarm #0: 3 when =326356 package =android operation =*alarm*:android.intent.action.TIME_TICK flags =0x1
11-30 22:39:00.311  1362  1752 V AlarmManager: Triggering alarm #0: 0 when =1606772339339 package =com.oem.oemlogkit operation =*walarm*:com.android.alarm flags =0x8
11-30 22:39:00.312  1362  1752 V AlarmManager: Triggering alarm #1: 2 when =326665 package =net.oneplus.odm operation =*walarm*:intent_local_schedule flags =0x8
11-30 22:39:02.812  1362  1373 I ActivityManager: Killing 4476:net.oneplus.provider.appcategoryprovider/u0a34 (adj 906): empty #31
11-30 22:39:03.463  1362  5776 I ActivityManager: Killing 4890:com.google.android.apps.turbo/u0a8 (adj 906): empty #31
11-30 22:39:04.892  1362  1377 I ActivityManager: Waited long enough for: ServiceRecord{17c3574 u0 com.oneplus.simcontacts/.autoimport.SimContactsService}
11-30 22:39:05.217  1362  1377 I ActivityManager: Waited long enough for: ServiceRecord{bfacc3a u0 com.qualcomm.qti.smcinvokepkgmgr/.SmcInvokeService}
11-30 22:39:05.298  1362  1377 I ActivityManager: Waited long enough for: ServiceRecord{539cadb u0 net.oneplus.odm/.DeviceManagerService}
11-30 22:39:07.264  1362  5776 I ActivityManager: Killing 5230:com.android.chrome/u0a95 (adj 906): empty #31
11-30 22:39:07.266  1362  5776 I ActivityManager: Killing 5116:com.google.android.configupdater/u0a52 (adj 906): empty #32
11-30 22:39:09.647  1362  1752 V AlarmManager: Triggering alarm #0: 2 when =336002 package =com.google.android.gms operation =*walarm*:com.google.android.intent.action.GCM_RECONNECT flags =0x5
11-30 22:39:09.655  1362  1377 I ActivityManager: Killing 5255:com.google.android.onetimeinitializer/u0a31 (adj 906): empty #31
11-30 22:39:10.315  1362  1379 I ActivityManager: Start proc 6185:com.android.chrome/u0a95 for embryo com.android.chrome
11-30 22:39:12.565   916  1081 E storaged: getDiskStats failed with result NOT_SUPPORTED and size 0
11-30 22:39:13.187  1362  1922 D ConnectivityService: NetworkAgentInfo [WIFI () - 100] validation failed
11-30 22:39:13.806  1362  1752 V AlarmManager: Triggering alarm #0: 2 when =340162 package =android operation = null listenTag =DhcpClient.wlan0.RENEW flags =0x9
11-30 22:39:13.873  1362  1922 I Nat464Xlat: Android Xlat enabled is doXlat=true
11-30 22:39:14.516  1362  2779 I ActivityManager: Killing 5275:com.google.android.packageinstaller/u0a53 (adj 906): empty #31
11-30 22:39:21.297  1362  5951 I ActivityManager: Killing 5334:com.google.process.gapps/u0a66 (adj 906): empty #31
11-30 22:39:22.263  1362  1362 V SettingsProvider: Notifying for 0: content://settings/global/hidden_api_policy_pre_p_apps
11-30 22:39:22.311  1362  1362 V SettingsProvider: Notifying for 0: content://settings/global/hidden_api_policy_p_apps
11-30 22:39:22.358  1362  1362 V SettingsProvider: Notifying for 0: content://settings/global/hidden_api_policy
11-30 22:39:23.017  1362  3513 I ActivityManager: START u0 {act=android.intent.action.MAIN cat=[android.intent.category.LAUNCHER] flg=0x10000000 cmp=io.appium.settings/.Settings} from uid 2000 pid 6278
11-30 22:39:23.036  1362  1377 D RestartProcessManager: updateSelf :  io.appium.settings, size : 30
11-30 22:39:23.538  1362  1362 V SettingsProvider: Notifying for 0: content://settings/system/game_mode_status_auto
11-30 22:39:23.541  1362  1362 V SettingsProvider: Notifying for 0: content://settings/system/rading_mode_status_auto
11-30 22:39:23.545  1362  1362 I OIMC    : notified , mode GameMode changeTo 2
11-30 22:39:23.546  1362  1854 I OIMC    : The mode: GameMode is not entered
11-30 22:39:23.548  1362  1362 I OIMC    : notified , mode ReadMode changeTo 2
11-30 22:39:23.549  1362  1854 I OIMC    : The mode: ReadMode is not entered
11-30 22:39:23.550  1362  1362 V SettingsProvider: Notifying for 0: content://settings/system/game_mode_status_auto
11-30 22:39:23.551  1362  1362 V SettingsProvider: Notifying for 0: content://settings/system/rading_mode_status_auto
11-30 22:39:23.760  1362  6300 D VibratorService: vibrate from 'io.appium.settings', usageHint = 5
11-30 22:39:23.769  1362  6300 D VibratorService: startTime: 30.11.2020, 22:39:23, effect: Waveform{mTimings=[0, 100, 150, 100], mAmplitudes=[0, 255, 0, 255], mRepeat=-1}, originalEffect: Waveform{mTimings=[0, 100, 150, 100], mAmplitudes=[0, -1, 0, -1], mRepeat=-1}, usageHint: 5, uid: 10138, opPkg: io.appium.settings
11-30 22:39:24.648  1362  1362 V SettingsProvider: Notifying for 0: content://settings/system/game_mode_status_auto
11-30 22:39:24.650  1362  1362 V SettingsProvider: Notifying for 0: content://settings/system/rading_mode_status_auto
11-30 22:39:24.652  1362  1362 I OIMC    : notified , mode GameMode changeTo 2
11-30 22:39:24.652  1362  1854 I OIMC    : The mode: GameMode is not entered
11-30 22:39:24.653  1362  1362 V SettingsProvider: Notifying for 0: content://settings/system/game_mode_status_auto
11-30 22:39:24.655  1362  1362 I OIMC    : notified , mode ReadMode changeTo 2
11-30 22:39:24.655  1362  1854 I OIMC    : The mode: ReadMode is not entered
11-30 22:39:24.656  1362  1362 V SettingsProvider: Notifying for 0: content://settings/system/rading_mode_status_auto
11-30 22:39:24.671  1362  2779 I ActivityManager: Force stopping com.example.opprf_psi appid=10141 user=0: from pid 6332
11-30 22:39:24.744  1362  3513 I ActivityManager: Force stopping com.example.opprf_psi appid=10141 user=0: clear data
11-30 22:39:24.746  1362  1377 I ActivityManager: Force stopping com.example.opprf_psi appid=10141 user=-1: clearApplicationUserData
11-30 22:39:24.748  1362  3513 I ConditionProviders: Disallowing condition provider com.example.opprf_psi
11-30 22:39:24.772  1362  1379 I ActivityManager: Start proc 6339:com.android.defcontainer/u0a39 for service com.android.defcontainer/.DefaultContainerService
11-30 22:39:24.851  1362  1377 I ActivityManager: Killing 5352:com.google.android.videos/u0a89 (adj 906): empty #31
11-30 22:39:24.914  1362  5951 I ActivityManager: Force stopping io.appium.uiautomator2.server.test appid=10140 user=0: from pid 6361
11-30 22:39:24.954  1362  1379 I ActivityManager: Start proc 6369:com.android.documentsui/u0a51 for broadcast com.android.documentsui/.PackageReceiver
11-30 22:39:25.032  1362  2779 I ActivityManager: Killing 5540:com.google.android.gms.ui/u0a17 (adj 906): empty #31
11-30 22:39:25.055  1362  1379 I ActivityManager: Start proc 6388:com.android.emergency/u0a7 for broadcast com.android.emergency/com.oneplus.emergency.ContactsDataCleanReceiver
11-30 22:39:25.070  1362  1379 I ActivityManager: Start proc 6402:com.android.externalstorage/u0a40 for content provider com.android.externalstorage/.ExternalStorageProvider
11-30 22:39:25.087  1362  6392 I ActivityManager: Killing 5404:com.google.android.youtube/u0a76 (adj 906): empty #31
11-30 22:39:25.099  1362  2779 D ConnectivityService: ConnectivityService NetworkRequestInfo binderDied(NetworkRequest [ TRACK_DEFAULT id=27, [ Capabilities: INTERNET&NOT_RESTRICTED&TRUSTED Unwanted:  Uid: 10076] ], android.os.BinderProxy@484a1c0)
11-30 22:39:25.100  1362  2965 D ConnectivityService: ConnectivityService NetworkRequestInfo binderDied(NetworkRequest [ TRACK_DEFAULT id=25, [ Capabilities: INTERNET&NOT_RESTRICTED&TRUSTED Unwanted:  Uid: 10076] ], android.os.BinderProxy@418ef9)
11-30 22:39:25.100  1362  6046 D ConnectivityService: ConnectivityService NetworkRequestInfo binderDied(NetworkRequest [ LISTEN id=26, [ Capabilities: INTERNET&NOT_RESTRICTED&TRUSTED Unwanted:  Uid: 10076] ], android.os.BinderProxy@30fee3e)
11-30 22:39:25.102  1362  1922 D ConnectivityService: releasing NetworkRequest [ TRACK_DEFAULT id=27, [ Capabilities: INTERNET&NOT_RESTRICTED&TRUSTED Unwanted:  Uid: 10076] ] (release request)
11-30 22:39:25.103  1362  1922 D ConnectivityService: releasing NetworkRequest [ TRACK_DEFAULT id=25, [ Capabilities: INTERNET&NOT_RESTRICTED&TRUSTED Unwanted:  Uid: 10076] ] (release request)
11-30 22:39:25.136  1362  6418 I ActivityManager: Killing 5627:com.oneplus.camera/u0a22 (adj 906): empty #31
11-30 22:39:25.152  1362  1379 I ActivityManager: Start proc 6421:com.google.android.apps.photos/u0a99 for broadcast com.google.android.apps.photos/com.google.android.libraries.social.mediastoresync.reset.impl.MediaStoreClearedReceiver
11-30 22:39:25.246  1362  6046 I ActivityManager: Killing 3955:com.oneplus.card/u0a79 (adj 906): empty #31
11-30 22:39:25.258  1362  6392 I ActivityManager: Force stopping io.appium.uiautomator2.server appid=10139 user=0: start instr
11-30 22:39:25.279  1362  1379 I ActivityManager: Start proc 6463:io.appium.uiautomator2.server/u0a139 for added application io.appium.uiautomator2.server
11-30 22:39:25.472  1362  1379 I ActivityManager: Start proc 6490:com.android.mtp/u0a15 for content provider com.android.mtp/.MtpDocumentsProvider
11-30 22:39:25.490  1362  1981 I ActivityManager: Killing 4840:com.oneplus.gallery/u0a46 (adj 906): empty #31
11-30 22:39:25.503  1362  6046 D ConnectivityService: ConnectivityService NetworkRequestInfo binderDied(NetworkRequest [ LISTEN id=28, [ Capabilities: INTERNET&NOT_RESTRICTED&TRUSTED&NOT_VPN Unwanted:  Uid: 10046] ], android.os.BinderProxy@4708f11)
11-30 22:39:25.602  1362  1379 I ActivityManager: Start proc 6508:com.android.shell/2000 for content provider com.android.shell/.BugreportStorageProvider
11-30 22:39:25.634  1362  6359 I ActivityManager: Killing 5673:com.oneplus.gallery:recyclebin/u0a46 (adj 906): empty #31
11-30 22:39:25.723  1362  1379 I ActivityManager: Start proc 6528:com.google.android.apps.docs/u0a103 for content provider com.google.android.apps.docs/.storagebackend.StorageBackendContentProvider
11-30 22:39:25.740  1362  1373 I ActivityManager: Killing 5711:com.oneplus.gallery:cloud/u0a46 (adj 906): empty #31
11-30 22:39:27.132  1362  1362 V SettingsProvider: Notifying for 0: content://settings/secure/accessibility_enabled
--------- beginning of main
11-30 22:39:27.151  6463  6597 I appium  : ServerSocket created on port 7810
11-30 22:39:27.168  6463  6523 I appium  : AndroidServer created on port 6790
11-30 22:39:27.168  6463  6523 I appium  : io.appium.uiautomator2.server started:
11-30 22:39:27.187  6463  6599 I appium  : Started UiAutomator2 io.appium.uiautomator2.http io.appium.uiautomator2.server on port 6790
11-30 22:39:27.244  6463  6600 W tomator2.serve: Accessing hidden field Ljava/nio/Buffer;->address:J (light greylist, reflection)
11-30 22:39:27.244  6463  6600 W tomator2.serve: Accessing hidden field Lsun/misc/Unsafe;->theUnsafe:Lsun/misc/Unsafe; (light greylist, reflection)
11-30 22:39:27.273  1362  1752 V AlarmManager: Triggering alarm #0: 2 when =353629 package =android operation = null listenTag =*job.delay* flags =0x0
11-30 22:39:27.916  1362  1379 I ActivityManager: Start proc 6605:com.google.android.videos/u0a89 for embryo com.google.android.videos
11-30 22:39:27.924  6605  6605 E .android.video: Not starting debugger since process cannot load the jdwp agent.
11-30 22:39:27.939  1362  6359 I chatty  : uid=1000(system) Binder:1362_10 expire 7 lines
11-30 22:39:27.947  6605  6617 I .android.video: The ClassLoaderContext is a special shared library.
11-30 22:39:27.960  6605  6617 I .android.video: The ClassLoaderContext is a special shared library.
11-30 22:39:27.994  6605  6605 D Embryo  : preload com.google.android.videos, 3ms, hwui=false, layout=false, decor=false
11-30 22:39:28.136  1362  1379 I ActivityManager: Start proc 6620:com.google.android.youtube/u0a76 for embryo com.google.android.youtube
11-30 22:39:28.146  6620  6620 E android.youtub: Not starting debugger since process cannot load the jdwp agent.
11-30 22:39:28.172  6620  6632 I android.youtub: The ClassLoaderContext is a special shared library.
11-30 22:39:28.187  6620  6632 I android.youtub: The ClassLoaderContext is a special shared library.
11-30 22:39:28.243  6620  6632 W android.youtub: JIT profile information will not be recorded: profile file does not exits.
11-30 22:39:28.243  6620  6632 I chatty  : uid=10076(com.google.android.youtube) Binder:6620_2 identical 1 line
