11-30 22:33:49.464  1362  1362 D BluetoothManagerService: Bluetooth Adapter address changed to 94:65:2D:7E:0B:9B
11-30 22:33:49.464  1362  1362 D BluetoothManagerService: Stored Bluetoothaddress: 94:65:2D:7E:0B:9B
11-30 22:33:49.464  1362  1362 D BluetoothManagerService: Bluetooth Adapter name changed to OnePlus 5
11-30 22:33:49.464  1362  1362 D BluetoothManagerService: Stored Bluetooth name: OnePlus 5
11-30 22:33:49.465  1362  1362 D BluetoothManagerService: Bluetooth Adapter address changed to 94:65:2D:7E:0B:9B
11-30 22:33:49.465  1362  1362 D BluetoothManagerService: Stored Bluetoothaddress: 94:65:2D:7E:0B:9B
11-30 22:33:49.469  1362  1797 D BluetoothManagerService: MESSAGE_BLUETOOTH_STATE_CHANGE: BLE_TURNING_ON > BLE_ON
11-30 22:33:49.469  1362  1797 D BluetoothManagerService: Bluetooth is in LE only mode
11-30 22:33:49.469  1362  1797 D BluetoothManagerService: Binding Bluetooth GATT service
11-30 22:33:49.470  1362  1797 D BluetoothManagerService: Sending BLE State Change: BLE_TURNING_ON > BLE_ON
11-30 22:33:49.470  1362  1362 D BluetoothManagerService: BluetoothServiceConnection: com.android.bluetooth.gatt.GattService
11-30 22:33:49.471  1362  1797 D BluetoothManagerService: MESSAGE_BLUETOOTH_SERVICE_CONNECTED: 2
11-30 22:33:49.471  1362  1797 D BluetoothManagerService: continueFromBleOnState()
11-30 22:33:49.471  1362  1797 D BluetoothManagerService: Persisting Bluetooth Setting: 1
11-30 22:33:49.471  1362  1797 D BluetoothManagerService: MESSAGE_BLUETOOTH_STATE_CHANGE: BLE_ON > TURNING_ON
11-30 22:33:49.471  1362  1797 D BluetoothManagerService: Sending BLE State Change: BLE_ON > TURNING_ON
11-30 22:33:49.547  1362  1797 D BluetoothManagerService: MESSAGE_BLUETOOTH_STATE_CHANGE: TURNING_ON > ON
11-30 22:33:49.547  1362  1797 D BluetoothManagerService: Broadcasting onBluetoothStateChange(true) to 12 receivers.
11-30 22:33:49.548  1362  1797 D BluetoothManagerService: Creating new ProfileServiceConnections object for profile: 1
11-30 22:33:49.549  1362  1797 D BluetoothManagerService: Sending BLE State Change: TURNING_ON > ON
11-30 22:33:49.550  1362  1797 E BluetoothManagerService: ScanMode is 23
11-30 22:33:49.561  1362  1362 W Telecom : BluetoothPhoneService: Calling get Profile proxy
11-30 22:33:49.561  1362  1362 W Telecom : BluetoothPhoneService: Done Calling get Profile proxy
11-30 22:33:49.561  1362  1362 I Telecom : BluetoothPhoneService: queryPhoneState: BPSI.qPS@AEE
11-30 22:33:49.649  1362  1362 I Telecom : : - Got BluetoothHeadset: com.android.server.telecom.BluetoothHeadsetProxy@9821127: BMSL.oSC@AEI
11-30 22:33:49.650  1362  1362 W Telecom : BluetoothPhoneService: onServiceConnected: setting mBluetoothHeadset
11-30 22:33:49.661  1362  1362 W Telecom : BluetoothPhoneService: onServiceConnected: setting mBluetoothHeadset
11-30 22:33:50.184  1362  1403 I WindowManager: ******* TELLING SURFACE FLINGER WE ARE BOOTED!
11-30 22:33:50.188  1362  1403 I SystemServiceManager: Starting phase 1000
11-30 22:33:50.189  1362  1405 I DisplayPowerController: useProximityForceSuspend = false
11-30 22:33:50.189  1362  1405 D RestartProcessManager: Screen off is false
11-30 22:33:50.190  1362  1403 D BatteryLed: mBatteryLowARGB = -65536mBatteryMediumARGB = -65536mBatteryFullARGB = -16711936
11-30 22:33:50.192  1362  1403 D UsbDeviceManager: boot completed
11-30 22:33:50.192  1362  1401 D UsbDeviceManager: broadcasting Intent { act=android.hardware.usb.action.USB_STATE flg=0x31000000 (has extras) } extras: Bundle[{host_connected=false, connected=false, unlocked=false, adb=true, configured=false}]
11-30 22:33:50.193  1362  1401 D UsbDeviceManager: setEnabledFunctions functions=0, forceRestart=false, usbDataUnlocked=false
11-30 22:33:50.193  1362  1401 I UsbDeviceManager: Func=adb Cur_Func=0 Oem=adb Cur_Oem=adb Applied=true force=false
11-30 22:33:50.194  1362  1403 D RestartProcess: Initial from system ready
11-30 22:33:50.197  1362  1403 D ActivityManager: Finishing user boot 0
11-30 22:33:50.197  1362  1403 I ActivityManager: User 0 state changed from BOOTING to RUNNING_LOCKED
11-30 22:33:50.197  1362  1405 D AutomaticBrightnessController: setAmbientLux(11.0)
11-30 22:33:50.197  1362  1405 D AutomaticBrightnessController: updateAutoBrightness: value=0.11649135, mScreenAutoBrightness=-1, newScreenAutoBrightness=30
11-30 22:33:50.197  1362  1405 I DisplayPowerController: useProximityForceSuspend = false
11-30 22:33:50.197  1362  1405 D RestartProcessManager: Screen off is false
11-30 22:33:50.198  1362  1403 W ActivityManager: Failed to unlock: Secret required to unlock secure user 0
11-30 22:33:50.198  1362  1403 I OHPD    : [BgDetect] startMonitor # queue CHECK_EXCESSIVE_CPU MSGs
11-30 22:33:50.202  1362  1362 V SettingsProvider: Notifying for 0: content://settings/system/screen_brightness
11-30 22:33:50.202  1362  1405 I DisplayPowerController: useProximityForceSuspend = false
11-30 22:33:50.202  1362  1405 D RestartProcessManager: Screen off is false
11-30 22:33:50.211  1362  1742 D OnePlusSmartBoostManager: setprop:persist.sys.ramboost.olhotcount |value:false |curValue:false
11-30 22:33:50.212  1362  1742 V OnePlusSmartBoostManager: [OnlineConfig] smartboost switch: false
11-30 22:33:50.212  1362  1742 D OnePlusSmartBoostManager: setprop:persist.sys.ramboost.oliop |value:false |curValue:false
11-30 22:33:50.212  1362  1742 V OnePlusSmartBoostManager: [OnlineConfig] smartboost ioppreload: false
11-30 22:33:50.212  1362  1375 D OnePlusPowerController: [OnlineConfig] program: opsm
11-30 22:33:50.212  1362  1375 D OnePlusPowerController: parseOPSM...
11-30 22:33:50.212  1362  1742 D OnePlusSmartBoostManager: setprop:persist.sys.ramboost.enable |value:false |curValue:false
11-30 22:33:50.212  1362  1742 D OnePlusSmartBoostManager: setprop:persist.sys.ramboost.ioppreload |value:false |curValue:false
11-30 22:33:50.212  1362  1742 V OnePlusSmartBoostManager: [OnlineConfig] smartboost updated complete
11-30 22:33:50.213  1362  2565 I OPPerf  : newest switch = 160
11-30 22:33:50.213  1362  2565 V OPPerf  : [OnlineConfig] OPPerf updated complete
11-30 22:33:50.213  1362  1375 D OnePlusPowerController: [OnlineConfig] program: usersleep
11-30 22:33:50.213  1362  3168 V OHPD    : [OnlineConfig] whiteAppListSet:[com.google.android.deskclock, com.oneplus.test.modemmonitor, com.oneplus.modem.test, com.xiaomi.hm.health, com.alibaba.android.rimet, com.redteamobile.oneplus.roaming, com.baidu.BaiduMap, com.tencent.map, cld.navi.mainframe, com.mapbar.android.mapbarmap, com.antutu.benchmark.full, com.antutu.ABenchMark, com.endomondo.android, com.fitnesskeeper.runkeeper.pro, fi.polar.beat, com.fourdesire.spacewalk, com.sportractive, cc.moov.one, com.nianticlabs.pokemongo, net.oneplus.weather, com.oneplus.calculator, com.oneplus.note, com.oneplus.cloud, com.oneplus.card, com.oneplus.soundrecorder, com.oneplus.filemanager, net.oneplus.music, net.oneplus.forums, com.oneplus.bbs, android.libcore.runner, com.displaylink.presenter, de.bmw.connected, com.smartisanos.smartfolder.aoa, com.oneplus.backuprestore, com.oneplus.battryM, com.autonavi.minimap, android.hardware.sensor.cts, com.bsb.hike, com.chat.hike.stickers, fit.cure.android, org.telegram.messenger, com.whatsapp, com.android.chrome]
11-30 22:33:50.214  1362  3168 V OHPD    : [OnlineConfig]BG_DETECTION_CPU_USAGE_THRESHOLD_MIN[0]:20
11-30 22:33:50.214  1362  3168 V OHPD    : [OnlineConfig]BG_DETECTION_CPU_USAGE_THRESHOLD_MIN[1]:15
11-30 22:33:50.214  1362  3168 V OHPD    : [OnlineConfig]BG_DETECTION_CPU_USAGE_THRESHOLD_MIN[2]:10
11-30 22:33:50.214  1362  3168 V OHPD    : [OnlineConfig]BG_DETECTION_CPU_USAGE_THRESHOLD_MIN[3]:20
11-30 22:33:50.214  1362  3168 V OHPD    : [OnlineConfig]BG_DETECTION_CPU_USAGE_THRESHOLD_MAX[0]:1000
11-30 22:33:50.214  1362  3168 V OHPD    : [OnlineConfig]BG_DETECTION_CPU_USAGE_THRESHOLD_MAX[1]:20
11-30 22:33:50.214  1362  3168 V OHPD    : [OnlineConfig]BG_DETECTION_CPU_USAGE_THRESHOLD_MAX[2]:15
11-30 22:33:50.214  1362  3168 V OHPD    : [OnlineConfig]BG_DETECTION_CPU_USAGE_THRESHOLD_MAX[3]:1000
11-30 22:33:50.214  1362  3168 V OHPD    : [OnlineConfig]BG_DETECTION_NETWORK_USAGE_THRESHOLD:20971520
11-30 22:33:50.214  1362  3168 V OHPD    : [OnlineConfig]CPU_CHECK_DELAY[0]:300000
11-30 22:33:50.214  1362  3168 V OHPD    : [OnlineConfig]CPU_CHECK_DELAY[1]:300000
11-30 22:33:50.214  1362  3168 V OHPD    : [OnlineConfig]CPU_CHECK_DELAY[2]:600000
11-30 22:33:50.214  1362  3168 V OHPD    : [OnlineConfig]CPU_CHECK_DELAY[3]:1200000
11-30 22:33:50.214  1362  3168 V OHPD    : [OnlineConfig]CPU_MIN_CHECK_DURATION:180000
11-30 22:33:50.214  1362  3168 V OHPD    : [OnlineConfig]POWER_DRAIN_TEMP_THOLD: 40
11-30 22:33:50.214  1362  3168 V OHPD    : [OnlineConfig]POWER_DRAIN_USG_THOLD: 10
11-30 22:33:50.214  1362  3168 V OHPD    : [OnlineConfig]APP_LAST_FOREGROUND_TIME_THRESHOLD: 300000
11-30 22:33:50.214  1362  3168 V OHPD    : [OnlineConfig]APP_LAST_CONTACT_PROVIDER_TIME_THRESHOLD: 300000
11-30 22:33:50.214  1362  3168 V OHPD    : [OnlineConfig] blackAppListSet:[com.truecaller, com.yirga.shutapp]
11-30 22:33:50.214  1362  3168 V OHPD    : [OnlineConfig]SpecailNativeProcessInfo{mProcess=dpmQmiMgr, mCount=2, mBatteryDrop=-1}
11-30 22:33:50.214  1362  3168 V OHPD    : [OnlineConfig]SpecailNativeProcessInfo{mProcess=dpmd, mCount=2, mBatteryDrop=-1}
11-30 22:33:50.215  1362  3168 E OHPD    : [OnlineConfig] start monitoring native process:adbd, thold=50
11-30 22:33:50.215  1362  3168 E OHPD    : [OnlineConfig] start monitoring native process:media.extractor, thold=50
11-30 22:33:50.215  1362  3168 E OHPD    : [OnlineConfig] start monitoring native process:mediadrmserver, thold=50
11-30 22:33:50.215  1362  3168 E OHPD    : [OnlineConfig] start monitoring native process:dpmQmiMgr, thold=80
11-30 22:33:50.215  1362  3168 E OHPD    : [OnlineConfig] start monitoring native process:dpmd, thold=80
11-30 22:33:50.215  1362  3168 V OHPD    : [OnlineConfig] blackExAppListSet:[com.yirga.shutapp, com.reliancejio.mobilesecurity]
11-30 22:33:50.215  1362  3168 V OHPD    : [OnlineConfig] killProcList:[com.google.android.gms.persistent, com.truecaller, com.jio.myjio]
11-30 22:33:50.215  1362  3168 V OHPD    : [OnlineConfig] level0KillList:[com.tencent.mm, com.truecaller, com.android.chrome]
11-30 22:33:50.215  1362  3168 V OHPD    : [OnlineConfig] gmsMonitorList:[com.android.chrome, com.google.android.youtube, com.google.android.gm, com.google.android.apps.tachyon, com.google.android.setupwizard, com.google.android.music, com.google.android.videos, com.google.android.apps.photos, com.google.android.apps.docs, com.google.android.calendar, com.google.android.feedback, com.google.android.googlequicksearchbox]
11-30 22:33:50.215  1362  3168 V OHPD    : [OnlineConfig] BackgroundDetection updated complete
11-30 22:33:50.215  1362  1379 I ActivityManager: Start proc 3170:com.qualcomm.qti.poweroffalarm/1000 for broadcast com.qualcomm.qti.poweroffalarm/.PowerOffAlarmBroadcastReceiver
11-30 22:33:50.300  1362  1922 D ConnectivityService: Got NetworkFactory Messenger for WIFI
11-30 22:33:50.301  1362  1922 D ConnectivityService: Got NetworkFactory Messenger for WIFI_UT
11-30 22:33:50.302  1362  1379 I ActivityManager: Start proc 3195:com.google.android.marvin.talkback/u0a74 for broadcast com.google.android.marvin.talkback/com.google.android.accessibility.talkback.BootReceiver
11-30 22:33:50.310  1362  1920 E WifiP2pService: Unhandled message { when=-1ms what=131203 target=com.android.internal.util.StateMachine$SmHandler }
11-30 22:33:50.378  1362  1405 I DisplayPowerController: useProximityForceSuspend = false
11-30 22:33:50.378  1362  1405 D RestartProcessManager: Screen off is false
11-30 22:33:50.418  1362  1379 I ActivityManager: Start proc 3220:com.google.android.gms/u0a17 for service com.google.android.gms/.chimera.GmsIntentOperationService
11-30 22:33:50.436  1362  1379 I ActivityManager: Start proc 3234:com.oneplus.deskclock/u0a73 for broadcast com.oneplus.deskclock/.AlarmInitReceiver
11-30 22:33:50.483  3220  3220 E ActivityThread: Failed to find provider info for com.google.android.gsf.gservices
11-30 22:33:50.531  3220  3220 I chatty  : uid=10017(com.google.android.gms) identical 29 lines
11-30 22:33:50.531  3220  3220 E ActivityThread: Failed to find provider info for com.google.android.gsf.gservices
11-30 22:33:50.532  3220  3263 E ActivityThread: Failed to find provider info for com.google.android.gsf.gservices
11-30 22:33:50.533  3220  3263 E ActivityThread: Failed to find provider info for com.google.android.gsf.gservices
11-30 22:33:50.533  3220  3220 E ActivityThread: Failed to find provider info for com.google.android.gsf.gservices
11-30 22:33:50.534  3220  3263 E ActivityThread: Failed to find provider info for com.google.android.gsf.gservices
11-30 22:33:50.534  3220  3220 E ActivityThread: Failed to find provider info for com.google.android.gsf.gservices
11-30 22:33:50.534  3220  3263 E ActivityThread: Failed to find provider info for com.google.android.gsf.gservices
11-30 22:33:50.534  3220  3220 E ActivityThread: Failed to find provider info for com.google.android.gsf.gservices
11-30 22:33:50.535  3220  3263 E ActivityThread: Failed to find provider info for com.google.android.gsf.gservices
11-30 22:33:50.538  3220  3263 I chatty  : uid=10017(com.google.android.gms) identical 4 lines
11-30 22:33:50.542  3220  3263 E ActivityThread: Failed to find provider info for com.google.android.gsf.gservices
11-30 22:33:50.542  3220  3220 E ActivityThread: Failed to find provider info for com.google.android.gsf.gservices
11-30 22:33:50.543  3220  3263 E ActivityThread: Failed to find provider info for com.google.android.gsf.gservices
11-30 22:33:50.543  3220  3263 E ActivityThread: Failed to find provider info for com.google.android.gsf.gservices
11-30 22:33:50.543  3220  3220 E ActivityThread: Failed to find provider info for com.google.android.gsf.gservices
11-30 22:33:50.589  3220  3220 I chatty  : uid=10017(com.google.android.gms) identical 48 lines
11-30 22:33:50.589  3220  3220 E ActivityThread: Failed to find provider info for com.google.android.gsf.gservices
11-30 22:33:50.592  3220  3279 E ActivityThread: Failed to find provider info for com.google.android.gsf.gservices
11-30 22:33:50.593  3220  3281 E ActivityThread: Failed to find provider info for com.google.android.gsf.gservices
11-30 22:33:50.594  3220  3281 E ActivityThread: Failed to find provider info for com.google.android.gsf.gservices
11-30 22:33:50.601  2574  2574 W ContextImpl: Calling a method in the system process without a qualified user: android.app.ContextImpl.startService:1549 android.content.ContextWrapper.startService:664 android.content.ContextWrapper.startService:664 com.qualcomm.qti.uceShimService.RCSReceiver.onReceive:41 android.app.ActivityThread.handleReceiver:3517 
11-30 22:33:50.640  1362  1375 E OHPD    : [BgDetect] AppForkedProc /init pid 1 uid 0 can't find pkgName
11-30 22:33:50.640  1362  1375 E OHPD    : [BgDetect] AppForkedProc kthreadd pid 2 uid 0 can't find pkgName
11-30 22:33:50.640  1362  1375 E OHPD    : [BgDetect] AppForkedProc rcu_preempt pid 7 uid 0 can't find pkgName
11-30 22:33:50.640  1362  1375 E OHPD    : [BgDetect] AppForkedProc rcuop/0 pid 10 uid 0 can't find pkgName
11-30 22:33:50.640  1362  1375 E OHPD    : [BgDetect] AppForkedProc rcuop/1 pid 18 uid 0 can't find pkgName
11-30 22:33:50.640  1362  1375 E OHPD    : [BgDetect] AppForkedProc rcuop/2 pid 25 uid 0 can't find pkgName
11-30 22:33:50.640  1362  1375 E OHPD    : [BgDetect] AppForkedProc rcuop/4 pid 39 uid 0 can't find pkgName
11-30 22:33:50.640  1362  1375 E OHPD    : [BgDetect] AppForkedProc rcuop/5 pid 46 uid 0 can't find pkgName
11-30 22:33:50.640  1362  1375 E OHPD    : [BgDetect] AppForkedProc rcuop/6 pid 53 uid 0 can't find pkgName
11-30 22:33:50.640  1362  1375 E OHPD    : [BgDetect] AppForkedProc rcuop/7 pid 60 uid 0 can't find pkgName
11-30 22:33:50.640  1362  1375 E OHPD    : [BgDetect] AppForkedProc smem_native_mps pid 75 uid 0 can't find pkgName
11-30 22:33:50.640  1362  1375 E OHPD    : [BgDetect] AppForkedProc mpss_smem_glink pid 76 uid 0 can't find pkgName
11-30 22:33:50.640  1362  1375 E OHPD    : [BgDetect] AppForkedProc smem_native_rpm pid 81 uid 0 can't find pkgName
11-30 22:33:50.640  1362  1375 E OHPD    : [BgDetect] AppForkedProc kworker/u16:2 pid 90 uid 0 can't find pkgName
11-30 22:33:50.640  1362  1375 E OHPD    : [BgDetect] AppForkedProc kworker/5:1 pid 97 uid 0 can't find pkgName
11-30 22:33:50.640  1362  1375 E OHPD    : [BgDetect] AppForkedProc system pid 100 uid 0 can't find pkgName
11-30 22:33:50.640  1362  1375 E OHPD    : [BgDetect] AppForkedProc vsync_retire_wo pid 179 uid 0 can't find pkgName
11-30 22:33:50.640  1362  1375 E OHPD    : [BgDetect] AppForkedProc kworker/0:1 pid 205 uid 0 can't find pkgName
11-30 22:33:50.640  1362  1375 E OHPD    : [BgDetect] AppForkedProc kworker/1:1 pid 206 uid 0 can't find pkgName
11-30 22:33:50.640  1362  1375 E OHPD    : [BgDetect] AppForkedProc kgsl_worker_thr pid 280 uid 0 can't find pkgName
11-30 22:33:50.640  1362  1375 E OHPD    : [BgDetect] AppForkedProc kworker/2:1 pid 370 uid 0 can't find pkgName
11-30 22:33:50.640  1362  1375 E OHPD    : [BgDetect] AppForkedProc kworker/u16:9 pid 371 uid 0 can't find pkgName
11-30 22:33:50.640  1362  1375 E OHPD    : [BgDetect] AppForkedProc kworker/4:3 pid 502 uid 0 can't find pkgName
11-30 22:33:50.640  1362  1375 E OHPD    : [BgDetect] AppForkedProc kworker/0:1H pid 551 uid 0 can't find pkgName
11-30 22:33:50.640  1362  1375 E OHPD    : [BgDetect] AppForkedProc /init pid 570 uid 0 can't find pkgName
11-30 22:33:50.640  1362  1375 E OHPD    : [BgDetect] AppForkedProc ueventd pid 572 uid 0 can't find pkgName
11-30 22:33:50.640  1362  1375 E OHPD    : [BgDetect] AppForkedProc kworker/6:1 pid 575 uid 0 can't find pkgName
11-30 22:33:50.641  1362  1375 E OHPD    : [BgDetect] AppForkedProc jbd2/sda13-8 pid 590 uid 0 can't find pkgName
11-30 22:33:50.641  1362  1375 E OHPD    : [BgDetect] AppForkedProc logd pid 598 uid 1036 can't find pkgName
11-30 22:33:50.641  1362  1375 E OHPD    : [BgDetect] AppForkedProc vold pid 632 uid 0 can't find pkgName
11-30 22:33:50.641  1362  1375 E OHPD    : [BgDetect] AppForkedProc netd pid 659 uid 0 can't find pkgName
11-30 22:33:50.641  1362  1375 E OHPD    : [BgDetect] AppForkedProc zygote64 pid 660 uid 0 can't find pkgName
11-30 22:33:50.641  1362  1375 E OHPD    : [BgDetect] AppForkedProc zygote pid 661 uid 0 can't find pkgName
11-30 22:33:50.641  1362  1375 E OHPD    : [BgDetect] AppForkedProc iptables-restore pid 668 uid 0 can't find pkgName
11-30 22:33:50.641  1362  1375 E OHPD    : [BgDetect] AppForkedProc ip6tables-restore pid 669 uid 0 can't find pkgName
11-30 22:33:50.641  1362  1375 E OHPD    : [BgDetect] AppForkedProc android.hardware.camera.provider@2.4-service pid 735 uid 1047 can't find pkgName
11-30 22:33:50.641  1362  1375 E OHPD    : [BgDetect] AppForkedProc android.hardware.wifi@1.0-service pid 755 uid 1010 can't find pkgName
11-30 22:33:50.641  1362  1375 E OHPD    : [BgDetect] AppForkedProc vendor.oneplus.hardware.display@1.0-service pid 762 uid 0 can't find pkgName
11-30 22:33:50.641  1362  1375 E OHPD    : [BgDetect] AppForkedProc vendor.qti.gnss@1.0-service pid 767 uid 1021 can't find pkgName
11-30 22:33:50.641  1362  1375 E OHPD    : [BgDetect] AppForkedProc vendor.qti.hardware.perf@1.0-service pid 769 uid 0 can't find pkgName
11-30 22:33:50.641  1362  1375 E OHPD    : [BgDetect] AppForkedProc oemlogkit pid 775 uid 0 can't find pkgName
11-30 22:33:50.641  1362  1375 E OHPD    : [BgDetect] AppForkedProc tftp_server pid 780 uid 2903 can't find pkgName
11-30 22:33:50.641  1362  1375 E OHPD    : [BgDetect] AppForkedProc kworker/u16:10 pid 790 uid 0 can't find pkgName
11-30 22:33:50.641  1362  1375 E OHPD    : [BgDetect] AppForkedProc kworker/u16:11 pid 793 uid 0 can't find pkgName
11-30 22:33:50.641  1362  1375 E OHPD    : [BgDetect] AppForkedProc audioserver pid 795 uid 1041 can't find pkgName
11-30 22:33:50.641  1362  1375 E OHPD    : [BgDetect] AppForkedProc lmkd pid 796 uid 0 can't find pkgName
11-30 22:33:50.641  1362  1375 E OHPD    : [BgDetect] AppForkedProc kworker/7:2 pid 832 uid 0 can't find pkgName
11-30 22:33:50.642  1362  1375 E OHPD    : [BgDetect] AppForkedProc mdss_fb0 pid 870 uid 0 can't find pkgName
11-30 22:33:50.642  1362  1375 E OHPD    : [BgDetect] AppForkedProc cameraserver pid 899 uid 1047 can't find pkgName
11-30 22:33:50.642  1362  1375 E OHPD    : [BgDetect] AppForkedProc drmserver pid 901 uid 1019 can't find pkgName
11-30 22:33:50.642  1362  1375 E OHPD    : [BgDetect] AppForkedProc installd pid 903 uid 0 can't find pkgName
11-30 22:33:50.642  1362  1375 E OHPD    : [BgDetect] AppForkedProc media.extractor pid 907 uid 1040 can't find pkgName
11-30 22:33:50.642  1362  1375 E OHPD    : [BgDetect] AppForkedProc mediaserver pid 909 uid 1013 can't find pkgName
11-30 22:33:50.642  1362  1375 E OHPD    : [BgDetect] AppForkedProc kworker/u16:12 pid 914 uid 0 can't find pkgName
11-30 22:33:50.642  1362  1375 E OHPD    : [BgDetect] AppForkedProc statsd pid 915 uid 1066 can't find pkgName
11-30 22:33:50.642  1362  1375 E OHPD    : [BgDetect] AppForkedProc wificond pid 920 uid 1010 can't find pkgName
11-30 22:33:50.642  1362  1375 E OHPD    : [BgDetect] AppForkedProc media.codec pid 921 uid 1046 can't find pkgName
11-30 22:33:50.642  1362  1375 E OHPD    : [BgDetect] AppForkedProc kworker/u16:13 pid 1013 uid 0 can't find pkgName
11-30 22:33:50.642  1362  1375 E OHPD    : [BgDetect] AppForkedProc logcat pid 1200 uid 0 can't find pkgName
11-30 22:33:50.642  1362  1375 E OHPD    : [BgDetect] AppForkedProc logcat pid 1201 uid 0 can't find pkgName
11-30 22:33:50.642  1362  1375 E OHPD    : [BgDetect] AppForkedProc logcat pid 1202 uid 0 can't find pkgName
11-30 22:33:50.642  1362  1375 E OHPD    : [BgDetect] AppForkedProc logcat pid 1203 uid 0 can't find pkgName
11-30 22:33:50.642  1362  1375 E OHPD    : [BgDetect] AppForkedProc kworker/3:2 pid 1312 uid 0 can't find pkgName
11-30 22:33:50.642  1362  1375 I ActivityManager: pid= 1362 st.name = system_server cpuPercent = 35 st.rel_utime =2060 st.rel_stime =970
11-30 22:33:50.656  3220  3281 E ActivityThread: Failed to find provider info for com.google.android.gsf.gservices
11-30 22:33:50.711  3220  3281 I chatty  : uid=10017(com.google.android.gms) identical 18 lines
11-30 22:33:50.717  3220  3281 E ActivityThread: Failed to find provider info for com.google.android.gsf.gservices
11-30 22:33:50.719  3220  3285 E ActivityThread: Failed to find provider info for com.google.android.gsf.gservices
11-30 22:33:50.745  3220  3281 W PackageParser: Unknown element under <manifest>: queries at /data/user_de/0/com.google.android.gms/app_chimera/m/0000002b/dl-AdsFdrDynamite.integ_21880100000.apk Binary XML file line #5
11-30 22:33:50.791  3220  3281 W PackageParser: Unknown element under <manifest>: queries at /data/user_de/0/com.google.android.gms/app_chimera/m/00000049/dl-AdsFdrDynamite.integ_204102000100000.apk Binary XML file line #5
11-30 22:33:50.817  3220  3281 W PackageParser: Unknown element under <manifest>: queries at /data/user_de/0/com.google.android.gms/app_chimera/m/00000047/dl-Payments.integ_203690913100400.apk Binary XML file line #5
11-30 22:33:50.855  3220  3281 E ActivityThread: Failed to find provider info for com.google.android.gsf.gservices
11-30 22:33:50.855  3220  3281 E ActivityThread: Failed to find provider info for com.google.android.gsf.gservices
11-30 22:33:50.861  3220  3220 E ActivityThread: Failed to find provider info for com.google.android.gsf.gservices
11-30 22:33:50.861  3220  3281 E ActivityThread: Failed to find provider info for com.google.android.gsf.gservices
11-30 22:33:50.864  3024  3038 E ActivityThread: Failed to find provider info for com.google.android.gsf.gservices
11-30 22:33:50.864  3024  3038 E ActivityThread: Failed to find provider info for com.google.android.gsf.gservices
11-30 22:33:50.876  3220  3281 E ActivityThread: Failed to find provider info for com.google.android.gsf.gservices
11-30 22:33:50.882  3220  3287 E ActivityThread: Failed to find provider info for com.google.android.gsf.gservices
11-30 22:33:50.882  3220  3287 E ActivityThread: Failed to find provider info for com.google.android.gsf.gservices
11-30 22:33:50.882  1362  1372 W ActivityManager: Unable to start service Intent { flg=0x9000010 cmp=com.google.android.gms/.gcm.nts.SchedulerService (has extras) } U=0: not found
11-30 22:33:50.893  3024  3024 E ActivityThread: Failed to find provider info for com.google.android.gsf.gservices
11-30 22:33:50.959  3024  3024 I chatty  : uid=10017 com.google.android.gms.persistent identical 45 lines
11-30 22:33:50.960  3024  3024 E ActivityThread: Failed to find provider info for com.google.android.gsf.gservices
11-30 22:33:51.026  3220  3289 W PackageParser: Unknown element under <manifest>: queries at /data/user_de/0/com.google.android.gms/app_chimera/m/00000049/dl-AdsFdrDynamite.integ_204102000100000.apk Binary XML file line #5
11-30 22:33:51.026  3024  3024 E ActivityThread: Failed to find provider info for com.google.android.gsf.gservices
11-30 22:33:51.059  3024  3024 I chatty  : uid=10017 com.google.android.gms.persistent identical 32 lines
11-30 22:33:51.060  3024  3024 E ActivityThread: Failed to find provider info for com.google.android.gsf.gservices
11-30 22:33:51.067  3024  3077 E ActivityThread: Failed to find provider info for com.google.android.gsf.gservices
11-30 22:33:51.067  3024  3024 E ActivityThread: Failed to find provider info for com.google.android.gsf.gservices
11-30 22:33:51.068  3024  3024 I chatty  : uid=10017 com.google.android.gms.persistent identical 2 lines
11-30 22:33:51.068  3024  3024 E ActivityThread: Failed to find provider info for com.google.android.gsf.gservices
11-30 22:33:51.069  3024  3296 E ActivityThread: Failed to find provider info for com.google.android.gsf.gservices
11-30 22:33:51.069  3024  3296 E ActivityThread: Failed to find provider info for com.google.android.gsf.gservices
11-30 22:33:51.069  3024  3077 E ActivityThread: Failed to find provider info for com.google.android.gsf.gservices
11-30 22:33:51.069  3024  3077 E ActivityThread: Failed to find provider info for com.google.android.gsf.gservices
11-30 22:33:51.069  3024  3296 E ActivityThread: Failed to find provider info for com.google.android.gsf.gservices
11-30 22:33:51.070  3024  3077 E ActivityThread: Failed to find provider info for com.google.android.gsf.gservices
11-30 22:33:51.070  3024  3077 I chatty  : uid=10017 com.google.android.gms.persistent identical 2 lines
11-30 22:33:51.071  3024  3077 E ActivityThread: Failed to find provider info for com.google.android.gsf.gservices
11-30 22:33:51.071  3024  3296 E ActivityThread: Failed to find provider info for com.google.android.gsf.gservices
11-30 22:33:51.071  3024  3296 E ActivityThread: Failed to find provider info for com.google.android.gsf.gservices
11-30 22:33:51.072  1362  1981 W ActivityManager: Unable to start service Intent { act=com.google.android.gms.clearcut.bootcount.service.START cmp=com.google.android.gms/.chimera.PersistentBoundBrokerService } U=0: not found
11-30 22:33:51.072  3024  3024 E ActivityThread: Failed to find provider info for com.google.android.gsf.gservices
11-30 22:33:51.073  3024  3292 E ActivityThread: Failed to find provider info for com.google.android.gsf.gservices
11-30 22:33:51.073  3024  3292 E ActivityThread: Failed to find provider info for com.google.android.gsf.gservices
11-30 22:33:51.074  1362  1372 W ActivityManager: Unbind failed: could not find connection for android.os.BinderProxy@2023bbf
11-30 22:33:51.077  3024  3024 E ActivityThread: Failed to find provider info for com.google.android.gsf.gservices
11-30 22:33:51.088  3024  3024 I chatty  : uid=10017 com.google.android.gms.persistent identical 3 lines
11-30 22:33:51.088  3024  3024 E ActivityThread: Failed to find provider info for com.google.android.gsf.gservices
11-30 22:33:51.089  3220  3289 W PackageParser: Unknown element under <manifest>: queries at /data/user_de/0/com.google.android.gms/app_chimera/m/00000048/dl-AdsFdrDynamite.integ_203404601100000.apk Binary XML file line #5
11-30 22:33:51.095  3024  3292 E ActivityThread: Failed to find provider info for com.google.android.gsf.gservices
11-30 22:33:51.103  3024  3292 I chatty  : uid=10017(com.google.android.gms) GoogleApiHandle identical 10 lines
11-30 22:33:51.104  3024  3292 E ActivityThread: Failed to find provider info for com.google.android.gsf.gservices
11-30 22:33:51.153  3220  3289 W PackageParser: Unknown element under <manifest>: queries at /data/user_de/0/com.google.android.gms/app_chimera/m/00000037/dl-Payments.integ_202690008100400.apk Binary XML file line #5
11-30 22:33:51.217  3220  3289 W PackageParser: Unknown element under <manifest>: queries at /data/user_de/0/com.google.android.gms/app_chimera/m/0000002b/dl-AdsFdrDynamite.integ_21880100000.apk Binary XML file line #5
11-30 22:33:51.232  3220  3289 W PackageParser: Unknown element under <manifest>: queries at /data/user_de/0/com.google.android.gms/app_chimera/m/00000047/dl-Payments.integ_203690913100400.apk Binary XML file line #5
11-30 22:33:51.291  3220  3289 E ActivityThread: Failed to find provider info for com.google.android.gsf.gservices
11-30 22:33:51.292  3220  3289 E ActivityThread: Failed to find provider info for com.google.android.gsf.gservices
11-30 22:33:51.317  3220  3289 W PackageParser: Unknown element under <manifest>: queries at /data/user_de/0/com.google.android.gms/app_chimera/m/0000002b/dl-AdsFdrDynamite.integ_21880100000.apk Binary XML file line #5
11-30 22:33:51.335  3220  3289 W PackageParser: Unknown element under <manifest>: queries at /data/user_de/0/com.google.android.gms/app_chimera/m/00000049/dl-AdsFdrDynamite.integ_204102000100000.apk Binary XML file line #5
11-30 22:33:51.341  3220  3289 W PackageParser: Unknown element under <manifest>: queries at /data/user_de/0/com.google.android.gms/app_chimera/m/00000047/dl-Payments.integ_203690913100400.apk Binary XML file line #5
11-30 22:33:51.350  3220  3287 E ActivityThread: Failed to find provider info for com.google.android.gsf.gservices
11-30 22:33:51.350  3220  3287 E ActivityThread: Failed to find provider info for com.google.android.gsf.gservices
11-30 22:33:52.819  1362  1375 D DeviceIdleController: [2] Set in OnePlusStandbyAnalyzer's reference into LocalOnePlusPowerController
11-30 22:33:52.839  1362  1375 D OPSA    : update reporting-flag to false
11-30 22:33:52.896   789   789 E spdaemon: Timeout wait for sec_nvm done.
11-30 22:33:52.896   789   789 D spdaemon: Wait for sp link up.
11-30 22:33:52.896   789   789 D spcomlib: [spcom_is_sp_subsystem_link_up] skp dev-node doesn't exist.
11-30 22:33:55.202   789   789 I chatty  : uid=1000(system) /vendor/bin/spdaemon identical 221 lines
11-30 22:33:55.212   789   789 D spcomlib: [spcom_is_sp_subsystem_link_up] skp dev-node doesn't exist.
11-30 22:33:55.215  1362  1375 D OnePlusPowerController: last record time: 2020-11-03 18:12:06
11-30 22:33:55.222   789   789 D spcomlib: [spcom_is_sp_subsystem_link_up] skp dev-node doesn't exist.
11-30 22:33:56.211   789   789 I chatty  : uid=1000(system) /vendor/bin/spdaemon identical 95 lines
11-30 22:33:56.221   789   789 D spcomlib: [spcom_is_sp_subsystem_link_up] skp dev-node doesn't exist.
11-30 22:33:56.222  1362  1375 V AlarmManager: [OnlineConfig] FrequentBlackListConfigUpdater updated complete mFrequentBlackList = [300000,com.cmplay.tiles2,com.cmplay.tiles2/com.cmplay.tile2.ui.ReportService] mBlackDozeAlarmOperation =[io.rong.push.intent.action.HEART_BEAT, com.xiaomi.push.PING_TIMER, io.rong.push.HeartBeat, com.kwai.chat.kwailink.heartbeat, com.meitu.wheecam.main.timer.TimerReceiver]
11-30 22:33:56.231   789   789 D spcomlib: [spcom_is_sp_subsystem_link_up] skp dev-node doesn't exist.
11-30 22:33:56.237  1362  1375 V AlarmManager_ALIGNMENT: [OnlineConfig] FrequentBlackListConfigUpdater updated complete !
11-30 22:33:56.242   789   789 D spcomlib: [spcom_is_sp_subsystem_link_up] skp dev-node doesn't exist.
11-30 22:33:56.493   789   789 I chatty  : uid=1000(system) /vendor/bin/spdaemon identical 24 lines
11-30 22:33:56.503   789   789 D spcomlib: [spcom_is_sp_subsystem_link_up] skp dev-node doesn't exist.
11-30 22:33:56.509  1362  1752 V AlarmManager: Triggering alarm #0: 2 when =22865 package =com.google.android.gms operation =*walarm*:com.google.android.intent.action.GCM_RECONNECT flags =0x5
11-30 22:33:56.513   789   789 D spcomlib: [spcom_is_sp_subsystem_link_up] skp dev-node doesn't exist.
11-30 22:33:58.933   789   789 I chatty  : uid=1000(system) /vendor/bin/spdaemon identical 232 lines
11-30 22:33:58.943   789   789 D spcomlib: [spcom_is_sp_subsystem_link_up] skp dev-node doesn't exist.
11-30 22:33:58.943  1362  2688 W ActivityManager: Unable to start service Intent { act=android.intent.action.QUICKSTEP_SERVICE pkg=net.oneplus.launcher } U=0: not found
11-30 22:33:58.954   789   789 D spcomlib: [spcom_is_sp_subsystem_link_up] skp dev-node doesn't exist.
11-30 22:33:59.988   789   789 I chatty  : uid=1000(system) /vendor/bin/spdaemon identical 99 lines
11-30 22:33:59.998   789   789 D spcomlib: [spcom_is_sp_subsystem_link_up] skp dev-node doesn't exist.
11-30 22:34:00.000  1362  1752 V AlarmManager: Triggering alarm #0: 3 when =26356 package =android operation =*alarm*:android.intent.action.TIME_TICK flags =0x1
11-30 22:34:00.008   789   789 D spcomlib: [spcom_is_sp_subsystem_link_up] skp dev-node doesn't exist.
11-30 22:34:05.883   789   789 I chatty  : uid=1000(system) /vendor/bin/spdaemon identical 564 lines
11-30 22:34:05.893   789   789 D spcomlib: [spcom_is_sp_subsystem_link_up] skp dev-node doesn't exist.
11-30 22:34:05.899  1362  1377 I ActivityManager: Waited long enough for: ServiceRecord{c9cadd7 u0 com.google.android.gms/.gcm.GcmService}
11-30 22:34:05.904   789   789 D spcomlib: [spcom_is_sp_subsystem_link_up] skp dev-node doesn't exist.
11-30 22:34:07.391   789   789 I chatty  : uid=1000(system) /vendor/bin/spdaemon identical 143 lines
11-30 22:34:07.401   789   789 D spcomlib: [spcom_is_sp_subsystem_link_up] skp dev-node doesn't exist.
11-30 22:34:07.403  1362  1752 V AlarmManager: Triggering alarm #0: 2 when =33759 package =com.google.android.gms operation =*walarm*:com.google.android.intent.action.GCM_RECONNECT flags =0x5
11-30 22:34:07.411   789   789 D spcomlib: [spcom_is_sp_subsystem_link_up] skp dev-node doesn't exist.
11-30 22:34:10.293   789   789 I chatty  : uid=1000(system) /vendor/bin/spdaemon identical 276 lines
11-30 22:34:10.303   789   789 D spcomlib: [spcom_is_sp_subsystem_link_up] skp dev-node doesn't exist.
11-30 22:34:10.309  1362  1752 V AlarmManager: Triggering alarm #0: 2 when =36665 package =android operation = null listenTag =WifiConnectivityManager Schedule Periodic Scan Timer flags =0x8
11-30 22:34:10.314   789   789 D spcomlib: [spcom_is_sp_subsystem_link_up] skp dev-node doesn't exist.
11-30 22:34:12.193   789   789 I chatty  : uid=1000(system) /vendor/bin/spdaemon identical 181 lines
11-30 22:34:12.204   789   789 D spcomlib: [spcom_is_sp_subsystem_link_up] skp dev-node doesn't exist.
11-30 22:34:12.210   920   920 W wificond: Scan is not started. Ignore abort request
11-30 22:34:12.214   789   789 D spcomlib: [spcom_is_sp_subsystem_link_up] skp dev-node doesn't exist.
11-30 22:34:12.375   789   789 I chatty  : uid=1000(system) /vendor/bin/spdaemon identical 15 lines
11-30 22:34:12.385   789   789 D spcomlib: [spcom_is_sp_subsystem_link_up] skp dev-node doesn't exist.
11-30 22:34:12.386  1362  1890 D ConnectivityService: registerNetworkAgent NetworkAgentInfo{ ni{[type: WIFI[], state: CONNECTING/CONNECTING, reason: (unspecified), extra: (none), failover: false, available: true, roaming: false]}  network{100}  nethandle{432902426637}  lp{{LinkAddresses: []  Routes: [] DnsAddresses: [] UsePrivateDns: false PrivateDnsServerName: null Domains: null MTU: 0}}  nc{[ Transports: WIFI Capabilities: NOT_METERED&INTERNET&NOT_RESTRICTED&TRUSTED&NOT_VPN&NOT_ROAMING&FOREGROUND&NOT_CONGESTED&NOT_SUSPENDED Unwanted:  LinkUpBandwidth>=1048576Kbps LinkDnBandwidth>=1048576Kbps SSID: "Testbed"]}  Score{20}  everValidated{false}  lastValidated{false}  created{false} lingering{false} explicitlySelected{false} acceptUnvalidated{false} everCaptivePortalDetected{false} lastCaptivePortalDetected{false} clat{null} }
11-30 22:34:12.387  1362  1922 D ConnectivityService: NetworkAgentInfo [WIFI () - 100] EVENT_NETWORK_INFO_CHANGED, going from null to CONNECTING
11-30 22:34:12.396   789   789 D spcomlib: [spcom_is_sp_subsystem_link_up] skp dev-node doesn't exist.
11-30 22:34:12.407   789   789 D spcomlib: [spcom_is_sp_subsystem_link_up] skp dev-node doesn't exist.
11-30 22:34:12.416  1362  1922 D ConnectivityService: NetworkAgentInfo [WIFI () - 100] EVENT_NETWORK_INFO_CHANGED, going from CONNECTING to CONNECTING
11-30 22:34:12.417   789   789 D spcomlib: [spcom_is_sp_subsystem_link_up] skp dev-node doesn't exist.
11-30 22:34:12.509   789   789 I chatty  : uid=1000(system) /vendor/bin/spdaemon identical 9 lines
11-30 22:34:12.519   789   789 D spcomlib: [spcom_is_sp_subsystem_link_up] skp dev-node doesn't exist.
11-30 22:34:12.529  1362  1922 D ConnectivityService: NetworkAgentInfo [WIFI () - 100] EVENT_NETWORK_INFO_CHANGED, going from CONNECTING to CONNECTED
11-30 22:34:12.529   789   789 D spcomlib: [spcom_is_sp_subsystem_link_up] skp dev-node doesn't exist.
11-30 22:34:12.531  1362  1922 W DnsManager: updatePrivateDns(100, PrivateDnsConfig{false:/[]})
11-30 22:34:12.532  1362  1922 D ConnectivityService: Setting DNS servers for network 100 to [/192.168.0.1, /8.8.8.8]
11-30 22:34:12.532  1362  1922 D DnsManager: setDnsConfigurationForNetwork(100, [192.168.0.1, 8.8.8.8], [home], [1800, 25, 8, 64], , [])
11-30 22:34:12.534  1362  1922 D ConnectivityService: Adding iface wlan0 to network 100
11-30 22:34:12.537  1362  1377 W ActivityManager: Failed to clear dns cache for: WebViewLoader-arm64-v8a
11-30 22:34:12.537  1362  1377 W ActivityManager: Failed to clear dns cache for: WebViewLoader-armeabi-v7a
11-30 22:34:12.540   789   789 D spcomlib: [spcom_is_sp_subsystem_link_up] skp dev-node doesn't exist.
11-30 22:34:12.550   789   789 D spcomlib: [spcom_is_sp_subsystem_link_up] skp dev-node doesn't exist.
11-30 22:34:12.557  1362  1922 D ConnectivityService: OP_DATA_STALL: updateLinkProperties() clear prop data for non TRANSPORT_CELLULAR
11-30 22:34:12.560   789   789 D spcomlib: [spcom_is_sp_subsystem_link_up] skp dev-node doesn't exist.
11-30 22:34:12.562  1362  1922 D ConnectivityService: Setting DNS servers for network 100 to [/192.168.0.1, /8.8.8.8]
11-30 22:34:12.562  1362  1922 D DnsManager: setDnsConfigurationForNetwork(100, [192.168.0.1, 8.8.8.8], [home], [1800, 25, 8, 64], , [])
11-30 22:34:12.563  1362  1922 I Nat464Xlat: Android Xlat enabled is doXlat=true
11-30 22:34:12.563  1362  1377 W ActivityManager: Failed to clear dns cache for: WebViewLoader-arm64-v8a
11-30 22:34:12.564  1362  1377 W ActivityManager: Failed to clear dns cache for: WebViewLoader-armeabi-v7a
11-30 22:34:12.572   789   789 D spcomlib: [spcom_is_sp_subsystem_link_up] skp dev-node doesn't exist.
11-30 22:34:12.582   789   789 D spcomlib: [spcom_is_sp_subsystem_link_up] skp dev-node doesn't exist.
11-30 22:34:12.583  1362  1922 D ConnectivityService: Switching to new default network: NetworkAgentInfo{ ni{[type: WIFI[], state: CONNECTED/CONNECTED, reason: (unspecified), extra: (none), failover: false, available: true, roaming: false]}  network{100}  nethandle{432902426637}  lp{{InterfaceName: wlan0 LinkAddresses: [fe80::9665:2dff:fe7e:b9c/64,192.168.0.3/24,]  Routes: [fe80::/64 -> :: wlan0,192.168.0.0/24 -> 0.0.0.0 wlan0,0.0.0.0/0 -> 192.168.0.1 wlan0,] DnsAddresses: [192.168.0.1,8.8.8.8,] UsePrivateDns: false PrivateDnsServerName: null Domains: home MTU: 0 TcpBufferSizes: 524288,1048576,4194304,524288,1048576,4194304}}  nc{[ Transports: WIFI Capabilities: NOT_METERED&INTERNET&NOT_RESTRICTED&TRUSTED&NOT_VPN&NOT_ROAMING&FOREGROUND&NOT_CONGESTED&NOT_SUSPENDED Unwanted:  LinkUpBandwidth>=1048576Kbps LinkDnBandwidth>=1048576Kbps SignalStrength: -31 SSID: "Testbed"]}  Score{20}  everValidated{false}  lastValidated{false}  created{true} lingering{false} explicitlySelected{false} acceptUnvalidated{false} everCaptivePortalDetected{false} lastCaptivePortalDetected{false} clat{null} }
11-30 22:34:12.585   659   675 E NetlinkEvent: NetlinkEvent::FindParam(): Parameter 'INTERFACE' not found
11-30 22:34:12.585   659   675 E NetlinkEvent: NetlinkEvent::FindParam(): Parameter 'STATE' not found
11-30 22:34:12.585   659   675 E NetlinkEvent: NetlinkEvent::FindParam(): Parameter 'TIME_NS' not found
11-30 22:34:12.585   659   675 E NetlinkEvent: NetlinkEvent::FindParam(): Parameter 'UID' not found
11-30 22:34:12.592   789   789 D spcomlib: [spcom_is_sp_subsystem_link_up] skp dev-node doesn't exist.
11-30 22:34:12.603   789   789 D spcomlib: [spcom_is_sp_subsystem_link_up] skp dev-node doesn't exist.
11-30 22:34:12.604  3024  3294 E ActivityThread: Failed to find provider info for com.google.android.gsf.gservices
11-30 22:34:12.605  1362  1922 D ConnectivityService: Sending CONNECTED broadcast for type 1 NetworkAgentInfo [WIFI () - 100] isDefaultNetwork=true
11-30 22:34:12.608  1362  1362 I SyncManager: Loaded persisted syncs: 0 periodic syncs, 0 oneshot syncs, 10 total system server jobs, JobStats: FirstLoad: 70/2/0 LastSave: -1/-1/-1
11-30 22:34:12.608  1362  1362 D OnePlusDuallteManager: # mGeneralReceiver # onReceive # action=android.net.conn.CONNECTIVITY_CHANGE
11-30 22:34:12.613   789   789 D spcomlib: [spcom_is_sp_subsystem_link_up] skp dev-node doesn't exist.
11-30 22:34:13.780   789   789 I chatty  : uid=1000(system) /vendor/bin/spdaemon identical 112 lines
11-30 22:34:13.790   789   789 D spcomlib: [spcom_is_sp_subsystem_link_up] skp dev-node doesn't exist.
11-30 22:34:13.794  1362  2611 D OifaceManager: handleMessage # { when=-6ms what=1 target=com.oneplus.oiface.OifaceManager$OifaceHandler }
11-30 22:34:13.794  1362  2611 D OifaceManager: updateOnlineConfig
11-30 22:34:13.801   789   789 D spcomlib: [spcom_is_sp_subsystem_link_up] skp dev-node doesn't exist.
11-30 22:34:13.802  1362  2611 D OifaceManager: resolveConfigFromJSON null
11-30 22:34:13.808  1362  2580 E OnePlusDuallteManager: [OnlineConfig] resolveConfigFromJSON jsonArray is null, return
11-30 22:34:13.808  1362  1375 E OnePlusIdleWhiltelistService: [OnlineConfig] resolveConfigFromJSON jsonArray is null, return
11-30 22:34:13.811   789   789 D spcomlib: [spcom_is_sp_subsystem_link_up] skp dev-node doesn't exist.
11-30 22:34:17.607   789   789 I chatty  : uid=1000(system) /vendor/bin/spdaemon identical 365 lines
11-30 22:34:17.618   789   789 D spcomlib: [spcom_is_sp_subsystem_link_up] skp dev-node doesn't exist.
11-30 22:34:17.618  3024  3346 E ActivityThread: Failed to find provider info for com.google.android.gsf.gservices
11-30 22:34:17.628   789   789 D spcomlib: [spcom_is_sp_subsystem_link_up] skp dev-node doesn't exist.
11-30 22:34:18.928   789   789 I chatty  : uid=1000(system) /vendor/bin/spdaemon identical 125 lines
11-30 22:34:18.939   789   789 D spcomlib: [spcom_is_sp_subsystem_link_up] skp dev-node doesn't exist.
11-30 22:34:18.946  1362  2381 W ActivityManager: Unable to start service Intent { act=android.intent.action.QUICKSTEP_SERVICE pkg=net.oneplus.launcher } U=0: not found
11-30 22:34:18.950   789   789 D spcomlib: [spcom_is_sp_subsystem_link_up] skp dev-node doesn't exist.
11-30 22:34:22.523   789   789 I chatty  : uid=1000(system) /vendor/bin/spdaemon identical 343 lines
11-30 22:34:22.534   789   789 D spcomlib: [spcom_is_sp_subsystem_link_up] skp dev-node doesn't exist.
11-30 22:34:22.541  1362  1752 V AlarmManager: Triggering alarm #0: 2 when =48897 package =android operation = null listenTag =WriteBufferAlarm flags =0x8
11-30 22:34:22.544   789   789 D spcomlib: [spcom_is_sp_subsystem_link_up] skp dev-node doesn't exist.
11-30 22:34:22.805   789   789 I chatty  : uid=1000(system) /vendor/bin/spdaemon identical 25 lines
11-30 22:34:22.815   789   789 D spcomlib: [spcom_is_sp_subsystem_link_up] skp dev-node doesn't exist.
11-30 22:34:22.822  1362  1382 W KernelCpuProcReader: File not exist: /proc/uid_cpupower/time_in_state
11-30 22:34:22.822  1362  1382 W KernelCpuProcReader: File not exist: /proc/uid_cpupower/concurrent_active_time
11-30 22:34:22.823  1362  1382 W KernelCpuProcReader: File not exist: /proc/uid_cpupower/concurrent_policy_time
11-30 22:34:22.826   789   789 D spcomlib: [spcom_is_sp_subsystem_link_up] skp dev-node doesn't exist.
11-30 22:34:22.856   789   789 I chatty  : uid=1000(system) /vendor/bin/spdaemon identical 3 lines
11-30 22:34:22.866   789   789 D spcomlib: [spcom_is_sp_subsystem_link_up] skp dev-node doesn't exist.
11-30 22:34:22.868  1362  3349 E OHPD    : [BgDetect] AppForkedProc ksoftirqd/0 pid 3 uid 0 can't find pkgName
11-30 22:34:22.868  1362  3349 E OHPD    : [BgDetect] AppForkedProc rcuop/3 pid 32 uid 0 can't find pkgName
11-30 22:34:22.868  1362  3349 E OHPD    : [BgDetect] AppForkedProc hwrng pid 203 uid 0 can't find pkgName
11-30 22:34:22.868  1362  3349 E OHPD    : [BgDetect] AppForkedProc cfinteractive pid 463 uid 0 can't find pkgName
11-30 22:34:22.868  1362  3349 E OHPD    : [BgDetect] AppForkedProc kworker/5:1H pid 586 uid 0 can't find pkgName
11-30 22:34:22.868  1362  3349 E OHPD    : [BgDetect] AppForkedProc kworker/7:1H pid 603 uid 0 can't find pkgName
11-30 22:34:22.868  1362  3349 I ActivityManager: pid= 797 st.name = surfaceflinger cpuPercent = 17 st.rel_utime =3580 st.rel_stime =2130
11-30 22:34:22.868  1362  3349 E OHPD    : [BgDetect] AppForkedProc thermal-engine pid 891 uid 0 can't find pkgName
11-30 22:34:22.868  1362  3349 E OHPD    : [BgDetect] AppForkedProc lowi-server pid 1021 uid 1021 can't find pkgName
11-30 22:34:22.868  1362  3349 E OHPD    : [BgDetect] AppForkedProc wlan_logging_th pid 2236 uid 0 can't find pkgName
11-30 22:34:22.868  1362  3349 E OHPD    : [BgDetect] AppForkedProc cds_mc_thread pid 2378 uid 0 can't find pkgName
11-30 22:34:22.868  1362  3349 I ActivityManager: pid= 2405 st.name = ndroid.systemui cpuPercent = 74 st.rel_utime =21950 st.rel_stime =2030
11-30 22:34:22.868  1362  3349 E OHPD    : [BgDetect] AppForkedProc wpa_supplicant pid 2535 uid 1010 can't find pkgName
11-30 22:34:22.877   789   789 D spcomlib: [spcom_is_sp_subsystem_link_up] skp dev-node doesn't exist.
11-30 22:34:29.166   789   789 I chatty  : uid=1000(system) /vendor/bin/spdaemon identical 595 lines
11-30 22:34:29.177   789   789 D spcomlib: [spcom_is_sp_subsystem_link_up] skp dev-node doesn't exist.
11-30 22:34:29.178  1362  1752 V AlarmManager: Triggering alarm #0: 2 when =55534 package =com.google.android.gms operation =*walarm*:com.google.android.intent.action.GCM_RECONNECT flags =0x5
11-30 22:34:29.187   789   789 D spcomlib: [spcom_is_sp_subsystem_link_up] skp dev-node doesn't exist.
11-30 22:34:42.177   789   789 I chatty  : uid=1000(system) /vendor/bin/spdaemon identical 1246 lines
11-30 22:34:42.188   789   789 D spcomlib: [spcom_is_sp_subsystem_link_up] skp dev-node doesn't exist.
11-30 22:34:42.195   916  1081 E storaged: getDiskStats failed with result NOT_SUPPORTED and size 0
11-30 22:34:42.198   789   789 D spcomlib: [spcom_is_sp_subsystem_link_up] skp dev-node doesn't exist.
11-30 22:34:42.637   789   789 I chatty  : uid=1000(system) /vendor/bin/spdaemon identical 42 lines
11-30 22:34:42.648   789   789 D spcomlib: [spcom_is_sp_subsystem_link_up] skp dev-node doesn't exist.
11-30 22:34:42.653  1362  1752 V AlarmManager: Triggering alarm #0: 2 when =56666 package =android operation = null listenTag =WifiConnectivityManager Schedule Periodic Scan Timer flags =0x8
11-30 22:34:42.653  1362  1752 V AlarmManager: Triggering alarm #1: 2 when =69009 package =android operation = null listenTag =*job.delay* flags =0x0
11-30 22:34:42.653  1362  1752 V AlarmManager: Triggering alarm #2: 2 when =69009 package =android operation = null listenTag =*job.delay* flags =0x0
11-30 22:34:42.653  1362  1752 V AlarmManager: Triggering alarm #3: 2 when =69009 package =android operation = null listenTag =*job.deadline* flags =0x0
11-30 22:34:42.660   789   789 D spcomlib: [spcom_is_sp_subsystem_link_up] skp dev-node doesn't exist.
11-30 22:34:43.153   789   789 I chatty  : uid=1000(system) /vendor/bin/spdaemon identical 47 lines
11-30 22:34:43.164   789   789 D spcomlib: [spcom_is_sp_subsystem_link_up] skp dev-node doesn't exist.
11-30 22:34:43.167  1362  1408 V PackageManager: [OnlineConfig] DozeWhitelist pkg:com.microsoft.mobile.polymer
11-30 22:34:43.168  1362  1408 D PackageManager: addDozeWhiteList: com.microsoft.mobile.polymer
11-30 22:34:43.168  1362  1408 V PackageManager: [OnlineConfig] DozeWhitelist pkg:com.nearme.gamecenter
11-30 22:34:43.168  1362  1408 D PackageManager: addDozeWhiteList: com.nearme.gamecenter
11-30 22:34:43.169  1362  1408 V PackageManager: [OnlineConfig] DozeWhitelist pkg:com.oneplus.opsports
11-30 22:34:43.169  1362  1408 D PackageManager: addDozeWhiteList: com.oneplus.opsports
11-30 22:34:43.169  1362  1408 V PackageManager: [OnlineConfig] DozeWhitelist pkg:com.microsoft.teams
11-30 22:34:43.170  1362  1408 D PackageManager: addDozeWhiteList: com.microsoft.teams
11-30 22:34:43.170  1362  1408 V PackageManager: [OnlineConfig] DozeWhitelist pkg:com.cttl.testService
11-30 22:34:43.171  1362  1408 D PackageManager: addDozeWhiteList: com.cttl.testService
11-30 22:34:43.171  1362  1408 V PackageManager: [OnlineConfig] DozeWhitelist pkg:com.mine.musicclock
11-30 22:34:43.171  1362  1408 D PackageManager: addDozeWhiteList: com.mine.musicclock
11-30 22:34:43.171  1362  1408 V PackageManager: [OnlineConfig] DozeWhitelist pkg:droom.sleepIfUCan
11-30 22:34:43.172  1362  1408 D PackageManager: addDozeWhiteList: droom.sleepIfUCan
11-30 22:34:43.172  1362  1408 V PackageManager: [OnlineConfig] DozeWhitelist pkg:com.zdworks.android.zdclock
