11-30 22:33:42.512  1362  1362 I SystemServiceManager: Starting com.android.server.ethernet.EthernetService
11-30 22:33:42.513  1362  1362 I SystemServer: StartConnectivityService
11-30 22:33:42.514  1362  1362 D ConnectivityService: ConnectivityService starting up
11-30 22:33:42.515  1362  1362 D ConnectivityService: wifiOnly=false
11-30 22:33:42.516  1362  1362 E ConnectivityService: Ignoring protectedNetwork 14
11-30 22:33:42.523  1362  1362 I SystemServer: StartNsdService
11-30 22:33:42.529  1362  1362 D NsdService: Network service discovery is enabled
11-30 22:33:42.530  1362  1362 I SystemServer: StartSystemUpdateManagerService
11-30 22:33:42.530  1362  1362 I SystemUpdateManagerService: No existing info file /data/system/system-update-info.xml
11-30 22:33:42.531  1362  1362 I SystemServer: StartUpdateLockService
11-30 22:33:42.531  1362  1362 I SystemServer: StartNotificationManager
11-30 22:33:42.531  1362  1362 I SystemServiceManager: Starting com.android.server.notification.NotificationManagerService
11-30 22:33:42.534  1362  1362 D ZenModeConfig: suppressedVisualEffects to default: 0
11-30 22:33:42.535  1362  1362 D ConditionProviders.SCP: new ScheduleConditionProvider()
11-30 22:33:42.541  1362  1362 D ZenModeConfig: suppressedVisualEffects to default: 0
11-30 22:33:42.543  1362  1362 D ConditionProviders: Subscribing to condition://android/event?userId=-10000&calendar=&reply=1 with ComponentInfo{android/com.android.server.notification.EventConditionProvider}
11-30 22:33:42.543  1362  1362 D ConditionProviders: Subscribing to condition://android/schedule?days=1.2.3.4.5.6.7&start=22.0&end=7.0&exitAtAlarm=true with ComponentInfo{android/com.android.server.notification.ScheduleConditionProvider}
11-30 22:33:42.549  1362  1362 I NotificationListeners: Read notification listener permissions from xml
11-30 22:33:42.549  1362  1362 I NotificationAssistants: Read notification assistant permissions from xml
11-30 22:33:42.549  1362  1362 I ConditionProviders: Read condition provider permissions from xml
11-30 22:33:42.549  1362  1362 I ConditionProviders: Read condition provider permissions from xml
11-30 22:33:42.559  1362  1362 I SystemServer: StartDeviceMonitor
11-30 22:33:42.559  1362  1362 I SystemServiceManager: Starting com.android.server.storage.DeviceStorageMonitorService
11-30 22:33:42.561  1362  1362 I SystemServer: StartLocationManagerService
11-30 22:33:42.562  1362  1362 I SystemServer: StartCountryDetectorService
11-30 22:33:42.562  1362  1362 I SystemServer: StartSearchManagerService
11-30 22:33:42.562  1362  1362 I SystemServiceManager: Starting com.android.server.search.SearchManagerService$Lifecycle
11-30 22:33:42.563  1362  1362 I SystemServer: StartWallpaperManagerService
11-30 22:33:42.563  1362  1362 I SystemServiceManager: Starting com.android.server.wallpaper.WallpaperManagerService$Lifecycle
11-30 22:33:42.564  1362  1362 I SystemServer: StartAudioService
11-30 22:33:42.564  1362  1362 I SystemServiceManager: Starting com.android.server.audio.AudioService$Lifecycle
11-30 22:33:42.597  1362  1362 I SystemServer: StartDockObserver
11-30 22:33:42.597  1362  1362 I SystemServiceManager: Starting com.android.server.DockObserver
11-30 22:33:42.597  1362  1362 W DockObserver: This kernel does not have dock station support
11-30 22:33:42.598  1362  1362 I SystemServer: StartWiredAccessoryManager
11-30 22:33:42.598  1362  1362 W WiredAccessoryManager: This kernel does not have (soc:h2w) wired headset support
11-30 22:33:42.598  1362  1362 W WiredAccessoryManager: This kernel does not have usb audio support
11-30 22:33:42.598  1362  1362 V WiredAccessoryManager: Monitor DP conn soc:qcom,msm-ext-disp/1/0
11-30 22:33:42.598  1362  1362 V WiredAccessoryManager: UEvent dev address controller=1;stream=0
11-30 22:33:42.598  1362  1362 V WiredAccessoryManager: checkDevIndex /sys/devices/platform/soc/soc:qcom,msm-ext-disp/extcon/extcon0/name
11-30 22:33:42.598  1362  1362 E WiredAccessoryManager: file /sys/devices/platform/soc/soc:qcom,msm-ext-disp/extcon/extcon0/name not found
11-30 22:33:42.598  1362  1362 W WiredAccessoryManager: Conn soc:qcom,msm-ext-disp/1/0 does not have DP audio support
11-30 22:33:42.598  1362  1362 V WiredAccessoryManager: Monitor DP conn soc:qcom,msm-ext-disp/0/0
11-30 22:33:42.598  1362  1362 V WiredAccessoryManager: UEvent dev address controller=0;stream=0
11-30 22:33:42.598  1362  1362 V WiredAccessoryManager: checkDevIndex /sys/devices/platform/soc/soc:qcom,msm-ext-disp/extcon/extcon0/name
11-30 22:33:42.598  1362  1362 E WiredAccessoryManager: file /sys/devices/platform/soc/soc:qcom,msm-ext-disp/extcon/extcon0/name not found
11-30 22:33:42.598  1362  1362 W WiredAccessoryManager: Conn soc:qcom,msm-ext-disp/0/0 does not have DP audio support
11-30 22:33:42.598  1362  1362 I SystemServer: StartMidiManager
11-30 22:33:42.598  1362  1362 I SystemServiceManager: Starting com.android.server.midi.MidiService$Lifecycle
11-30 22:33:42.599  1362  1362 I SystemServer: StartUsbService
11-30 22:33:42.599  1362  1362 I SystemServiceManager: Starting com.android.server.usb.UsbService$Lifecycle
11-30 22:33:42.600  1362  1362 D UsbHostManager: End register OtgAutoShutDownObserver
11-30 22:33:42.601  1362  1362 E UsbDeviceManager: failed to write to /sys/class/android_usb/android0/f_rndis/ethaddr
11-30 22:33:42.602  1362  1362 I UsbDeviceManager: USB GADGET HAL not present in the device
11-30 22:33:42.602  1362  1362 I UsbDeviceManager: java.util.NoSuchElementException
11-30 22:33:42.602  1362  1362 I UsbDeviceManager: 	at android.os.HwBinder.getService(Native Method)
11-30 22:33:42.602  1362  1362 I UsbDeviceManager: 	at android.hardware.usb.gadget.V1_0.IUsbGadget.getService(IUsbGadget.java:40)
11-30 22:33:42.602  1362  1362 I UsbDeviceManager: 	at android.hardware.usb.gadget.V1_0.IUsbGadget.getService(IUsbGadget.java:44)
11-30 22:33:42.602  1362  1362 I UsbDeviceManager: 	at com.android.server.usb.UsbDeviceManager.<init>(UsbDeviceManager.java:275)
11-30 22:33:42.602  1362  1362 I UsbDeviceManager: 	at com.android.server.usb.UsbService.<init>(UsbService.java:161)
11-30 22:33:42.602  1362  1362 I UsbDeviceManager: 	at com.android.server.usb.UsbService$Lifecycle.onStart(UsbService.java:89)
11-30 22:33:42.602  1362  1362 I UsbDeviceManager: 	at com.android.server.SystemServiceManager.startService(SystemServiceManager.java:126)
11-30 22:33:42.602  1362  1362 I UsbDeviceManager: 	at com.android.server.SystemServiceManager.startService(SystemServiceManager.java:113)
11-30 22:33:42.602  1362  1362 I UsbDeviceManager: 	at com.android.server.SystemServiceManager.startService(SystemServiceManager.java:72)
11-30 22:33:42.602  1362  1362 I UsbDeviceManager: 	at com.android.server.SystemServer.startOtherServices(SystemServer.java:1458)
11-30 22:33:42.602  1362  1362 I UsbDeviceManager: 	at com.android.server.SystemServer.run(SystemServer.java:462)
11-30 22:33:42.602  1362  1362 I UsbDeviceManager: 	at com.android.server.SystemServer.main(SystemServer.java:325)
11-30 22:33:42.602  1362  1362 I UsbDeviceManager: 	at java.lang.reflect.Method.invoke(Native Method)
11-30 22:33:42.602  1362  1362 I UsbDeviceManager: 	at com.android.internal.os.RuntimeInit$MethodAndArgsCaller.run(RuntimeInit.java:537)
11-30 22:33:42.602  1362  1362 I UsbDeviceManager: 	at com.android.internal.os.ZygoteInit.main(ZygoteInit.java:838)
11-30 22:33:42.602  1362  1362 E UsbDeviceManager: Failed to open control for mtp
11-30 22:33:42.602  1362  1362 E UsbDeviceManager: Failed to open control for mtp
11-30 22:33:42.609  1362  1795 I UsbPortManager: Usb hal service started android.hardware.usb@1.0::IUsb default
11-30 22:33:42.612  1362  1362 I SystemServer: StartSerialService
11-30 22:33:42.613  1362  1362 I SystemServer: StartHardwarePropertiesManagerService
11-30 22:33:42.614  1362  1362 I SystemServer: StartTwilightService
11-30 22:33:42.614  1362  1362 I SystemServiceManager: Starting com.android.server.twilight.TwilightService
11-30 22:33:42.614  1362  1362 I SystemServer: StartNightDisplay
11-30 22:33:42.615  1362  1362 I SystemServiceManager: Starting com.android.server.oneplus.display.ColorBalanceService
11-30 22:33:42.617  1362  1362 I SystemServer: StartJobScheduler
11-30 22:33:42.617  1362  1362 I SystemServiceManager: Starting com.android.server.job.JobSchedulerService
11-30 22:33:42.622  1362  1692 W OverlayManager: failed to generate idmap for /system/priv-app/OPNetworkSetting/OPNetworkSetting.apk and /vendor/overlay/CtNetworkSettingRes/CtNetworkSettingRes.apk: android.os.ServiceSpecificException:  (code 2)
11-30 22:33:42.625  1362  1362 D JobStore: Start tag: job-info
11-30 22:33:42.627  1362  1362 W JobStore: Periodic job for uid='10046' persisted run-time is too big [2:41:26, 2562047788015:12:55]. Clamping to [24:00:08,48:00:08]
11-30 22:33:42.633  1362  1362 I JobStore: Read 70 jobs
11-30 22:33:42.635  1362  1362 I SystemServer: StartSoundTrigger
11-30 22:33:42.636  1362  1362 I SystemServiceManager: Starting com.android.server.soundtrigger.SoundTriggerService
11-30 22:33:42.636  1362  1362 I SystemServer: StartTrustManager
11-30 22:33:42.636  1362  1362 I SystemServiceManager: Starting com.android.server.trust.TrustManagerService
11-30 22:33:42.636  1362  1362 I SystemServer: StartBackupManager
11-30 22:33:42.636  1362  1362 I SystemServiceManager: Starting com.android.server.backup.BackupManagerService$Lifecycle
11-30 22:33:42.637  1362  1362 I SystemServer: StartAppWidgerService
11-30 22:33:42.637  1362  1362 I SystemServiceManager: Starting com.android.server.appwidget.AppWidgetService
11-30 22:33:42.638  1362  1362 I SystemServer: StartVoiceRecognitionManager
11-30 22:33:42.638  1362  1362 I SystemServiceManager: Starting com.android.server.voiceinteraction.VoiceInteractionManagerService
11-30 22:33:42.638  1362  1362 I SystemServer: StartGestureLauncher
11-30 22:33:42.638  1362  1362 I SystemServiceManager: Starting com.android.server.GestureLauncherService
11-30 22:33:42.638  1362  1362 I SystemServer: StartSensorNotification
11-30 22:33:42.638  1362  1362 I SystemServiceManager: Starting com.android.server.SensorNotificationService
11-30 22:33:42.638  1362  1362 I SystemServer: StartContextHubSystemService
11-30 22:33:42.638  1362  1362 I SystemServiceManager: Starting com.android.server.ContextHubSystemService
11-30 22:33:42.638  1362  1362 I SystemServer: StartDiskStatsService
11-30 22:33:42.639  1362  1362 I SystemServer: StartNetworkTimeUpdateService
11-30 22:33:42.641  1362  1362 I SystemServer: StartCommonTimeManagementService
11-30 22:33:42.641  1362  1362 I SystemServer: CertBlacklister
11-30 22:33:42.642  1362  1362 I SystemServer: StartEmergencyAffordanceService
11-30 22:33:42.642  1362  1362 I SystemServiceManager: Starting com.android.server.emergency.EmergencyAffordanceService
11-30 22:33:42.642  1362  1362 I SystemServer: StartDreamManager
11-30 22:33:42.642  1362  1362 I SystemServiceManager: Starting com.android.server.dreams.DreamManagerService
11-30 22:33:42.642  1362  1362 I SystemServer: AddGraphicsStatsService
11-30 22:33:42.646  1362  1362 I SystemServer: AddOemExService
11-30 22:33:42.647  1362  1362 I SystemServer: AddOnePlusNfcService
11-30 22:33:42.647  1362  1362 I SystemServer: StartPrintManager
11-30 22:33:42.647  1362  1362 I SystemServiceManager: Starting com.android.server.print.PrintManagerService
11-30 22:33:42.648  1362  1362 I SystemServer: StartCompanionDeviceManager
11-30 22:33:42.648  1362  1362 I SystemServiceManager: Starting com.android.server.companion.CompanionDeviceManagerService
11-30 22:33:42.649  1362  1362 I SystemServer: StartRestrictionManager
11-30 22:33:42.649  1362  1362 I SystemServiceManager: Starting com.android.server.restrictions.RestrictionsManagerService
11-30 22:33:42.649  1362  1362 I SystemServer: StartMediaSessionService
11-30 22:33:42.649  1362  1362 I SystemServiceManager: Starting com.android.server.media.MediaSessionService
11-30 22:33:42.650  1362  1362 I SystemServer: StartMediaUpdateService
11-30 22:33:42.650  1362  1362 I SystemServiceManager: Starting com.android.server.media.MediaUpdateService
11-30 22:33:42.651  1362  1362 I SystemServer: StartMediaResourceMonitor
11-30 22:33:42.651  1362  1362 I SystemServiceManager: Starting com.android.server.media.MediaResourceMonitorService
11-30 22:33:42.651  1362  1362 I SystemServer: StartMediaRouterService
11-30 22:33:42.651  1362  1362 I SystemServer: StartFingerprintSensor
11-30 22:33:42.651  1362  1362 I SystemServiceManager: Starting com.android.server.fingerprint.FingerprintService
11-30 22:33:42.652  1362  1692 V FingerprintService: mDaemon was null, reconnect to fingerprint
11-30 22:33:42.652  1362  1362 I SystemServer: StartBackgroundDexOptService
11-30 22:33:42.653  1362  1362 I SystemServer: StartPruneInstantAppsJobService
11-30 22:33:42.653  1362  1362 I SystemServer: StartShortcutServiceLifecycle
11-30 22:33:42.653  1362  1362 I SystemServiceManager: Starting com.android.server.pm.ShortcutService$Lifecycle
11-30 22:33:42.654  1362  1362 I SystemServer: StartLauncherAppsService
11-30 22:33:42.654  1362  1362 I SystemServiceManager: Starting com.android.server.pm.LauncherAppsService
11-30 22:33:42.654  1362  1692 V FingerprintService: Fingerprint HAL id: 531663949824
11-30 22:33:42.654  1362  1362 I SystemServer: StartCrossProfileAppsService
11-30 22:33:42.654  1362  1362 I SystemServiceManager: Starting com.android.server.pm.CrossProfileAppsService
11-30 22:33:42.655  1362  1362 I SystemServer: Secrecy Service
11-30 22:33:42.655  1362  1362 I SystemServiceManager: Starting com.android.server.secrecy.SecrecyService
11-30 22:33:42.658  1362  1362 I SystemServer: StartMediaProjectionManager
11-30 22:33:42.658  1362  1362 I SystemServiceManager: Starting com.android.server.media.projection.MediaProjectionManagerService
11-30 22:33:42.660  1362  1362 I SystemServer: StartSliceManagerService
11-30 22:33:42.661  1362  1362 I SystemServiceManager: Starting com.android.server.slice.SliceManagerService$Lifecycle
11-30 22:33:42.663  1362  1362 I SystemServer: StartCameraServiceProxy
11-30 22:33:42.663  1362  1362 I SystemServiceManager: Starting com.android.server.camera.CameraServiceProxy
11-30 22:33:42.665  1362  1362 I SystemServer: StartStatsCompanionService
11-30 22:33:42.666  1362  1362 I SystemServiceManager: Starting com.android.server.stats.StatsCompanionService$Lifecycle
11-30 22:33:42.667  1362  1362 I KernelUidCpuFreqTimeReader: mPerClusterTimesAvailable=true
11-30 22:33:42.667  1362  1692 D FingerprintService: hasEnrolledFingerprints: 0, 0
11-30 22:33:42.667  1362  1692 D FingerprintService: hasEnrolledFingerprints: 0, 0
11-30 22:33:42.667  1362  1692 V FingerprintService: Enumerating user(0)
11-30 22:33:42.668  1362  1692 V FingerprintService: starting client InternalEnumerateClient(android), initiatedByClient = true
11-30 22:33:42.668  1362  1692 V FingerprintService: mExtDaemon was null, reconnect to fingerprint
11-30 22:33:42.670  1362  1362 I SystemServer: StartJitCompilation
11-30 22:33:42.670  1362  1362 I SystemServer: StartMmsService
11-30 22:33:42.670  1362  1362 I SystemServiceManager: Starting com.android.server.MmsServiceBroker
11-30 22:33:42.671  1362  1692 D FingerprintService: updateStatus , 4
11-30 22:33:42.672  1362  1362 I SystemServer: StartAutoFillService
11-30 22:33:42.672  1362  1362 I SystemServiceManager: Starting com.android.server.autofill.AutofillManagerService
11-30 22:33:42.672  1362  1362 I AutofillManagerService: Setting debug to false
11-30 22:33:42.673  1362  1362 I SystemServer: MakeVibratorServiceReady
11-30 22:33:42.676  1362  1362 I SystemServer: MakeLockSettingsServiceReady
11-30 22:33:42.694  1362  1362 I SyntheticPasswordManager: Device does not support weaver
11-30 22:33:42.695  1362  1362 I LockSettingsService: Device doesn't implement AuthSecret HAL
11-30 22:33:42.706  1362  1362 E LockSettingsStorage: Cannot read file java.io.FileNotFoundException: /data/system/gatekeeper.gesture.key: open failed: ENOENT (No such file or directory)
11-30 22:33:42.706  1362  1362 E LockSettingsStorage: Cannot read file java.io.FileNotFoundException: /data/system/gesture.key: open failed: ENOENT (No such file or directory)
11-30 22:33:42.707  1362  1362 I SystemServer: StartBootPhaseLockSettingsReady
11-30 22:33:42.707  1362  1362 I SystemServiceManager: Starting phase 480
11-30 22:33:42.786  1362  1362 I DevicePolicyManager: Set ro.device_owner property to false
11-30 22:33:42.788  1362  1362 W SystemServiceManager: Service com.android.server.devicepolicy.DevicePolicyManagerService$Lifecycle took 81 ms in onBootPhase
11-30 22:33:42.791  1362  1362 I SystemServer: StartBootPhaseSystemServicesReady
11-30 22:33:42.792  1362  1362 I SystemServiceManager: Starting phase 500
11-30 22:33:42.793  1362  1362 D AppStandbyController: Setting app idle enabled state
11-30 22:33:42.798  1362  1362 I VrManagerService: No default vr listener service found.
11-30 22:33:42.808  1362  1362 D DeviceIdleController:  DozePolicy=0
11-30 22:33:42.809  1362  1362 I WifiService: WifiService starting up with Wi-Fi enabled
11-30 22:33:42.825   920   920 E wificond: Failed to get wiphy indices
11-30 22:33:42.826  1362  1362 D WifiService: setWifiEnabled: true pid=1362, uid=1000, package=android
11-30 22:33:42.833  1362  1922 D ConnectivityService: Got NetworkFactory Messenger for Ethernet
11-30 22:33:42.853  1362  1362 I SystemServer: MakeWindowManagerServiceReady
11-30 22:33:42.888  1362  1382 E BatteryExternalStatsWorker: no controller energy info supplied for wifi
11-30 22:33:42.889   755   755 E android.hardware.wifi@1.0-service: mac address is valid:94652D7E0B9C: Success
11-30 22:33:42.889   755   755 E android.hardware.wifi@1.0-service: mac address is valid:94652D7E0B9A: Success
11-30 22:33:42.889   755   755 E android.hardware.wifi@1.0-service: sta mac is valid: Success
11-30 22:33:42.889   755   755 E android.hardware.wifi@1.0-service: get_mac_from_nv: the time of re-try to read mac:0: Success
11-30 22:33:42.890   755   755 E android.hardware.wifi@1.0-service: not in ftm_at or ftm_rf mode install wlan.ko: No such file or directory
11-30 22:33:42.901  1362  1378 I OemPhoneWindowManager: QuickPay: ScreenOff enabled=false which=0
11-30 22:33:42.901  1362  1378 I OemPhoneWindowManager: QuickPay: loadXY=null
11-30 22:33:42.903  1362  1362 I SystemServer: MakePowerManagerServiceReady
11-30 22:33:43.077  1362  1362 V PowerManagerService: mLightIdleBlackList = [com.bjjpsk.jpskb,cn, io.wifimap.wifimap,com.commonsware.cwac.locpoll.LocationPoller, com.yaya.mmbang,p]
11-30 22:33:43.077  1362  1362 V PowerManagerService: add (com.bjjpsk.jpskb, cn ) into mLongWLBlackMap
11-30 22:33:43.077  1362  1362 V PowerManagerService: add (io.wifimap.wifimap, com.commonsware.cwac.locpoll.LocationPoller ) into mLongWLBlackMap
11-30 22:33:43.077  1362  1362 V PowerManagerService: add (com.yaya.mmbang, p ) into mLongWLBlackMap
11-30 22:33:43.077  1362  1362 V PowerManagerService: mOemDisableWakeLockPackage = [com.moblie.bestapps.inlike, com.ifeng.news2, com.tencent.mtt, com.ijinshan.browser_fast, com.netease.cloudmusic, com.taobao.trip]
11-30 22:33:43.077  1362  1362 V PowerManagerService: mOemDisableWakeLockReason = [com.appboy.push]
11-30 22:33:43.077  1362  1362 V PowerManagerService: mDozeBlackForAudioList = [ctrip.android.view, com.tencent.qqgame.xq, com.netease.my.nearme.gamecenter, com.tencent.feiji, com.netease.dhxy.nearme.gamecenter, com.tencent.tmgp.RunGame, com.popcap.pvz2wdj, com.racergame.cityracing3d, com.skytouch.templerun2.hk, com.feamber.elementdef.nearme.gamecenter, com.zengame.ttmjscb.nearme.gamecenter, com.soulgame.bubble, com.supercell.clashroyale, com.ea.games.r3_row, com.gameloft.android.ANMP.GloftA8HM, com.kiloo.subwaysurf, shoot.extreme, qyg.project.ttfx.nearme.gamecenter, com.yinhan.hunter.oppo.nearme.gamecenter, com.bitmango.go.fruitsmaniamatch3, bwebmedia.cookbakedlasagna, com.GF.sweetcard.nearme.gamecenter, cn.nimostudio.chengyu.two.android, air.com.martian.RoomEscape1.oppo, bwebmedia.cookbakedlasagna, com.zg.bullet.train.simulator, com.imba.frontieranimals, com.youmusic.magictiles, com.hulu.plus, com.tencent.tmgp.sgame, com.flgame.fknyj.nearme.gamecenter, com.zengame.zrttddz.nearme.gamecenter, com.zhiliaoapp.musically]
11-30 22:33:43.081  1362  1362 I SystemServer: Secrecy systemReady
11-30 22:33:43.084  1362  1362 I SystemServer: MakePackageManagerServiceReady
11-30 22:33:43.102  1362  1405 I DisplayPowerController: useProximityForceSuspend = false
11-30 22:33:43.102  1362  1405 I WindowManager: Screen turning on...
11-30 22:33:43.102  1362  1405 W KeyguardServiceDelegate: onScreenTurningOn(): no keyguard service!
11-30 22:33:43.102  1362  1405 D RestartProcessManager: Screen off is false
11-30 22:33:43.103  1362  1405 I DisplayPowerController: useProximityForceSuspend = false
11-30 22:33:43.103  1362  1405 D RestartProcessManager: Screen off is false
11-30 22:33:43.104  1362  1405 I DisplayPowerController: useProximityForceSuspend = false
11-30 22:33:43.104  1362  1405 D RestartProcessManager: Screen off is false
11-30 22:33:43.110  1362  1362 V UserDataPreparer: Found /data/user_de/0 with serial number 0
11-30 22:33:43.110  1362  1362 V UserDataPreparer: Found /data/user/0 with serial number 0
11-30 22:33:43.110  1362  1362 V UserDataPreparer: Found /data/system_de/0 with serial number 0
11-30 22:33:43.110  1362  1362 V UserDataPreparer: Found /data/system_ce/0 with serial number 0
11-30 22:33:43.110  1362  1362 V UserDataPreparer: Found /data/misc_ce/0 with serial number 0
11-30 22:33:43.111  1362  1362 I SystemServer: MakeDisplayManagerServiceReady
11-30 22:33:43.111  1362  1362 I SystemServer: StartDeviceSpecificServices
11-30 22:33:43.111  1362  1362 I SystemServer: StartBootPhaseDeviceSpecificServicesReady
11-30 22:33:43.111  1362  1362 I SystemServiceManager: Starting phase 520
11-30 22:33:43.112  1362  1362 W UsageStatsService: Event reported without a package name
11-30 22:33:43.114  1362  1362 I ActivityManager: System now ready
11-30 22:33:43.114  1362  1362 D DeviceIdleController: [1] Set in BatteryStatsService's reference to init OnePlusStandbyAnalyzer
11-30 22:33:43.116  1362  1362 D OPSA    : init reporting-flag to false
11-30 22:33:43.132  1362  1362 I ActivityManager: Config changes=100 {1.0 0 ?mcc?mnc [de_DE] ldltr sw411dp w411dp h707dp 420dpi nrml long port finger -keyb/v/h -nav/h winConfig={ mBounds=Rect(0, 0 - 0, 0) mAppBounds=Rect(0, 0 - 1080, 1920) mWindowingMode=fullscreen mActivityType=undefined} s.5mThemeChanged = 0}
11-30 22:33:43.132  1362  1362 I ActivityManager: Override config changes=100 {1.0 0 ?mcc?mnc [de_DE] ldltr sw411dp w411dp h707dp 420dpi nrml long port finger -keyb/v/h -nav/h winConfig={ mBounds=Rect(0, 0 - 1080, 1920) mAppBounds=Rect(0, 0 - 1080, 1920) mWindowingMode=fullscreen mActivityType=undefined} s.5mThemeChanged = 0} for displayId=0
11-30 22:33:43.135  1362  1403 I ActivityManager: Config changes=100 {1.0 0 ?mcc?mnc [de_DE] ldltr sw411dp w411dp h707dp 420dpi nrml long port finger -keyb/v/h -nav/h winConfig={ mBounds=Rect(0, 0 - 0, 0) mAppBounds=Rect(0, 0 - 1080, 1920) mWindowingMode=fullscreen mActivityType=undefined} s.6mThemeChanged = 0}
11-30 22:33:43.135  1362  1403 I ActivityManager: Override config changes=100 {1.0 0 ?mcc?mnc [de_DE] ldltr sw411dp w411dp h707dp 420dpi nrml long port finger -keyb/v/h -nav/h winConfig={ mBounds=Rect(0, 0 - 1080, 1920) mAppBounds=Rect(0, 0 - 1080, 1920) mWindowingMode=fullscreen mActivityType=undefined} s.6mThemeChanged = 0} for displayId=0
11-30 22:33:43.138  1362  1362 I OnePlusProcessManager: OnePlusProcessManager VERSION = v15112601
11-30 22:33:43.159  1362  1362 D OnePlusProcessManager: [FO]prepareBPMConfigFiles()
11-30 22:33:43.159  1362  1362 D OnePlusProcessManager: loadXmlLocked():path=/data/data_bpm/version.xml
11-30 22:33:43.160  1362  1362 D OnePlusProcessManager: [FO]loadXmlLocked():path=/data/data_bpm/version.xml data size=1
11-30 22:33:43.160  1362  1362 D OnePlusProcessManager: loadXmlLocked():path=/system/bpm/version.xml
11-30 22:33:43.161  1362  1362 D OnePlusProcessManager: [FO]loadXmlLocked():path=/system/bpm/version.xml data size=1
11-30 22:33:43.161  1362  1362 D OnePlusProcessManager: checkVersion  sv=6 dv =6
11-30 22:33:43.161  1362  1362 D OnePlusProcessManager: [FO]prepareBPMConfigFiles() isForceUpdate =false
11-30 22:33:43.185  1362  1362 E ActivityManager: mServices.isSupport = false
11-30 22:33:43.186  1362  1362 I SystemServer: Making services ready
11-30 22:33:43.186  1362  1362 I SystemServer: StartActivityManagerReadyPhase
11-30 22:33:43.186  1362  1362 I SystemServiceManager: Starting phase 550
11-30 22:33:43.188  1362  1362 W ActivityManager: Too early to start/bind service in system_server: Phase=550 ComponentInfo{com.android.server.telecom/com.android.server.telecom.components.TelecomService}
11-30 22:33:43.188  1362  1362 W ActivityManager: Too early to start/bind service in system_server: Phase=550 ComponentInfo{com.android.server.telecom/com.android.server.telecom.components.TelecomService}
11-30 22:33:43.215  1362  1362 D BluetoothManagerService: Bluetooth boot completed
11-30 22:33:43.215  1362  1362 D BluetoothManagerService: Auto-enabling Bluetooth.
11-30 22:33:43.216  1362  1797 E BluetoothManagerService: CheckSdcardRetryCount = 0
11-30 22:33:43.297  1362  1362 W SystemServiceManager: Service com.android.server.InputMethodManagerService$Lifecycle took 81 ms in onBootPhase
11-30 22:33:43.297  1362  1856 D StorageManagerService: Thinking about init, mSystemReady=true, mDaemonConnected=true
11-30 22:33:43.297  1362  1856 D StorageManagerService: Thinking about reset, mSystemReady=true, mDaemonConnected=true
11-30 22:33:43.298  1362  1377 I ActivityManager: Force stopping com.android.providers.media appid=10015 user=-1: vold reset
11-30 22:33:43.298   632   645 W vold    : emulated setState:kRemoved
11-30 22:33:43.298   632   645 W vold    : emulated setState:kUnmounted
11-30 22:33:43.298   632   645 D         : Set volume reset finish property
11-30 22:33:43.300  1362  1362 I WallpaperManagerService: No static wallpaper imagery; defaults will be shown
11-30 22:33:43.300  1362  1981 V StorageManagerService: Found primary storage at VolumeInfo{emulated}:
11-30 22:33:43.300  1362  1981 V StorageManagerService:     type=EMULATED diskId=null partGuid= mountFlags=0 mountUserId=-1 
11-30 22:33:43.300  1362  1981 V StorageManagerService:     state=UNMOUNTED 
11-30 22:33:43.300  1362  1981 V StorageManagerService:     fsType=null fsUuid=null fsLabel=null 
11-30 22:33:43.300  1362  1981 V StorageManagerService:     path=null internalPath=null 
11-30 22:33:43.301   632   645 W vold    : emulated setState:kChecking
11-30 22:33:43.302   632   645 V vold    : Waiting for FUSE to spin up...
11-30 22:33:43.306  1362  1362 V AudioMonitor: date:2020-12-01T00:00
11-30 22:33:43.306  1362  1362 D UsbDeviceManager: systemReady
11-30 22:33:43.307  1362  1362 I SystemServer: StartObservingNativeCrashes
11-30 22:33:43.307  1362  1362 I SystemServer: StartSystemUI
11-30 22:33:43.307  1362  1692 I SystemServer: WebViewFactoryPreparation
11-30 22:33:43.308  1362  1795 I UsbPortManager: ClientCallback: otg_default
11-30 22:33:43.308  1362  1970 D BluetoothManagerService: Trying to bind to profile: 1, while Bluetooth was disabled
11-30 22:33:43.308  1362  1401 I UsbPortManager: USB port added: port=UsbPort{id=otg_default, supportedModes=dual}, status=UsbPortStatus{connected=false, currentMode=none, currentPowerRole=no-power, currentDataRole=no-data, supportedRoleCombinations=[no-power:no-data]}, canChangeMode=true, canChangePowerRole=false, canChangeDataRole=false
11-30 22:33:43.309  1362  1362 I SystemServer: MakeNetworkManagementServiceReady
11-30 22:33:43.309  1362  1362 D NetworkManagement: enabling bandwidth control
11-30 22:33:43.312  1362  1379 I ActivityManager: Start proc 2383:com.google.android.inputmethod.latin/u0a69 for service com.google.android.inputmethod.latin/com.android.inputmethod.latin.LatinIME
11-30 22:33:43.320  2382  2382 W sdcard  : Device explicitly enabled sdcardfs
11-30 22:33:43.326  1362  1362 I SystemServer: MakeIpSecServiceReady
11-30 22:33:43.328  1362  1382 E BatteryExternalStatsWorker: no controller energy info supplied for wifi
11-30 22:33:43.328  1362  1382 E BatteryExternalStatsWorker: no controller energy info supplied for telephony
11-30 22:33:43.328  1362  1362 D IpSecService: IpSecService is ready
11-30 22:33:43.328  1362  1362 I SystemServer: MakeNetworkStatsServiceReady
11-30 22:33:43.337  1362  1379 I ActivityManager: Start proc 2405:com.android.systemui/u0a21 for service com.android.systemui/.SystemUIService
11-30 22:33:43.339  1362  1692 E WebViewUpdater:  mNumRelroCreationsFinished = 0 mNumRelroCreationsStarted = 2
11-30 22:33:43.345  1362  1865 W NetworkPolicy: setRestrictBackgroundUL: already false
11-30 22:33:43.352   632   645 W vold    : emulated setState:kMounted
11-30 22:33:43.361  1362  1362 I SystemServer: MakeConnectivityServiceReady
11-30 22:33:43.374  1362  1362 I SystemServer: MakeNetworkPolicyServiceReady
11-30 22:33:43.374  1362  1922 V NetPluginDelegate: registerHandler
11-30 22:33:43.381  1362  1362 I SystemServer: StartWatchdog
11-30 22:33:43.392  1362  1379 W ActivityManager: Slow operation: 53ms so far, now at startProcess: returned from zygote!
11-30 22:33:43.393  1362  1379 W ActivityManager: Slow operation: 54ms so far, now at startProcess: done updating battery stats
11-30 22:33:43.393  1362  1379 W ActivityManager: Slow operation: 54ms so far, now at startProcess: building log message
11-30 22:33:43.393  1362  1379 I ActivityManager: Start proc 2434:WebViewLoader-armeabi-v7a/1037 [android.webkit.WebViewLibraryLoader$RelroFileCreator] for 
11-30 22:33:43.393  1362  1379 W ActivityManager: Slow operation: 54ms so far, now at startProcess: starting to update pids map
11-30 22:33:43.393  1362  1379 W ActivityManager: Slow operation: 54ms so far, now at startProcess: done updating pids map
11-30 22:33:43.393  1362  1379 W ActivityManager: Slow operation: 54ms so far, now at startProcess: asking zygote to start proc
11-30 22:33:43.426  1362  1379 W ActivityManager: Slow operation: 87ms so far, now at startProcess: returned from zygote!
11-30 22:33:43.426  1362  1379 W ActivityManager: Slow operation: 87ms so far, now at startProcess: done updating battery stats
11-30 22:33:43.426  1362  1379 W ActivityManager: Slow operation: 87ms so far, now at startProcess: building log message
11-30 22:33:43.426  1362  1379 I ActivityManager: Start proc 2457:WebViewLoader-arm64-v8a/1037 [android.webkit.WebViewLibraryLoader$RelroFileCreator] for 
11-30 22:33:43.426  1362  1379 W ActivityManager: Slow operation: 87ms so far, now at startProcess: starting to update pids map
11-30 22:33:43.426  1362  1379 W ActivityManager: Slow operation: 87ms so far, now at startProcess: done updating pids map
11-30 22:33:43.446  1362  1602 I PackageManager: Deferred reconcileAppsData finished 171 packages
11-30 22:33:43.446  1362  1362 I SystemServer: PhaseThirdPartyAppsCanStart
11-30 22:33:43.446  1362  1362 I SystemServiceManager: Starting phase 600
11-30 22:33:43.457  1362  1362 V WallpaperManagerService: bindWallpaperComponentLocked: componentName=ComponentInfo{com.oneplus.wallpaper/com.oneplus.wallpaper.LiveWallpaper}
11-30 22:33:43.462  1362  1981 E WebViewUpdater:  mNumRelroCreationsFinished = 1 mNumRelroCreationsStarted = 2
11-30 22:33:43.480  1362  1752 V AlarmManager: Triggering alarm #0: 3 when =9711 package =android operation =*alarm*:com.android.server.action.NETWORK_STATS_POLL flags =0x8
11-30 22:33:43.480  1362  1752 V AlarmManager: Triggering alarm #1: 2 when =9835 package =android operation = null listenTag =*job.delay* flags =0x0
11-30 22:33:43.480  1362  1379 I ActivityManager: Start proc 2479:com.oneplus.wallpaper/u0a75 for service com.oneplus.wallpaper/.LiveWallpaper
11-30 22:33:43.486  1362  1752 V AlarmManager: Triggering alarm #0: 2 when =9835 package =android operation = null listenTag =*job.delay* flags =0x0
11-30 22:33:43.518  1362  1362 I StatsCompanionService: Told statsd that StatsCompanionService is alive.
11-30 22:33:43.518  1362  1362 I SystemServer: MakeLocationServiceReady
11-30 22:33:43.520  1362  1981 E WebViewUpdater:  mNumRelroCreationsFinished = 2 mNumRelroCreationsStarted = 2
11-30 22:33:43.527  1362  1362 W LocationProviderProxy-network: Odd, no component found for service com.android.location.service.v3.NetworkLocationProvider
11-30 22:33:43.529  1362  1362 W GeocoderProxy: Odd, no component found for service com.android.location.service.GeocodeProvider
11-30 22:33:43.530  1362  1362 W GeofenceProxy: Odd, no component found for service com.android.location.service.GeofenceProvider
11-30 22:33:43.530  1362  1362 D LocationManagerService: Hardware Activity-Recognition not supported.
11-30 22:33:43.530  1362  1362 W ActivityRecognitionProxy: Odd, no component found for service com.android.location.service.ActivityRecognitionProvider
11-30 22:33:43.533  1362  1377 W BroadcastQueue: Background execution not allowed: receiving Intent { act=android.location.PROVIDERS_CHANGED flg=0x10 } to com.google.android.gms/.chimera.GmsIntentOperationService$PersistentTrustedReceiver
11-30 22:33:43.533  1362  1377 W BroadcastQueue: Background execution not allowed: receiving Intent { act=android.location.MODE_CHANGED flg=0x10 } to com.google.android.gms/.chimera.GmsIntentOperationService$PersistentTrustedReceiver
11-30 22:33:43.534  1362  1362 I SystemServer: MakeCountryDetectionServiceReady
11-30 22:33:43.534  1362  1362 I SystemServer: MakeNetworkTimeUpdateReady
11-30 22:33:43.535  1362  1362 D ConnectivityService: requestNetwork for uid/pid:1000/1362 NetworkRequest [ TRACK_DEFAULT id=6, [ Capabilities: INTERNET&NOT_RESTRICTED&TRUSTED Unwanted:  Uid: 1000] ]
11-30 22:33:43.535  1362  1362 I SystemServer: MakeCommonTimeManagementServiceReady
11-30 22:33:43.536  1362  1362 I SystemServer: MakeInputManagerServiceReady
11-30 22:33:43.537  1362  1362 I SystemServer: MakeTelephonyRegistryReady
11-30 22:33:43.537  1362  1362 I SystemServer: MakeMediaRouterServiceReady
11-30 22:33:43.537  1362  1362 I SystemServer: MakeMmsServiceReady
11-30 22:33:43.537  1362  1362 I MmsServiceBroker: Delay connecting to MmsService until an API is called
11-30 22:33:43.537  1362  1362 I SystemServer: IncidentDaemonReady
11-30 22:33:43.539  1362  1362 W ContextImpl: Calling a method in the system process without a qualified user: android.app.ContextImpl.startService:1549 com.qualcomm.qcrilhook.QcRilHook.<init>:154 com.qualcomm.qcnvitems.QcNvItems.<init>:73 java.lang.reflect.Constructor.newInstance0:-2 java.lang.reflect.Constructor.newInstance:343 
11-30 22:33:43.540  1362  1362 W ContextImpl: Calling a method in the system process without a qualified user: android.app.ContextImpl.bindService:1629 com.qualcomm.qcrilhook.QcRilHook.<init>:156 com.qualcomm.qcnvitems.QcNvItems.<init>:73 java.lang.reflect.Constructor.newInstance0:-2 java.lang.reflect.Constructor.newInstance:343 
11-30 22:33:43.540  1362  1362 I ActivityManager: getIndicate....
11-30 22:33:43.541  1362  1362 I SystemServer: OemExServiceReady
11-30 22:33:43.541  1362  1362 I SystemServer: OnePlusNfcServiceReady
11-30 22:33:43.541  1362  1362 D OnePlusNfcService: [systemRunning]
11-30 22:33:43.541  1362  1362 D OnePlusNfcService: [parseConfigs]
11-30 22:33:43.545  1362  1362 D OnePlusNfcService: [dumpConfigs] YangChengTong yangchengtong
11-30 22:33:43.545  1362  1362 D OnePlusNfcService: [dumpConfigs] ChangAnCard changancard
11-30 22:33:43.545  1362  1362 D OnePlusNfcService: [dumpConfigs] ShenZhenTong shenzhentong
11-30 22:33:43.545  1362  1362 D OnePlusNfcService: [dumpConfigs] LinNanTong yangchengtong
11-30 22:33:43.545  1362  1362 D OnePlusNfcService: [dumpConfigs] BeiJingBaShi beijingbus
11-30 22:33:43.545  1362  1362 D OnePlusNfcService: [dumpConfigs] ZhengZhouBus zhengzhoubus
11-30 22:33:43.545  1362  1362 D OnePlusNfcService: [dumpConfigs] ProductLine productline
11-30 22:33:43.545  1362  1362 D OnePlusNfcService: [setNfcConfig] config productline
11-30 22:33:43.547  1362  1362 W OnePlusNfcService: [resetNfcService] nfc is disable,no need to reset
11-30 22:33:43.547  1362  1362 I SystemServiceManager: Calling onStartUser u0
11-30 22:33:43.549   755   755 I android.hardware.wifi@1.0-service: Wifi HAL started
11-30 22:33:43.554  1362  1362 E ColorBalanceService: ColorDisplayController is NULL
11-30 22:33:43.555  1362  1362 D ColorBalanceService: setUp: currentUser=0
11-30 22:33:43.555  1362  1362 I ColorBalanceService: #0 reading mode isReadingModeActivated isReadon = false colorbalance_stop = false
11-30 22:33:43.556  1362  1362 I ColorBalanceService: #2 reading mode had been close!
11-30 22:33:43.556  1362  1362 I ColorDisplayController: setActivated:false
11-30 22:33:43.556  1362  1362 I OIMC    : notified , mode NightMode changeTo 2
11-30 22:33:43.556  1362  1379 I ActivityManager: Start proc 2526:com.qualcomm.qcrilmsgtunnel/1001 for service com.qualcomm.qcrilmsgtunnel/.QcrilMsgTunnelService
11-30 22:33:43.556  1362  1362 I ColorBalanceService: #3 night mode have to  closed!
11-30 22:33:43.557  1362  1854 I OIMC    : The mode: NightMode is not entered
11-30 22:33:43.558  1362  1999 I ColorBalanceService: close matrix!
11-30 22:33:43.559  1362  1999 D ColorBalanceService: revertStatus:1
11-30 22:33:43.559  1362  1999 D ColorBalanceService: SRGB,turn off!
11-30 22:33:43.561  1362  1362 I ActivityManager: START u0 {act=android.intent.action.MAIN cat=[android.intent.category.HOME] flg=0x10000100 cmp=com.android.settings/.FallbackHome} from uid 0 pid 0
11-30 22:33:43.570  1362  1999 D ColorBalanceService: DCIP3,turn off!
11-30 22:33:43.586  1362  1999 D ColorBalanceService: night mode node,turn off!
11-30 22:33:43.587  1362  1999 D ColorBalanceService: AdaptitionColorMode,turn off!
11-30 22:33:43.587  1362  1999 I ColorBalanceService: setSRGBSensorEnabled:false
11-30 22:33:43.587  1362  1999 D ColorBalanceService: opSetActiveModesId: mode = 0
11-30 22:33:43.590  1362  1999 I ColorBalanceService: close Propeties!
11-30 22:33:43.664  1362  1362 I OPPerf  : newest switch = 1
11-30 22:33:43.671  1362  1362 I ActivityManager: Loaded persisted task ids for user 0
11-30 22:33:43.677  1362  1362 I ActivityManager: AppLocker: mHintConfirmed=false
11-30 22:33:43.678  1362  1362 I ActivityManager: AppLocker: mHintConfirmed=false
11-30 22:33:43.714   755   755 I android.hardware.wifi@1.0-service: Adding interface handle for wlan0
11-30 22:33:43.714   755   755 I android.hardware.wifi@1.0-service: Adding interface handle for p2p0
11-30 22:33:43.714   755   755 I android.hardware.wifi@1.0-service: Configured chip in mode 0
11-30 22:33:43.725   920   920 I wificond: create scanner for interface with index: 26
11-30 22:33:43.725   920   920 I wificond: subscribe scan result for interface with index: 26
11-30 22:33:43.727   920   920 E wificond: No Offload Service available
11-30 22:33:43.727   920   920 I wificond: Offload HAL not supported 
11-30 22:33:43.743  1362  1362 I ActivityManager: AppLocker: mHintConfirmed=false
11-30 22:33:43.743  1362  1362 I ActivityManager: AppLocker: mHintConfirmed=false
11-30 22:33:43.743  1362  1362 I OemSceneModeAmHelper: [scene] end switching user
11-30 22:33:43.746  1362  1379 W ActivityManager: Slow operation: 187ms so far, now at startProcess: asking zygote to start proc
11-30 22:33:43.747  1362  1372 W ActivityManager: No pending application record for pid 2526 (IApplicationThread android.app.IApplicationThread$Stub$Proxy@862df2c); dropping process
11-30 22:33:43.748  1362  1377 D RestartProcessManager: updateSelf :  com.android.settings, size : 30
11-30 22:33:43.749  1362  2505 W LocationProviderProxy-network: Odd, no component found for service com.android.location.service.v3.NetworkLocationProvider
11-30 22:33:43.749  1362  1378 W Looper  : Slow dispatch took 191ms android.ui h=com.android.server.am.ActivityManagerService$UiHandler c=null m=53
11-30 22:33:43.749  1362  2505 W GeocoderProxy: Odd, no component found for service com.android.location.service.GeocodeProvider
11-30 22:33:43.749  1362  2505 W GeofenceProxy: Odd, no component found for service com.android.location.service.GeofenceProvider
11-30 22:33:43.750  1362  1377 D RestartProcessManager: updateSelf :  com.android.settings, size : 30
11-30 22:33:43.750  1362  2505 W ActivityRecognitionProxy: Odd, no component found for service com.android.location.service.ActivityRecognitionProvider
11-30 22:33:43.754  1362  1362 D OnePlusAppBootManager: # dump # VERSION # 16110304
11-30 22:33:43.754  1362  1362 D OnePlusAppBootManager: # dump # IN_USING # true
11-30 22:33:43.754  1362  1362 D OnePlusAppBootManager: # dump # mAppBootSwitch # false
11-30 22:33:43.754  1362  1362 D OnePlusAppBootManager: # dump # DEBUG # false
11-30 22:33:43.754  1362  1362 D OnePlusAppBootManager: # dump # DEBUG_OEMLOG # false
11-30 22:33:43.754  1362  1362 D OnePlusAppBootManager: # dump # BLACKLIST_ENABLE # true
11-30 22:33:43.754  1362  1362 D OnePlusAppBootManager: # dump # mGlobalFlags # 0
11-30 22:33:43.754  1362  1379 W ActivityManager: Slow operation: 196ms so far, now at startProcess: returned from zygote!
11-30 22:33:43.756  1362  1379 W ActivityManager: Slow operation: 197ms so far, now at startProcess: done updating battery stats
11-30 22:33:43.756  1362  1379 W ActivityManager: Slow operation: 197ms so far, now at startProcess: building log message
11-30 22:33:43.756  1362  1379 I ActivityManager: Start proc 2574:.dataservices/1000 for added application .dataservices
11-30 22:33:43.756  1362  1379 W ActivityManager: Slow operation: 197ms so far, now at startProcess: starting to update pids map
11-30 22:33:43.756  1362  1379 W ActivityManager: Slow operation: 197ms so far, now at startProcess: done updating pids map
11-30 22:33:43.756  1362  1379 W ActivityManager: Slow operation: 197ms so far, now at startProcess: asking zygote to start proc
11-30 22:33:43.761  1362  1362 I OnePlusDuallteManager: OnePlusDuallteManager VERSION = v2018061601 |ENABLE:false
11-30 22:33:43.767  1362  1379 W ActivityManager: Slow operation: 208ms so far, now at startProcess: returned from zygote!
11-30 22:33:43.767  1362  1379 W ActivityManager: Slow operation: 208ms so far, now at startProcess: done updating battery stats
11-30 22:33:43.767  1362  1379 W ActivityManager: Slow operation: 208ms so far, now at startProcess: building log message
11-30 22:33:43.767  1362  1379 I ActivityManager: Start proc 2583:com.qualcomm.qti.telephonyservice/1001 for added application com.qualcomm.qti.telephonyservice
11-30 22:33:43.767  1362  1379 W ActivityManager: Slow operation: 208ms so far, now at startProcess: starting to update pids map
11-30 22:33:43.767  1362  1379 W ActivityManager: Slow operation: 208ms so far, now at startProcess: done updating pids map
11-30 22:33:43.767  1362  1379 W ActivityManager: Slow operation: 208ms so far, now at startProcess: asking zygote to start proc
11-30 22:33:43.774  1362  1362 D OnePlusDuallteManager: initSysPropt() lastOperated:-1 |curDuallteState:0
11-30 22:33:43.774  1362  1362 I OIMC    : notifyOIMCAMSReady start register func
11-30 22:33:43.782  1362  1854 I OIMC    : load default config
11-30 22:33:43.782  1362  1362 I OifaceManager: OifaceManager new  : null
11-30 22:33:43.782  1362  1362 D OifaceManager: initOnlineConfig
11-30 22:33:43.782  1362  1854 I OIMC    : read json config error message:/system/etc/oimc.json (No such file or directory)
11-30 22:33:43.782  1362  1854 I OIMC    : java.io.FileNotFoundException: /system/etc/oimc.json (No such file or directory)
11-30 22:33:43.782  1362  1854 I OIMC    : 	at java.io.FileInputStream.open0(Native Method)
11-30 22:33:43.782  1362  1854 I OIMC    : 	at java.io.FileInputStream.open(FileInputStream.java:231)
11-30 22:33:43.782  1362  1854 I OIMC    : 	at java.io.FileInputStream.<init>(FileInputStream.java:165)
11-30 22:33:43.782  1362  1854 I OIMC    : 	at android.util.AtomicFile.openRead(AtomicFile.java:229)
11-30 22:33:43.782  1362  1854 I OIMC    : 	at com.oneplus.server.TriggerManager.readLocalConfig(TriggerManager.java:1135)
11-30 22:33:43.782  1362  1854 I OIMC    : 	at com.oneplus.server.TriggerManager.updateTrigger(TriggerManager.java:1065)
11-30 22:33:43.782  1362  1854 I OIMC    : 	at com.oneplus.server.OIMCService$1.handleMessage(OIMCService.java:103)
11-30 22:33:43.782  1362  1854 I OIMC    : 	at android.os.Handler.dispatchMessage(Handler.java:106)
11-30 22:33:43.782  1362  1854 I OIMC    : 	at android.os.Looper.loop(Looper.java:193)
11-30 22:33:43.782  1362  1854 I OIMC    : 	at android.os.HandlerThread.run(HandlerThread.java:65)
11-30 22:33:43.785  1362  1379 W ActivityManager: Slow operation: 226ms so far, now at startProcess: returned from zygote!
11-30 22:33:43.786  1362  1379 W ActivityManager: Slow operation: 227ms so far, now at startProcess: done updating battery stats
11-30 22:33:43.786  1362  1379 W ActivityManager: Slow operation: 227ms so far, now at startProcess: building log message
11-30 22:33:43.786  1362  1379 I ActivityManager: Start proc 2613:se.dirac.acs/u0a16 for added application se.dirac.acs
11-30 22:33:43.786  1362  1379 W ActivityManager: Slow operation: 227ms so far, now at startProcess: starting to update pids map
11-30 22:33:43.786  1362  1379 W ActivityManager: Slow operation: 227ms so far, now at startProcess: done updating pids map
11-30 22:33:43.786  1362  1379 W ActivityManager: Slow operation: 227ms so far, now at startProcess: asking zygote to start proc
11-30 22:33:43.794  1362  1362 D OnePlusIdleWhiltelistService: mSpecialIdleWhiteList: [com.tencent.mm]
11-30 22:33:43.795  1362  1362 D SystemServerInitThreadPool: Shutdown successful
11-30 22:33:43.796  1362  1362 W Looper  : Slow delivery took 1671ms main h=android.os.Handler c=com.android.server.BatteryService$13@561195b m=0
11-30 22:33:43.804  1362  1379 W ActivityManager: Slow operation: 245ms so far, now at startProcess: returned from zygote!
11-30 22:33:43.804  1362  1379 W ActivityManager: Slow operation: 245ms so far, now at startProcess: done updating battery stats
11-30 22:33:43.804  1362  1379 W ActivityManager: Slow operation: 246ms so far, now at startProcess: building log message
11-30 22:33:43.805  1362  1379 I ActivityManager: Start proc 2624:com.qualcomm.qcrilmsgtunnel/1001 for added application com.qualcomm.qcrilmsgtunnel
11-30 22:33:43.805  1362  1379 W ActivityManager: Slow operation: 246ms so far, now at startProcess: starting to update pids map
11-30 22:33:43.805  1362  1379 W ActivityManager: Slow operation: 246ms so far, now at startProcess: done updating pids map
11-30 22:33:43.805  1362  1379 W ActivityManager: Slow operation: 245ms so far, now at startProcess: asking zygote to start proc
11-30 22:33:43.809   920   920 I wificond: Regulatory domain changed to country: DE
11-30 22:33:43.810   920   920 I wificond: 2.4Ghz frequencies: 2412 2417 2422 2427 2432 2437 2442 2447 2452 2457 2462 2467 2472
11-30 22:33:43.810   920   920 I wificond: 5Ghz non-DFS frequencies: 5180 5200 5220 5240 5745 5765 5785 5805 5825 5845
11-30 22:33:43.810   920   920 I wificond: 5Ghz DFS frequencies: 5260 5280 5300 5320 5500 5520 5540 5560 5580 5600 5620 5640 5660 5680 5700 5720
11-30 22:33:43.815  1362  1379 W ActivityManager: Slow operation: 255ms so far, now at startProcess: returned from zygote!
11-30 22:33:43.816  1362  1379 W ActivityManager: Slow operation: 256ms so far, now at startProcess: done updating battery stats
11-30 22:33:43.816  1362  1379 W ActivityManager: Slow operation: 256ms so far, now at startProcess: building log message
11-30 22:33:43.816  1362  1379 I ActivityManager: Start proc 2637:com.android.phone/1001 for added application com.android.phone
11-30 22:33:43.816  1362  1379 W ActivityManager: Slow operation: 256ms so far, now at startProcess: starting to update pids map
11-30 22:33:43.816  1362  1379 W ActivityManager: Slow operation: 256ms so far, now at startProcess: done updating pids map
11-30 22:33:43.816  1362  1362 D ConditionProviders.SCP: onConnected
11-30 22:33:43.816  1362  1362 D ConditionProviders.SCP: onSubscribe condition://android/schedule?days=1.2.3.4.5.6.7&start=22.0&end=7.0&exitAtAlarm=true
11-30 22:33:43.816  1362  1362 D ConditionProviders.SCP: setRegistered true
11-30 22:33:43.817  1362  1379 W ActivityManager: Slow operation: 139ms so far, now at startProcess: asking zygote to start proc
11-30 22:33:43.823  1362  1362 D ConditionProviders.SCP: evaluateSubscriptionLocked cal=ScheduleCalendar[mDays={1, 2, 3, 4, 5, 6, 7}, mSchedule=ScheduleInfo{days=[1, 2, 3, 4, 5, 6, 7], startHour=22, startMinute=0, endHour=7, endMinute=0, exitAtAlarm=true, nextAlarm=Thu Jan 01 01:00:00 GMT+01:00 1970 (0)}], now=Mon Nov 30 22:33:43 GMT+01:00 2020 (1606772023816), nextUserAlarmTime=Thu Jan 01 01:00:00 GMT+01:00 1970 (0)
11-30 22:33:43.824  1362  1362 D ConditionProviders.SCP: notifyCondition condition://android/schedule?days=1.2.3.4.5.6.7&start=22.0&end=7.0&exitAtAlarm=true STATE_TRUE reason=meetsSchedule
11-30 22:33:43.826  1362  1362 D ConditionProviders.SCP: Scheduling evaluate for Tue Dec 01 07:00:00 GMT+01:00 2020 (1606802400000), in +8h26m16s184ms, now=Mon Nov 30 22:33:43 GMT+01:00 2020 (1606772023816)
11-30 22:33:43.826  1362  1362 V AudioMonitor: RINGER_MODE_CHANGED_ACTION:1
11-30 22:33:43.827  1362  1935 E ActivityThread: Failed to find provider info for com.android.calendar
11-30 22:33:43.828  1362  1935 E ActivityThread: Failed to find provider info for com.android.calendar
11-30 22:33:43.835  1362  1379 W ActivityManager: Slow operation: 157ms so far, now at startProcess: returned from zygote!
11-30 22:33:43.835  1362  1379 W ActivityManager: Slow operation: 157ms so far, now at startProcess: done updating battery stats
11-30 22:33:43.835  1362  1379 W ActivityManager: Slow operation: 157ms so far, now at startProcess: building log message
