11-30 22:34:43.172  1362  1408 D PackageManager: addDozeWhiteList: com.zdworks.android.zdclock
11-30 22:34:43.172  1362  1408 V PackageManager: [OnlineConfig] DozeWhitelist pkg:com.dianxinos.clock
11-30 22:34:43.173  1362  1408 D PackageManager: addDozeWhiteList: com.dianxinos.clock
11-30 22:34:43.173  1362  1408 V PackageManager: [OnlineConfig] DozeWhitelist pkg:com.luckygz.bbcal
11-30 22:34:43.173  1362  1408 D PackageManager: addDozeWhiteList: com.luckygz.bbcal
11-30 22:34:43.173  1362  1408 V PackageManager: [OnlineConfig] DozeWhitelist pkg:com.oppo.market
11-30 22:34:43.174   789   789 D spcomlib: [spcom_is_sp_subsystem_link_up] skp dev-node doesn't exist.
11-30 22:34:43.174  1362  1408 D PackageManager: addDozeWhiteList: com.oppo.market
11-30 22:34:43.174  1362  1408 V PackageManager: [OnlineConfig] DozeWhitelist pkg:com.atnote.yearcalendar.activity
11-30 22:34:43.174  1362  1408 D PackageManager: addDozeWhiteList: com.atnote.yearcalendar.activity
11-30 22:34:43.175  1362  1408 V PackageManager: [OnlineConfig] DozeWhitelist pkg:com.ubercab.driver
11-30 22:34:43.175  1362  1408 D PackageManager: addDozeWhiteList: com.ubercab.driver
11-30 22:34:43.175  1362  1408 V PackageManager: [OnlineConfig] DozeWhitelist pkg:com.sdu.didi.gsui
11-30 22:34:43.176  1362  1408 D PackageManager: addDozeWhiteList: com.sdu.didi.gsui
11-30 22:34:43.176  1362  1408 V PackageManager: [OnlineConfig] DozeWhitelist pkg:com.funcity.taxi.driver
11-30 22:34:43.176  1362  1408 D PackageManager: addDozeWhiteList: com.funcity.taxi.driver
11-30 22:34:43.176  1362  1408 V PackageManager: [OnlineConfig] DozeWhitelist pkg:com.linkedin.chitu
11-30 22:34:43.176  1362  1408 D PackageManager: addDozeWhiteList: com.linkedin.chitu
11-30 22:34:43.177  1362  1408 V PackageManager: [OnlineConfig] DozeWhitelist pkg:com.taobao.wwseller
11-30 22:34:43.177  1362  1408 D PackageManager: addDozeWhiteList: com.taobao.wwseller
11-30 22:34:43.177  1362  1408 V PackageManager: [OnlineConfig] DozeWhitelist pkg:com.weixiaodian.shop
11-30 22:34:43.177  1362  1408 D PackageManager: addDozeWhiteList: com.weixiaodian.shop
11-30 22:34:43.177  1362  1408 V PackageManager: [OnlineConfig] DozeWhitelist pkg:com.alibaba.icbu.app.seller
11-30 22:34:43.178  1362  1408 D PackageManager: addDozeWhiteList: com.alibaba.icbu.app.seller
11-30 22:34:43.178  1362  1408 V PackageManager: [OnlineConfig] DozeWhitelist pkg:com.sankuai.meituan.meituanwaimaibusiness
11-30 22:34:43.178  1362  1408 D PackageManager: addDozeWhiteList: com.sankuai.meituan.meituanwaimaibusiness
11-30 22:34:43.178  1362  1408 V PackageManager: [OnlineConfig] DozeWhitelist pkg:com.nuomi.merchant
11-30 22:34:43.178  1362  1408 D PackageManager: addDozeWhiteList: com.nuomi.merchant
11-30 22:34:43.179  1362  1408 V PackageManager: [OnlineConfig] DozeWhitelist pkg:me.ele.napos
11-30 22:34:43.179  1362  1408 D PackageManager: addDozeWhiteList: me.ele.napos
11-30 22:34:43.179  1362  1408 V PackageManager: [OnlineConfig] DozeWhitelist pkg:com.alipay.m.portal
11-30 22:34:43.179  1362  1408 D PackageManager: addDozeWhiteList: com.alipay.m.portal
11-30 22:34:43.179  1362  1408 V PackageManager: [OnlineConfig] DozeWhitelist pkg:com.sankuai.meituan.merchant
11-30 22:34:43.179  1362  1408 D PackageManager: addDozeWhiteList: com.sankuai.meituan.merchant
11-30 22:34:43.180  1362  1408 V PackageManager: [OnlineConfig] DozeWhitelist pkg:com.sankuai.mhotel
11-30 22:34:43.180  1362  1408 D PackageManager: addDozeWhiteList: com.sankuai.mhotel
11-30 22:34:43.180  1362  1408 V PackageManager: [OnlineConfig] DozeWhitelist pkg:com.tencent.mm
11-30 22:34:43.180  1362  1408 D PackageManager: addDozeWhiteList: com.tencent.mm
11-30 22:34:43.180  1362  1408 V PackageManager: [OnlineConfig] DozeWhitelist pkg:com.tencent.mobileqq
11-30 22:34:43.180  1362  1408 D PackageManager: addDozeWhiteList: com.tencent.mobileqq
11-30 22:34:43.181  1362  1408 V PackageManager: [OnlineConfig] DozeWhitelist pkg:com.coomix.app.bus
11-30 22:34:43.181  1362  1408 D PackageManager: addDozeWhiteList: com.coomix.app.bus
11-30 22:34:43.181  1362  1408 V PackageManager: [OnlineConfig] DozeWhitelist pkg:com.funcity.taxi.passenger
11-30 22:34:43.181  1362  1408 D PackageManager: addDozeWhiteList: com.funcity.taxi.passenger
11-30 22:34:43.181  1362  1408 V PackageManager: [OnlineConfig] DozeWhitelist pkg:com.sdu.didi.psnge
11-30 22:34:43.182  1362  1408 D PackageManager: addDozeWhiteList: com.sdu.didi.psnge
11-30 22:34:43.182  1362  1408 V PackageManager: [OnlineConfig] DozeWhitelist pkg:com.oem.autotest
11-30 22:34:43.182  1362  1408 D PackageManager: addDozeWhiteList: com.oem.autotest
11-30 22:34:43.182  1362  1408 V PackageManager: [OnlineConfig] DozeWhitelist pkg:com.oppo.batterymetertool
11-30 22:34:43.182  1362  1408 D PackageManager: addDozeWhiteList: com.oppo.batterymetertool
11-30 22:34:43.183  1362  1408 V PackageManager: [OnlineConfig] DozeWhitelist updated complete
11-30 22:34:43.184   789   789 D spcomlib: [spcom_is_sp_subsystem_link_up] skp dev-node doesn't exist.
11-30 22:34:50.959   789   789 I chatty  : uid=1000(system) /vendor/bin/spdaemon identical 757 lines
11-30 22:34:50.969   789   789 D spcomlib: [spcom_is_sp_subsystem_link_up] skp dev-node doesn't exist.
11-30 22:34:50.976  1362  1981 W ActivityManager: Unable to start service Intent { act=com.google.android.gms.clearcut.bootcount.service.START cmp=com.google.android.gms/.chimera.PersistentBoundBrokerService } U=0: not found
11-30 22:34:50.977  1362  1981 W ActivityManager: Unbind failed: could not find connection for android.os.BinderProxy@ba36a61
11-30 22:34:50.980   789   789 D spcomlib: [spcom_is_sp_subsystem_link_up] skp dev-node doesn't exist.
11-30 22:34:50.981  3024  3292 E ActivityThread: Failed to find provider info for com.google.android.gsf.gservices
11-30 22:34:50.983  3024  3292 I chatty  : uid=10017(com.google.android.gms) GoogleApiHandle identical 1 line
11-30 22:34:50.984  3024  3292 E ActivityThread: Failed to find provider info for com.google.android.gsf.gservices
11-30 22:34:50.990   789   789 D spcomlib: [spcom_is_sp_subsystem_link_up] skp dev-node doesn't exist.
11-30 22:34:50.997  3024  3292 E ActivityThread: Failed to find provider info for com.google.android.gsf.gservices
11-30 22:34:51.000   789   789 D spcomlib: [spcom_is_sp_subsystem_link_up] skp dev-node doesn't exist.
11-30 22:34:51.004  3024  3292 E ActivityThread: Failed to find provider info for com.google.android.gsf.gservices
11-30 22:34:51.006  3024  3292 I chatty  : uid=10017(com.google.android.gms) GoogleApiHandle identical 2 lines
11-30 22:34:51.008  3024  3292 E ActivityThread: Failed to find provider info for com.google.android.gsf.gservices
11-30 22:34:51.010   789   789 D spcomlib: [spcom_is_sp_subsystem_link_up] skp dev-node doesn't exist.
11-30 22:34:51.015  3024  3292 E ActivityThread: Failed to find provider info for com.google.android.gsf.gservices
11-30 22:34:51.016  3024  3292 E ActivityThread: Failed to find provider info for com.google.android.gsf.gservices
11-30 22:34:51.020   789   789 D spcomlib: [spcom_is_sp_subsystem_link_up] skp dev-node doesn't exist.
11-30 22:34:51.022  3024  3077 E ActivityThread: Failed to find provider info for com.google.android.gsf.gservices
11-30 22:34:51.023  3024  3077 I chatty  : uid=10017 com.google.android.gms.persistent identical 3 lines
11-30 22:34:51.030  3024  3077 E ActivityThread: Failed to find provider info for com.google.android.gsf.gservices
11-30 22:34:51.030   789   789 D spcomlib: [spcom_is_sp_subsystem_link_up] skp dev-node doesn't exist.
11-30 22:34:51.031  3024  3077 E ActivityThread: Failed to find provider info for com.google.android.gsf.gservices
11-30 22:34:51.040  3024  3077 I chatty  : uid=10017 com.google.android.gms.persistent identical 4 lines
11-30 22:34:51.040  3024  3077 E ActivityThread: Failed to find provider info for com.google.android.gsf.gservices
11-30 22:34:51.041   789   789 D spcomlib: [spcom_is_sp_subsystem_link_up] skp dev-node doesn't exist.
11-30 22:34:51.050  3024  3077 E ActivityThread: Failed to find provider info for com.google.android.gsf.gservices
11-30 22:34:51.050  3024  3077 E ActivityThread: Failed to find provider info for com.google.android.gsf.gservices
11-30 22:34:51.051   789   789 D spcomlib: [spcom_is_sp_subsystem_link_up] skp dev-node doesn't exist.
11-30 22:34:51.051  3024  3077 E ActivityThread: Failed to find provider info for com.google.android.gsf.gservices
11-30 22:34:51.052  3024  3077 I chatty  : uid=10017 com.google.android.gms.persistent identical 1 line
11-30 22:34:51.059  3024  3077 E ActivityThread: Failed to find provider info for com.google.android.gsf.gservices
11-30 22:34:51.061   789   789 D spcomlib: [spcom_is_sp_subsystem_link_up] skp dev-node doesn't exist.
11-30 22:34:51.067  3024  3077 E ActivityThread: Failed to find provider info for com.google.android.gsf.gservices
11-30 22:34:51.069  3024  3077 I chatty  : uid=10017 com.google.android.gms.persistent identical 2 lines
11-30 22:34:51.071  3024  3077 E ActivityThread: Failed to find provider info for com.google.android.gsf.gservices
11-30 22:34:51.071   789   789 D spcomlib: [spcom_is_sp_subsystem_link_up] skp dev-node doesn't exist.
11-30 22:34:51.071  3024  3077 E ActivityThread: Failed to find provider info for com.google.android.gsf.gservices
11-30 22:34:51.072  3024  3077 I chatty  : uid=10017 com.google.android.gms.persistent identical 1 line
11-30 22:34:51.081  3024  3077 E ActivityThread: Failed to find provider info for com.google.android.gsf.gservices
11-30 22:34:51.081   789   789 D spcomlib: [spcom_is_sp_subsystem_link_up] skp dev-node doesn't exist.
11-30 22:34:51.082  3024  3077 E ActivityThread: Failed to find provider info for com.google.android.gsf.gservices
11-30 22:34:51.084  3024  3077 I chatty  : uid=10017 com.google.android.gms.persistent identical 3 lines
11-30 22:34:51.085  3024  3077 E ActivityThread: Failed to find provider info for com.google.android.gsf.gservices
11-30 22:34:51.091   789   789 D spcomlib: [spcom_is_sp_subsystem_link_up] skp dev-node doesn't exist.
11-30 22:34:55.369   789   789 I chatty  : uid=1000(system) /vendor/bin/spdaemon identical 411 lines
11-30 22:34:55.379   789   789 D spcomlib: [spcom_is_sp_subsystem_link_up] skp dev-node doesn't exist.
11-30 22:34:55.389   789   789 E spdaemon: Timeout wait for SP link UP.
11-30 22:34:55.389   789   789 E spdaemon: wait_for_sp_link_up failed. ret [-110].
11-30 22:34:55.389   789   789 E spdaemon: Loading SP Apps failed. ret [-110].
11-30 22:34:55.389   789   789 D spdaemon: going to sleep for a day.
11-30 22:34:58.949  1362  1981 W ActivityManager: Unable to start service Intent { act=android.intent.action.QUICKSTEP_SERVICE pkg=net.oneplus.launcher } U=0: not found
11-30 22:35:00.000  1362  1752 V AlarmManager: Triggering alarm #0: 3 when =86356 package =android operation =*alarm*:android.intent.action.TIME_TICK flags =0x1
11-30 22:35:01.033  1362  1922 D ConnectivityService: NetworkAgentInfo [WIFI () - 100] validation failed
11-30 22:35:04.987  1362  1752 V AlarmManager: Triggering alarm #0: 2 when =91343 package =com.google.android.gms operation =*walarm*:com.google.android.intent.action.GCM_RECONNECT flags =0x5
11-30 22:35:12.517  1362  1752 V AlarmManager: Triggering alarm #0: 2 when =98873 package =android operation = null listenTag =DhcpClient.wlan0.RENEW flags =0x9
11-30 22:35:12.589  1362  1922 I Nat464Xlat: Android Xlat enabled is doXlat=true
11-30 22:35:13.604  1362  1752 V AlarmManager: Triggering alarm #0: 2 when =97392 package =android operation = null listenTag =WriteBufferAlarm flags =0x8
11-30 22:35:13.604  1362  1752 V AlarmManager: Triggering alarm #1: 3 when =99960 package =android operation =*alarm*:com.android.server.NetworkTimeUpdateService.action.POLL flags =0x8
11-30 22:35:42.196   916  1081 E storaged: getDiskStats failed with result NOT_SUPPORTED and size 0
11-30 22:35:43.189  1362  1405 I DisplayPowerController: useProximityForceSuspend = false
11-30 22:35:43.189  1362  1405 D RestartProcessManager: Screen off is false
11-30 22:35:43.454  1362  1405 I DisplayPowerController: useProximityForceSuspend = false
11-30 22:35:43.454  1362  1405 D RestartProcessManager: Screen off is false
11-30 22:35:50.189  1362  1405 I PowerManagerService: Going to sleep due to screen timeout (uid 1000)...
11-30 22:35:50.192  1362  1405 I DisplayPowerController: useProximityForceSuspend = false
11-30 22:35:50.195  1362  1362 W UsageStatsService: Event reported without a package name
11-30 22:35:50.197  1362  1362 I WindowManager: Started going to sleep... (why=3)
11-30 22:35:50.329  1362  1405 I DisplayPowerController: useProximityForceSuspend = false
11-30 22:35:50.329  1362  1405 I DisplayPowerController: Blocking screen off
11-30 22:35:50.329  1362  1405 I DisplayPowerController: Unblocked screen off after 0 ms
11-30 22:35:50.329  1362  1405 I ColorBalanceService: MSG:2
11-30 22:35:50.330  1362  1999 D ColorBalanceService: MSG_SCREEN_OFF
11-30 22:35:50.330  1362  1999 I ColorBalanceService: processScreenOn:false reason = 2
11-30 22:35:50.330  1362  1999 I ColorBalanceService: setSRGBSensorEnabled:false
11-30 22:35:50.340  1362  1405 I WindowManager: Screen turned off...
11-30 22:35:50.344  1362  1382 W KernelCpuProcReader: File not exist: /proc/uid_cpupower/time_in_state
11-30 22:35:50.344  1362  1382 W KernelCpuProcReader: File not exist: /proc/uid_cpupower/concurrent_active_time
11-30 22:35:50.344  1362  1382 W KernelCpuProcReader: File not exist: /proc/uid_cpupower/concurrent_policy_time
11-30 22:35:50.363  1362  1405 D RestartProcessManager: Screen off is true
11-30 22:35:50.369  1362  1405 I DisplayPowerController: useProximityForceSuspend = false
11-30 22:35:50.369  1362  1403 I DisplayManagerService: Display device changed state: "Integrierter Bildschirm", OFF
11-30 22:35:50.369  1362  1405 D RestartProcessManager: Screen off is true
11-30 22:35:50.397  1251  1345 D QMI_FW  : chen-screen off: is_screen_off = 1 
11-30 22:35:50.397  1275  1334 D QMI_FW  : chen-screen off: is_screen_off = 1 
11-30 22:35:50.443  1362  1922 D ConnectivityService: NetworkAgentInfo [WIFI () - 100] validation failed
11-30 22:35:50.617  1362  1405 I DisplayPowerController: useProximityForceSuspend = false
11-30 22:35:50.617  1362  1405 D RestartProcessManager: Screen off is true
11-30 22:35:50.620  1362  1405 I PowerManagerService: Sleeping (uid 1000)...
11-30 22:35:50.621  1362  1362 I WindowManager: Finished going to sleep... (why=3)
11-30 22:35:50.624  1362  2619 E OPCS    : checkState mScreenState is error, correct to:false
11-30 22:35:50.625  1362  1362 D OnePlusPowerController: SCREEN is ON
11-30 22:35:50.679  1362  1362 D OnePlusPowerController: SCREEN is OFF
11-30 22:35:50.679  1362  1362 D OnePlusPowerController: mScreenOffStart=2020-11-30 22:35:50
11-30 22:35:50.720  1362  1981 W ActivityManager: Unable to start service Intent { act=com.google.android.gms.languageprofile.service.START pkg=com.google.android.gms } U=0: not found
11-30 22:35:50.721  1362  1981 W ActivityManager: Unbind failed: could not find connection for android.os.BinderProxy@4bb560d
11-30 22:35:50.723  1362  2381 W ActivityManager: Unable to start service Intent { act=nfk cmp=com.google.android.inputmethod.latin/com.google.android.libraries.micore.training.cache.service.TrainingCacheManagerService } U=0: not found
11-30 22:35:55.461  1362  3462 E OHPD    : [BgDetect] AppForkedProc rcu_sched pid 8 uid 0 can't find pkgName
11-30 22:35:55.461  1362  3462 E OHPD    : [BgDetect] AppForkedProc kworker/2:0 pid 23 uid 0 can't find pkgName
11-30 22:35:55.461  1362  3462 E OHPD    : [BgDetect] AppForkedProc msm_watchdog pid 86 uid 0 can't find pkgName
11-30 22:35:55.461  1362  3462 E OHPD    : [BgDetect] AppForkedProc kworker/3:1 pid 372 uid 0 can't find pkgName
11-30 22:35:55.461  1362  3462 E OHPD    : [BgDetect] AppForkedProc kworker/4:1H pid 536 uid 0 can't find pkgName
11-30 22:35:55.461  1362  3462 E OHPD    : [BgDetect] AppForkedProc healthd pid 732 uid 0 can't find pkgName
11-30 22:35:55.461  1362  3462 E OHPD    : [BgDetect] AppForkedProc android.hardware.audio@2.0-service pid 733 uid 1041 can't find pkgName
11-30 22:35:55.461  1362  3462 E OHPD    : [BgDetect] AppForkedProc rmt_storage pid 779 uid 9999 can't find pkgName
11-30 22:35:55.461  1362  3462 I ActivityManager: pid= 797 st.name = surfaceflinger cpuPercent = 16 st.rel_utime =8640 st.rel_stime =6390
11-30 22:35:55.461  1362  3462 E OHPD    : [BgDetect] AppForkedProc kworker/1:2 pid 806 uid 0 can't find pkgName
11-30 22:35:55.461  1362  3462 E OHPD    : [BgDetect] AppForkedProc kworker/0:3 pid 1281 uid 0 can't find pkgName
11-30 22:35:55.461  1362  3462 I ActivityManager: pid= 2405 st.name = ndroid.systemui cpuPercent = 68 st.rel_utime =57490 st.rel_stime =5490
11-30 22:35:55.461  1362  3462 E OHPD    : [BgDetect] AppForkedProc kworker/2:3 pid 3194 uid 0 can't find pkgName
11-30 22:36:03.826  1362  1362 D DevicePolicyManager: updateSystemUpdateFreezePeriodsRecord
11-30 22:36:03.826  1362  1362 W SyncManager: Clock is valid now.
11-30 22:36:03.827  1362  1362 D OPCS    : # mReceiver # onReceive # action=android.intent.action.TIME_SET
11-30 22:36:03.827  1362  1362 D ConditionProviders.SCP: onReceive android.intent.action.TIME_SET
11-30 22:36:03.827  1362  1362 D ConditionProviders.SCP: evaluateSubscriptionLocked cal=ScheduleCalendar[mDays={1, 2, 3, 4, 5, 6, 7}, mSchedule=ScheduleInfo{days=[1, 2, 3, 4, 5, 6, 7], startHour=22, startMinute=0, endHour=7, endMinute=0, exitAtAlarm=true, nextAlarm=Thu Jan 01 01:00:00 GMT+01:00 1970 (0)}], now=Mon Nov 30 22:36:03 GMT+01:00 2020 (1606772163827), nextUserAlarmTime=Thu Jan 01 01:00:00 GMT+01:00 1970 (0)
11-30 22:36:03.827  1362  1362 D ConditionProviders.SCP: notifyCondition condition://android/schedule?days=1.2.3.4.5.6.7&start=22.0&end=7.0&exitAtAlarm=true STATE_TRUE reason=meetsSchedule
11-30 22:36:03.828  1362  1752 V AlarmManager: Triggering alarm #0: 2 when =149832 package =com.google.android.gms operation =*walarm*:com.google.android.intent.action.GCM_RECONNECT flags =0x5
11-30 22:36:03.836  1362  1362 D ConditionProviders.SCP: Scheduling evaluate for Tue Dec 01 07:00:00 GMT+01:00 2020 (1606802400000), in +8h23m56s173ms, now=Mon Nov 30 22:36:03 GMT+01:00 2020 (1606772163827)
11-30 22:36:03.839  1362  1935 E ActivityThread: Failed to find provider info for com.android.calendar
11-30 22:36:03.840  1362  1935 E ActivityThread: Failed to find provider info for com.android.calendar
11-30 22:36:03.913  1362  1379 I ActivityManager: Start proc 3470:com.qualcomm.timeservice/u0a104 for broadcast com.qualcomm.timeservice/.TimeServiceBroadcastReceiver
11-30 22:36:07.727  3024  3076 E ActivityThread: Failed to find provider info for com.google.android.gsf.gservices
11-30 22:36:07.728  3024  3076 E ActivityThread: Failed to find provider info for com.google.android.gsf.gservices
11-30 22:36:08.412  1362  1382 W KernelCpuProcReader: File not exist: /proc/uid_cpupower/time_in_state
11-30 22:36:08.412  1362  1382 W KernelCpuProcReader: File not exist: /proc/uid_cpupower/concurrent_active_time
11-30 22:36:08.412  1362  1382 W KernelCpuProcReader: File not exist: /proc/uid_cpupower/concurrent_policy_time
11-30 22:36:08.473  1362  3490 E OHPD    : [BgDetect] AppForkedProc migration/5 pid 42 uid 0 can't find pkgName
11-30 22:36:08.473  1362  3490 E OHPD    : [BgDetect] AppForkedProc kworker/u16:7 pid 368 uid 0 can't find pkgName
11-30 22:36:12.961  1362  1752 V AlarmManager: Triggering alarm #0: 2 when =158930 package =android operation = null listenTag =DhcpClient.wlan0.RENEW flags =0x9
11-30 22:36:13.026  1362  1922 I Nat464Xlat: Android Xlat enabled is doXlat=true
11-30 22:37:13.361  1362  1752 V AlarmManager: Triggering alarm #0: 3 when =160964 package =android operation =*alarm*:com.android.server.NetworkTimeUpdateService.action.POLL flags =0x8
11-30 22:37:13.361  1362  1752 V AlarmManager: Triggering alarm #1: 3 when =206356 package =android operation =*alarm*:android.intent.action.TIME_TICK flags =0x1
11-30 22:37:13.361  1362  1752 V AlarmManager: Triggering alarm #2: 2 when =219362 package =android operation = null listenTag =DhcpClient.wlan0.RENEW flags =0x9
11-30 22:37:13.425  1362  1922 I Nat464Xlat: Android Xlat enabled is doXlat=true
11-30 22:38:13.763  1362  1752 V AlarmManager: Triggering alarm #0: 3 when =266356 package =android operation =*alarm*:android.intent.action.TIME_TICK flags =0x1
11-30 22:38:13.763  1362  1752 V AlarmManager: Triggering alarm #1: 2 when =279772 package =android operation = null listenTag =DhcpClient.wlan0.RENEW flags =0x9
11-30 22:38:13.823  1362  1922 I Nat464Xlat: Android Xlat enabled is doXlat=true
11-30 22:38:35.724  1362  1796 I PowerManagerService: Waking up from sleep (uid=1000 reason=android.policy:POWER)...
11-30 22:38:35.726  1362  1362 W UsageStatsService: Event reported without a package name
11-30 22:38:35.727  1362  1362 I WindowManager: Started waking up...
11-30 22:38:35.729  1362  1796 D DisplayManagerService: setWakingupReason: android.policy:POWER
11-30 22:38:35.730  1362  1405 I DisplayPowerController: useProximityForceSuspend = false
11-30 22:38:35.730  1362  1405 I ColorBalanceService: MSG:1
11-30 22:38:35.730  1362  1999 D ColorBalanceService: MSG_SCREEN_ON
11-30 22:38:35.731  1362  1999 I ColorBalanceService: processScreenOn:true reason = 2
11-30 22:38:35.731  1362  1999 I ColorBalanceService: isKeyguard =  true
11-30 22:38:35.731  1362  1999 I ColorBalanceService: has_fingerprint = false
11-30 22:38:35.737  1362  1362 D OnePlusPowerController: SCREEN is ON
11-30 22:38:35.738  1362  1362 D OnePlusPowerController: screen off duration: 165058
11-30 22:38:35.739  1362  1362 D OPSA    : ======BE_IMFORMED_SCREEN_ON======
11-30 22:38:35.759  1362  1405 I DisplayPowerController: Blocking screen on until initial contents have been drawn.
11-30 22:38:35.760  1362  1405 I WindowManager: Screen turning on...
11-30 22:38:35.765  1362  1382 W KernelCpuProcReader: File not exist: /proc/uid_cpupower/time_in_state
11-30 22:38:35.765  1362  1382 W KernelCpuProcReader: File not exist: /proc/uid_cpupower/concurrent_active_time
11-30 22:38:35.766  1362  1382 W KernelCpuProcReader: File not exist: /proc/uid_cpupower/concurrent_policy_time
11-30 22:38:35.780  1362  1405 D RestartProcessManager: Screen off is false
11-30 22:38:35.797  1362  2381 D WindowManager: mKeyguardDelegate.ShowListener.onDrawn.
11-30 22:38:35.797  1362  1378 W WindowManager: Setting mKeyguardDrawComplete
11-30 22:38:35.810  1362  1403 I DisplayManagerService: Display device changed state: "Integrierter Bildschirm", ON
11-30 22:38:35.810  1362  1405 I DisplayPowerController: useProximityForceSuspend = false
11-30 22:38:35.810  1362  1405 D RestartProcessManager: Screen off is false
11-30 22:38:35.836  1275  1334 D QMI_FW  : chen-screen on: is_screen_off = 0 
11-30 22:38:35.838  1251  1345 D QMI_FW  : chen-screen on: is_screen_off = 0 
11-30 22:38:35.843  1362  1403 I WindowManager: All windows ready for display!
11-30 22:38:35.843  1362  1378 W WindowManager: Setting mWindowManagerDrawComplete
11-30 22:38:35.854  1362  1378 D WindowManager: finishScreenTurningOn: mAwake=true, mScreenOnEarly=true, mScreenOnFully=false, mKeyguardDrawComplete=true, mWindowManagerDrawComplete=true, mKeyguardDelegate.isShowing()= true, mKeyguardDelegate.isFingerprintAuthenticating()= false
11-30 22:38:35.854  1362  1378 I WindowManager: Finished screen turning on...
11-30 22:38:35.854  1362  1405 I DisplayPowerController: Unblocked screen on after 95 ms
11-30 22:38:35.855  1362  1405 I DisplayPowerController: useProximityForceSuspend = false
11-30 22:38:35.855  1362  1405 D RestartProcessManager: Screen off is false
11-30 22:38:35.857  1362  1405 D AutomaticBrightnessController: setAmbientLux(4.0)
11-30 22:38:35.857  1362  1405 D AutomaticBrightnessController: updateAutoBrightness: value=0.05566897, mScreenAutoBrightness=30, newScreenAutoBrightness=14
11-30 22:38:35.857  1362  1405 I DisplayPowerController: useProximityForceSuspend = false
11-30 22:38:35.858  1362  1405 D RestartProcessManager: Screen off is false
11-30 22:38:35.858  1362  1405 I DisplayPowerController: useProximityForceSuspend = false
11-30 22:38:35.858  1362  1405 D RestartProcessManager: Screen off is false
11-30 22:38:35.859  1362  1362 V SettingsProvider: Notifying for 0: content://settings/system/screen_brightness
11-30 22:38:35.859  1362  1405 I DisplayPowerController: useProximityForceSuspend = false
11-30 22:38:35.859  1362  1405 D RestartProcessManager: Screen off is false
11-30 22:38:35.900  1362  1405 I DisplayPowerController: useProximityForceSuspend = false
11-30 22:38:35.900  1362  1405 D RestartProcessManager: Screen off is false
11-30 22:38:35.901  1362  1405 W PowerManagerService: Screen on took 248 ms
11-30 22:38:35.901  1362  1362 I WindowManager: Finished waking up...
11-30 22:38:36.903  1362  2381 D VibratorService: vibrate from 'com.android.systemui', usageHint = 13
11-30 22:38:36.922  1362  2381 D VibratorService: startTime: 30.11.2020, 22:38:36, effect: Waveform{mTimings=[0, 10], mAmplitudes=[0, 255], mRepeat=-1}, originalEffect: Waveform{mTimings=[0, 10], mAmplitudes=[0, -1], mRepeat=-1}, usageHint: 13, uid: 10021, opPkg: com.android.systemui
11-30 22:38:37.591  1362  1373 D VibratorService: vibrate from 'com.android.systemui', usageHint = 13
11-30 22:38:37.594  1362  1373 D VibratorService: startTime: 30.11.2020, 22:38:37, effect: Waveform{mTimings=[0, 10], mAmplitudes=[0, 255], mRepeat=-1}, originalEffect: Waveform{mTimings=[0, 10], mAmplitudes=[0, -1], mRepeat=-1}, usageHint: 13, uid: 10021, opPkg: com.android.systemui
11-30 22:38:37.902  1362  1373 D VibratorService: vibrate from 'com.android.systemui', usageHint = 13
11-30 22:38:37.908  1362  1373 D VibratorService: startTime: 30.11.2020, 22:38:37, effect: Waveform{mTimings=[0, 10], mAmplitudes=[0, 255], mRepeat=-1}, originalEffect: Waveform{mTimings=[0, 10], mAmplitudes=[0, -1], mRepeat=-1}, usageHint: 13, uid: 10021, opPkg: com.android.systemui
11-30 22:38:38.076  1362  1373 D VibratorService: vibrate from 'com.android.systemui', usageHint = 13
11-30 22:38:38.083  1362  1373 D VibratorService: startTime: 30.11.2020, 22:38:38, effect: Waveform{mTimings=[0, 10], mAmplitudes=[0, 255], mRepeat=-1}, originalEffect: Waveform{mTimings=[0, 10], mAmplitudes=[0, -1], mRepeat=-1}, usageHint: 13, uid: 10021, opPkg: com.android.systemui
11-30 22:38:38.434  1362  1373 D VibratorService: vibrate from 'com.android.systemui', usageHint = 13
11-30 22:38:38.439  1362  1373 D VibratorService: startTime: 30.11.2020, 22:38:38, effect: Waveform{mTimings=[0, 10], mAmplitudes=[0, 255], mRepeat=-1}, originalEffect: Waveform{mTimings=[0, 10], mAmplitudes=[0, -1], mRepeat=-1}, usageHint: 13, uid: 10021, opPkg: com.android.systemui
11-30 22:38:38.547   632   645 D vold    : e4crypt_unlock_user_key 0 serial=0 token_present=1
11-30 22:38:38.554   632   645 D vold    : Skipping non-key .
11-30 22:38:38.554   632   645 D vold    : Skipping non-key ..
11-30 22:38:38.554   632   645 D vold    : Trying user CE key /data/misc/vold/user_keys/ce/0/current
11-30 22:38:38.925  1362  2381 I ActivityManager: AppLocker: setKeyguardDone true
11-30 22:38:38.925  1362  2381 I ActivityManager: AppLocker: mHintConfirmed=false
11-30 22:38:38.929  1362  2381 I ActivityManager: AppLocker: mHintConfirmed=false
11-30 22:38:38.930  1362  1377 D RestartProcessManager: updateSelf :  com.android.settings, size : 30
11-30 22:38:38.937  1362  2381 I ActivityManager: AppLocker: mHintConfirmed=false
11-30 22:38:38.956  1362  2965 I StatusBarManagerService: pkg = com.android.systemui, mDisabled1 = 0, mDisabled2 =0,what =0
11-30 22:38:38.956  1362  1981 W UsageStatsService: Event reported without a package name
11-30 22:38:38.961  1362  1981 I OemSceneModeAmHelper: [scene] handleShowOrOccludedChanged showing false, occluded false
11-30 22:38:38.963  1362  1362 I OIMC    : notified , mode ReadMode changeTo 2
11-30 22:38:38.963  1362  1854 I OIMC    : The mode: ReadMode is not entered
11-30 22:38:38.964  1362  1362 I OIMC    : notified , mode GameMode changeTo 2
11-30 22:38:38.964  1362  1854 I OIMC    : The mode: GameMode is not entered
11-30 22:38:38.964  1362  1377 V UsbDeviceManager: onKeyguardStateChanged: isShowing:false secure:true user:0
11-30 22:38:38.965  1362  1752 V AlarmManager: Triggering alarm #0: 3 when =280726 package =android operation =*alarm*:com.android.server.NetworkTimeUpdateService.action.POLL flags =0x8
11-30 22:38:38.968  1362  1981 W ActivityManager: Unable to start service Intent { cmp=com.oneplus.faceunlock/.FaceUnlockService } U=0: not found
11-30 22:38:38.969  1362  2381 W ActivityManager: Unable to start service Intent { cmp=com.oneplus.faceunlock/.FaceSettingService } U=0: not found
11-30 22:38:38.970  2405  2405 V KeyguardDisplayManager: hide
11-30 22:38:38.974  1362  1377 W BroadcastQueue: Background execution not allowed: receiving Intent { act=android.intent.action.USER_PRESENT flg=0x24200010 } to com.google.android.gms/.chimera.GmsIntentOperationService$PersistentTrustedReceiver
11-30 22:38:38.982  1362  2381 D WindowManager: clear mDeferredHideWallpaper for newFocus:Window{62f1cfd u0 com.android.settings/com.android.settings.FallbackHome}
11-30 22:38:38.996  2383  3454 E ActivityThread: Failed to find provider info for user_dictionary
11-30 22:38:39.084   632   645 I vold    : List of Keymaster HALs found:
11-30 22:38:39.084   632   645 I vold    : Keymaster HAL #1: SoftwareWrappedKeymaster1Device from Google SecurityLevel: TRUSTED_ENVIRONMENT HAL: android.hardware.keymaster@3.0::IKeymasterDevice/default
11-30 22:38:39.084   632   645 I vold    : Using SoftwareWrappedKeymaster1Device from Google for encryption.  Security level: TRUSTED_ENVIRONMENT, HAL: android.hardware.keymaster@3.0::IKeymasterDevice/default
11-30 22:38:39.084   632   645 D vold    : Supplying auth token to Keymaster
11-30 22:38:39.110   632   645 D vold    : Successfully retrieved key
11-30 22:38:39.110   632   645 D vold    : Added key 928028575 (ext4:43425dc93d734488) to keyring 672813003 in process 632
11-30 22:38:39.110   632   645 D vold    : Added key 924261075 (f2fs:43425dc93d734488) to keyring 672813003 in process 632
11-30 22:38:39.110   632   645 D vold    : Added key 1046758421 (fscrypt:43425dc93d734488) to keyring 672813003 in process 632
11-30 22:38:39.110   632   645 D vold    : Installed ce key for user 0
11-30 22:38:39.111  1362  1373 D ActivityManager: Started unlocking user 0
11-30 22:38:39.111  1362  1373 D ActivityManager: Unlocking user 0 progress 0
11-30 22:38:39.111  1362  1373 D ActivityManager: Unlocking user 0 progress 5
11-30 22:38:39.113   632   645 D vold    : e4crypt_prepare_user_storage for volume null, user 0, serial 0, flags 2
11-30 22:38:39.113   632   645 D vold    : Preparing: /data/system_ce/0
11-30 22:38:39.113   632   645 D vold    : Preparing: /data/misc_ce/0
11-30 22:38:39.113   632   645 D vold    : Preparing: /data/vendor_ce/0
11-30 22:38:39.117   632   645 D vold    : Preparing: /data/media/0
11-30 22:38:39.117   632   645 D vold    : Preparing: /data/data
11-30 22:38:39.118   632   645 I vold    : Found policy 43425dc93d734488 at /data/system_ce/0 which matches expected value
11-30 22:38:39.119   632   645 I vold    : Found policy 43425dc93d734488 at /data/misc_ce/0 which matches expected value
11-30 22:38:39.119   632   645 I vold    : Policy for /data/vendor_ce/0 set to 43425dc93d734488 modes 127/4
11-30 22:38:39.120   632   645 I vold    : Found policy 43425dc93d734488 at /data/media/0 which matches expected value
11-30 22:38:39.120   632   645 I vold    : Found policy 43425dc93d734488 at /data/data which matches expected value
11-30 22:38:39.121   632   645 V vold    : Starting restorecon of /data/system_ce/0
11-30 22:38:39.128   632   645 V vold    : Finished restorecon of /data/system_ce/0
11-30 22:38:39.128   632   645 V vold    : Starting restorecon of /data/misc_ce/0
11-30 22:38:39.132   632   645 V vold    : Finished restorecon of /data/misc_ce/0
11-30 22:38:39.132   632   645 V vold    : /system/bin/vold_prepare_subdirs
11-30 22:38:39.132   632   645 V vold    :     prepare
11-30 22:38:39.132   632   645 V vold    :     
11-30 22:38:39.132   632   645 V vold    :     0
11-30 22:38:39.132   632   645 V vold    :     2
11-30 22:38:39.173  1362  1401 V UserDataPreparer: Found /data/user/0 with serial number 0
11-30 22:38:39.173  1362  1401 V UserDataPreparer: Found /data/system_ce/0 with serial number 0
11-30 22:38:39.174  1362  1401 D UserDataPreparer: Setting property: sys.user.0.ce_available=true
11-30 22:38:39.175  1362  1401 V PackageManager: reconcileAppsData for null u0 0x2 migrateAppData=false
11-30 22:38:39.432  1362  1362 V SettingsProvider: Notifying for 0: content://settings/system/game_mode_status_auto
11-30 22:38:39.432  1362  1362 V SettingsProvider: Notifying for 0: content://settings/system/rading_mode_status_auto
11-30 22:38:39.434  1362  1362 I OIMC    : notified , mode GameMode changeTo 2
11-30 22:38:39.434  1362  1854 I OIMC    : The mode: GameMode is not entered
11-30 22:38:39.435  1362  1362 I OIMC    : notified , mode ReadMode changeTo 2
11-30 22:38:39.435  1362  1854 I OIMC    : The mode: ReadMode is not entered
11-30 22:38:39.436  1362  1362 V SettingsProvider: Notifying for 0: content://settings/system/game_mode_status_auto
11-30 22:38:39.437  1362  1362 V SettingsProvider: Notifying for 0: content://settings/system/rading_mode_status_auto
11-30 22:38:39.813  1362  1401 V PackageManager: reconcileAppsData finished 205 packages
11-30 22:38:39.814  1362  1401 I ActivityManager: User 0 state changed from RUNNING_LOCKED to RUNNING_UNLOCKING
11-30 22:38:39.814  1362  1401 D ActivityManager: Unlocking user 0 progress 20
11-30 22:38:39.814  1362  1401 W Looper  : Slow dispatch took 703ms android.fg h=android.os.Handler c=com.android.server.am.-$$Lambda$UserController$o6oQFjGYYIfx-I94cSakTLPLt6s@c000882 m=0
11-30 22:38:39.814  1362  1377 I SystemServiceManager: Calling onUnlockUser u0
11-30 22:38:39.815  1362  1377 D BluetoothManagerService: User 0 unlocked
11-30 22:38:39.815  1362  1797 D BluetoothManagerService: MESSAGE_USER_UNLOCKED
11-30 22:38:39.815  1362  1377 D StorageManagerService: onUnlockUser 0
11-30 22:38:39.816   632   645 D vold    : linkPrimary : source.c_str() = /storage/emulated
11-30 22:38:39.816   632   645 D vold    : source.c_str() = /storage/emulated
11-30 22:38:39.816   632   645 D vold    : Linking /storage/emulated/0 to /mnt/user/0/primary
11-30 22:38:39.816   632   645 I vold    :  doMount(): fbe is decrypted, set internal SD ready property
11-30 22:38:39.846  1362  1856 D StorageManagerService: Volume emulated broadcasting mounted to UserHandle{0}
11-30 22:38:39.910  1362  1377 W SystemServiceManager: Service com.android.server.TextServicesManagerService$Lifecycle took 64 ms in onUnlockUser 
11-30 22:38:39.911  1362  1377 V UsbDeviceManager: onKeyguardStateChanged: isShowing:false secure:true user:0
11-30 22:38:39.913  1362  3518 V BackupManagerService: Starting with transport com.google.android.gms/.backup.BackupTransportService
11-30 22:38:39.922  1362  3518 E BackupPasswordManager: Unable to read backup pw version
11-30 22:38:39.923  1362  3518 E BackupPasswordManager: Unable to read saved backup pw hash
11-30 22:38:39.926  1362  3518 V BackupManagerService: No ancestral data
11-30 22:38:39.961  1362  3518 I BackupManagerService: Unlocking system user; mService=com.android.server.backup.BackupManagerService@5533d5c
11-30 22:38:39.974  1362  3518 I BackupManagerService: Backup enabled => false
11-30 22:38:39.976  1362  1377 I ActivityManager: User 0 state changed from RUNNING_UNLOCKING to RUNNING_UNLOCKED
11-30 22:38:39.977  1362  1362 W InputMethodManagerService: Illegal subtype state: old subtype = null, new subtype = android.view.inputmethod.InputMethodSubtype@70bfcd7e
11-30 22:38:39.977  1362  1377 D SystemServerTiming: SystemUserUnlock took to complete: 866ms
11-30 22:38:39.978  1362  1362 W Looper  : Slow dispatch took 163ms main h=android.os.Handler c=null m=5000
11-30 22:38:39.986  1362  3518 V BackupManagerConstants: getKeyValueBackupIntervalMilliseconds(...) returns 14400000
11-30 22:38:39.986  1362  3518 V BackupManagerConstants: getKeyValueBackupFuzzMilliseconds(...) returns 600000
11-30 22:38:39.986  1362  3518 V BackupManagerConstants: getKeyValueBackupRequiredNetworkType(...) returns 1
11-30 22:38:39.986  1362  3518 V BackupManagerConstants: getKeyValueBackupRequireCharging(...) returns true
11-30 22:38:39.986  1362  3518 V KeyValueBackupJob: Scheduling k/v pass in 243 minutes
11-30 22:38:39.986  1362  1379 I ActivityManager: Start proc 3520:com.google.android.googlequicksearchbox:interactor/u0a19 for service com.google.android.googlequicksearchbox/com.google.android.voiceinteraction.GsaVoiceInteractionService
11-30 22:38:40.012  1362  1377 I ActivityManager: Sending BOOT_COMPLETE user #0
11-30 22:38:40.015  1362  1379 I ActivityManager: Start proc 3528:com.android.nfc/1027 for added application com.android.nfc
11-30 22:38:40.040  1362  1379 I ActivityManager: Start proc 3550:com.android.se/1068 for added application com.android.se
11-30 22:38:40.047  1362  2381 I ActivityManager: START u0 {act=android.intent.action.MAIN cat=[android.intent.category.HOME] flg=0x10000100 cmp=net.oneplus.launcher/.Launcher} from uid 0 pid 0
11-30 22:38:40.085  1362  2381 I ActivityManager: AppLocker: mHintConfirmed=false
11-30 22:38:40.091  1362  1379 I ActivityManager: Start proc 3574:com.oneplus/u0a14 for added application com.oneplus
11-30 22:38:40.105  1362  1379 I ActivityManager: Start proc 3598:com.oneplus.opbugreportlite/1000 for added application com.oneplus.opbugreportlite
11-30 22:38:40.105  1362  1362 W NotificationListeners: Not binding notification listener service ComponentInfo{com.google.android.apps.restore/com.google.android.apps.pixelmigrate.component.NotificationConsolidatorService}: service not found
11-30 22:38:40.106  1362  1362 V NotificationAssistants: disabling notification assistant for user 0: ComponentInfo{com.google.android.ext.services/android.ext.services.notification.Assistant}
11-30 22:38:40.106  1362  1362 D NotificationListeners: Removing active service ComponentInfo{com.google.android.ext.services/android.ext.services.notification.Assistant}
11-30 22:38:40.109  1362  1362 V NotificationAssistants: enabling notification assistant for 0: ComponentInfo{com.google.android.ext.services/android.ext.services.notification.Assistant}
11-30 22:38:40.109  1362  1362 V NotificationAssistants: binding: Intent { act=android.service.notification.NotificationAssistantService cmp=com.google.android.ext.services/android.ext.services.notification.Assistant (has extras) }
11-30 22:38:40.121  1362  1379 I ActivityManager: Start proc 3610:net.oneplus.commonlogtool/1000 for added application net.oneplus.commonlogtool
11-30 22:38:40.143  1362  1379 I ActivityManager: Start proc 3634:com.oneplus.aod/1000 for added application com.oneplus.aod
11-30 22:38:40.156  1362  1379 I ActivityManager: Start proc 3654:com.google.process.gservices/u0a17 for content provider com.google.android.gsf/.gservices.GservicesProvider
11-30 22:38:40.167  1362  1379 I ActivityManager: Start proc 3669:android.process.media/u0a15 for broadcast com.android.providers.downloads/.DownloadReceiver
11-30 22:38:40.181  1362  1379 I ActivityManager: Start proc 3683:com.oneplus.note/u0a109 for broadcast com.oneplus.note/.service.AlarmNotificationReceiver
11-30 22:38:40.192  1362  1379 I ActivityManager: Start proc 3706:com.android.smspush/u0a62 for service com.android.smspush/.WapPushManager
11-30 22:38:40.217  1362  1379 I ActivityManager: Start proc 3733:net.oneplus.launcher/u0a29 for activity net.oneplus.launcher/.Launcher
11-30 22:38:40.222  1362  1401 I OHPD    : updateWidgetPackage pkgName net.oneplus.widget add true
11-30 22:38:40.222  1362  1401 I OHPD    : updateWidgetPackage pkgName com.google.android.googlequicksearchbox add true
11-30 22:38:40.226  1362  1401 I AppWidgetServiceImpl: Async processing of onUserUnlocked u0 took 312 ms
11-30 22:38:40.226  1362  1401 W Looper  : Slow dispatch took 312ms android.fg h=android.os.Handler c=com.android.server.appwidget.-$$Lambda$AppWidgetService$HIwvoPMyKqEhLVIiysgUKH8QJg8@90ad26a m=0
11-30 22:38:40.226  1362  1401 I ActivityManager: Loading recents for user 0 into memory.
11-30 22:38:40.244  1362  1401 W Looper  : Slow delivery took 250ms android.fg h=android.os.Handler c=com.android.server.am.-$$Lambda$UserController$Eh5Od1-6teHInq04bnfmHhMt3-E@db4135b m=0
11-30 22:38:40.244  1362  1401 W Looper  : Drained
11-30 22:38:40.245  1362  2779 D ActivityManager: # addPackageDependency # packageName=com.android.providers.media -> proc: ProcessRecord{3738866 3669:android.process.media/u0a15}
11-30 22:38:40.246  1362  1379 I ActivityManager: Start proc 3749:com.android.printspooler/u0a87 for service com.android.printspooler/.model.PrintSpoolerService
11-30 22:38:40.328  1362  1362 W Looper  : Slow dispatch took 143ms main h=android.app.ActivityThread$H c=null m=114
11-30 22:38:40.332  1362  1362 W Looper  : Slow delivery took 293ms main h=android.app.ActivityThread$H c=null m=121
11-30 22:38:40.334  1362  1362 D OnePlusDuallteManager: # mGeneralReceiver # onReceive # action=android.intent.action.SIM_STATE_CHANGED
11-30 22:38:40.335  1362  1362 I Telecom : TelecomSystem: sim change broadcast: TSDial.oR@AEU
11-30 22:38:40.336  1362  1362 I Telecom : CallsManager: getPhoneStateListener phoneId : 0subId : 2147483643: TSDial.oR@AEU
11-30 22:38:40.337  1362  1362 I Telecom : CallsManager: getPhoneStateListener phoneId : 1subId : 2147483644: TSDial.oR@AEU
11-30 22:38:40.340  1362  1362 D OnePlusDuallteManager: # mGeneralReceiver # onReceive # action=android.intent.action.SIM_STATE_CHANGED
11-30 22:38:40.341  1362  1362 I Telecom : TelecomSystem: sim change broadcast: TSDial.oR@AEY
11-30 22:38:40.342  1362  1362 I Telecom : CallsManager: getPhoneStateListener phoneId : 0subId : 2147483643: TSDial.oR@AEY
11-30 22:38:40.344  1362  1362 I Telecom : CallsManager: getPhoneStateListener phoneId : 1subId : 2147483644: TSDial.oR@AEY
11-30 22:38:40.352  1362  3792 W ActivityManager: Unable to start service Intent { act=android.intent.action.BOOT_COMPLETED cmp=com.qualcomm.location.XT/.XTSrv } U=0: not found
11-30 22:38:40.359  1362  1362 I Telecom : CallsManager: onServiceStateChanged networkType: 0
11-30 22:38:40.359  1362  1362 I Telecom : CallsManager: onImsCapabilityStatusChange
11-30 22:38:40.359  1362  1362 I Telecom : CallsManager: i: 0mIsVolte[i]: false, mIsVoWiFi[i]: false
11-30 22:38:40.359  1362  1362 I Telecom : CallsManager: onServiceStateChanged networkType: 0
11-30 22:38:40.359  1362  1362 I Telecom : CallsManager: onImsCapabilityStatusChange
11-30 22:38:40.359  1362  1362 I Telecom : CallsManager: i: 1mIsVolte[i]: false, mIsVoWiFi[i]: false
11-30 22:38:40.359  1362  1362 I Telecom : CallsManager: onServiceStateChanged networkType: 0
11-30 22:38:40.359  1362  1362 I Telecom : CallsManager: onImsCapabilityStatusChange
11-30 22:38:40.359  1362  1362 I Telecom : CallsManager: i: 0mIsVolte[i]: false, mIsVoWiFi[i]: false
11-30 22:38:40.359  1362  1362 I Telecom : CallsManager: onServiceStateChanged networkType: 0
11-30 22:38:40.359  1362  1362 I Telecom : CallsManager: onImsCapabilityStatusChange
11-30 22:38:40.359  1362  1362 I Telecom : CallsManager: i: 1mIsVolte[i]: false, mIsVoWiFi[i]: false
11-30 22:38:40.370  1362  1362 W Looper  : Drained
11-30 22:38:40.371  1362  3792 W LocationProviderProxy-network: Odd, no component found for service com.android.location.service.v3.NetworkLocationProvider
11-30 22:38:40.387  1362  1379 I ActivityManager: Start proc 3821:com.android.keychain/1000 for service com.android.keychain/.KeyChainService
11-30 22:38:40.400  1362  1379 I ActivityManager: Start proc 3839:com.google.android.apps.photos/u0a99 for broadcast com.google.android.apps.photos/.sdcard.envcache.ExternalStorageStateChangeBroadcastReceiver
11-30 22:38:40.432  1362  1379 I ActivityManager: Start proc 3853:com.google.android.googlequicksearchbox:search/u0a19 for content provider com.google.android.googlequicksearchbox/com.google.android.apps.gsa.staticplugins.publiccontent.GsaPublicContentProvider
11-30 22:38:40.468  1362  1379 I ActivityManager: Start proc 3882:com.oneplus.brickmode/1000 for broadcast com.oneplus.brickmode/.receiver.BreathCheckReceiver
11-30 22:38:40.524  1362  3513 D ConnectivityService: Returning BLOCKED NetworkInfo to uid=10069
11-30 22:38:40.533  1362  2779 D ConnectivityService: requestNetwork for uid/pid:10069/2383 NetworkRequest [ TRACK_DEFAULT id=15, [ Capabilities: INTERNET&NOT_RESTRICTED&TRUSTED Unwanted:  Uid: 10069] ]
11-30 22:38:40.586  1362  2965 W WallpaperManagerService: Cannot extract colors because wallpaper could not be read.
11-30 22:38:40.586  1362  2965 W WallpaperManagerService: Cannot get theme colors because WallpaperColors is null.
11-30 22:38:40.587  1362  1362 V SettingsProvider: Notifying for 0: content://settings/system/game_mode_status_auto
11-30 22:38:40.588  1362  1362 V SettingsProvider: Notifying for 0: content://settings/system/rading_mode_status_auto
11-30 22:38:40.590  1362  1362 I OIMC    : notified , mode GameMode changeTo 2
11-30 22:38:40.591  1362  1854 I OIMC    : The mode: GameMode is not entered
11-30 22:38:40.591  1362  1362 I OIMC    : notified , mode ReadMode changeTo 2
11-30 22:38:40.591  1362  1854 I OIMC    : The mode: ReadMode is not entered
11-30 22:38:40.592  1362  1362 V SettingsProvider: Notifying for 0: content://settings/system/game_mode_status_auto
11-30 22:38:40.592  1362  1362 V SettingsProvider: Notifying for 0: content://settings/system/rading_mode_status_auto
11-30 22:38:40.624  1362  1379 I ActivityManager: Start proc 3955:com.oneplus.card/u0a79 for broadcast com.oneplus.card/.broadcast.BootBroadcastReceiver
11-30 22:38:40.666  1362  1379 I ActivityManager: Start proc 3977:com.google.process.gapps/u0a17 for content provider com.google.android.gsf/.settings.GoogleSettingsProvider
11-30 22:38:40.724  1362  1379 I ActivityManager: Start proc 4004:com.oneplus.backuprestore/u0a107 for broadcast com.oneplus.backuprestore/.SDCardReceiver
11-30 22:38:40.765  1362  2688 D ConnectivityService: Returning BLOCKED NetworkInfo to uid=10099
11-30 22:38:40.771  1362  3513 D ActivityManager: setRequestedOrientation() to 1 for ActivityRecord{c27225 u0 net.oneplus.launcher/.Launcher t2} from pid=3733, uid=10029
11-30 22:38:40.783  1362  1379 I ActivityManager: Start proc 4035:net.oneplus.weather/u0a106 for content provider net.oneplus.weather/.provider.WeatherDataSharedProvider
11-30 22:38:40.819  1362  1379 I ActivityManager: Start proc 4056:com.oneplus.opbackup/1000 for broadcast com.oneplus.opbackup/.receiver.CheckUpdateReceiver
11-30 22:38:40.908  4004  4091 E ActivityThread: Failed to find provider info for com.nearme.romupdate.provider.db
11-30 22:38:40.948  1362  1379 I ActivityManager: Start proc 4108:android.process.acore/u0a13 for content provider com.android.providers.userdictionary/.UserDictionaryProvider
11-30 22:38:40.952  2574  2574 W ContextImpl: Calling a method in the system process without a qualified user: android.app.ContextImpl.startService:1549 android.content.ContextWrapper.startService:664 android.content.ContextWrapper.startService:664 com.qti.dpmserviceapp.DpmServiceAppReceiver.onReceive:33 android.app.ActivityThread.handleReceiver:3517 
11-30 22:38:40.954  4056  4056 W ContextImpl: Calling a method in the system process without a qualified user: android.app.ContextImpl.startService:1549 android.content.ContextWrapper.startService:664 com.oneplus.opbackup.OTApplication.onCreate:89 android.app.Instrumentation.callApplicationOnCreate:1165 android.app.ActivityThread.handleBindApplication:6074 
11-30 22:38:40.956  1362  4105 I BootReceiver: Copying /sys/fs/pstore/console-ramoops-0 to DropBox (SYSTEM_LAST_KMSG)
11-30 22:38:40.968  1362  4105 I BootReceiver: Copying audit failures to DropBox
11-30 22:38:40.973  1362  4105 I BootReceiver: Copied 168 worth of audits to DropBox
11-30 22:38:40.978  1362  4105 I BootReceiver: Checking for fsck errors
11-30 22:38:40.978  1362  4105 I BootReceiver: fs_stat, partition:userdata stat:0x3
11-30 22:38:40.978  1362  4105 I BootReceiver: fs_stat, partition:dsp stat:0x3
11-30 22:38:40.978  1362  4105 I BootReceiver: fs_stat, partition:persist stat:0x1
11-30 22:38:40.978  1362  4105 I BootReceiver: fs_stat, partition:cache stat:0x1
11-30 22:38:40.981  1362  1379 I ActivityManager: Start proc 4131:com.android.dialer/u0a49 for broadcast com.android.dialer/.app.calllog.CallLogReceiver
11-30 22:38:40.986  1362  4105 I BootReceiver: Copying /data/tombstones/tombstone_09 to DropBox (SYSTEM_TOMBSTONE)
11-30 22:38:40.990  4056  4056 W ContextImpl: Calling a method in the system process without a qualified user: android.app.ContextImpl.startService:1549 android.content.ContextWrapper.startService:664 android.content.ContextWrapper.startService:664 com.oneplus.opbackup.service.BackupService.a:44 com.oneplus.opbackup.receiver.CheckUpdateReceiver.a:197 
11-30 22:38:40.995  3598  3598 W ContextImpl: Calling a method in the system process without a qualified user: android.app.ContextImpl.startService:1549 android.content.ContextWrapper.startService:664 android.content.ContextWrapper.startService:664 com.oneplus.opbugreportlite.OPReportReceiver.onReceive:26 android.app.ActivityThread.handleReceiver:3517 
11-30 22:38:41.006  1362  4105 I BootReceiver: Copying /data/tombstones/tombstone_07 to DropBox (SYSTEM_TOMBSTONE)
11-30 22:38:41.011  1362  1752 V AlarmManager: Triggering alarm #0: 2 when =306721 package =android operation = null listenTag =*job.delay* flags =0x0
11-30 22:38:41.019  1362  3580 D ActivityManager: # addPackageDependency # packageName=com.android.providers.contacts -> proc: ProcessRecord{27714dc 4108:android.process.acore/u0a13}
